Expression	Value	Location	Type	
robot	<struct>	0x2000'0000	RobotDrive_t	
rxBuffer	<array>"2\n20.00,0.00,6.2772\n20.00,0.00,6.2772\n20.00,0.00,6.2707\n20.0..."	0x2000'01f0	uint8_t[200]	
[0]	'2' (0x32)	0x2000'01f0	uint8_t	
[1]	'\n' (0x0A)	0x2000'01f1	uint8_t	
[2]	'2' (0x32)	0x2000'01f2	uint8_t	
[3]	'0' (0x30)	0x2000'01f3	uint8_t	
[4]	'.' (0x2E)	0x2000'01f4	uint8_t	
[5]	'0' (0x30)	0x2000'01f5	uint8_t	
[6]	'0' (0x30)	0x2000'01f6	uint8_t	
[7]	',' (0x2C)	0x2000'01f7	uint8_t	
[8]	'0' (0x30)	0x2000'01f8	uint8_t	
[9]	'.' (0x2E)	0x2000'01f9	uint8_t	
[10]	'0' (0x30)	0x2000'01fa	uint8_t	
[11]	'0' (0x30)	0x2000'01fb	uint8_t	
[12]	',' (0x2C)	0x2000'01fc	uint8_t	
[13]	'6' (0x36)	0x2000'01fd	uint8_t	
[14]	'.' (0x2E)	0x2000'01fe	uint8_t	
[15]	'2' (0x32)	0x2000'01ff	uint8_t	
[16]	'7' (0x37)	0x2000'0200	uint8_t	
[17]	'7' (0x37)	0x2000'0201	uint8_t	
[18]	'2' (0x32)	0x2000'0202	uint8_t	
[19]	'\n' (0x0A)	0x2000'0203	uint8_t	
[20]	'2' (0x32)	0x2000'0204	uint8_t	
[21]	'0' (0x30)	0x2000'0205	uint8_t	
[22]	'.' (0x2E)	0x2000'0206	uint8_t	
[23]	'0' (0x30)	0x2000'0207	uint8_t	
[24]	'0' (0x30)	0x2000'0208	uint8_t	
[25]	',' (0x2C)	0x2000'0209	uint8_t	
[26]	'0' (0x30)	0x2000'020a	uint8_t	
[27]	'.' (0x2E)	0x2000'020b	uint8_t	
[28]	'0' (0x30)	0x2000'020c	uint8_t	
[29]	'0' (0x30)	0x2000'020d	uint8_t	
[30]	',' (0x2C)	0x2000'020e	uint8_t	
[31]	'6' (0x36)	0x2000'020f	uint8_t	
[32]	'.' (0x2E)	0x2000'0210	uint8_t	
[33]	'2' (0x32)	0x2000'0211	uint8_t	
[34]	'7' (0x37)	0x2000'0212	uint8_t	
[35]	'7' (0x37)	0x2000'0213	uint8_t	
[36]	'2' (0x32)	0x2000'0214	uint8_t	
[37]	'\n' (0x0A)	0x2000'0215	uint8_t	
[38]	'2' (0x32)	0x2000'0216	uint8_t	
[39]	'0' (0x30)	0x2000'0217	uint8_t	
[40]	'.' (0x2E)	0x2000'0218	uint8_t	
[41]	'0' (0x30)	0x2000'0219	uint8_t	
[42]	'0' (0x30)	0x2000'021a	uint8_t	
[43]	',' (0x2C)	0x2000'021b	uint8_t	
[44]	'0' (0x30)	0x2000'021c	uint8_t	
[45]	'.' (0x2E)	0x2000'021d	uint8_t	
[46]	'0' (0x30)	0x2000'021e	uint8_t	
[47]	'0' (0x30)	0x2000'021f	uint8_t	
[48]	',' (0x2C)	0x2000'0220	uint8_t	
[49]	'6' (0x36)	0x2000'0221	uint8_t	
[50]	'.' (0x2E)	0x2000'0222	uint8_t	
[51]	'2' (0x32)	0x2000'0223	uint8_t	
[52]	'7' (0x37)	0x2000'0224	uint8_t	
[53]	'0' (0x30)	0x2000'0225	uint8_t	
[54]	'7' (0x37)	0x2000'0226	uint8_t	
[55]	'\n' (0x0A)	0x2000'0227	uint8_t	
[56]	'2' (0x32)	0x2000'0228	uint8_t	
[57]	'0' (0x30)	0x2000'0229	uint8_t	
[58]	'.' (0x2E)	0x2000'022a	uint8_t	
[59]	'0' (0x30)	0x2000'022b	uint8_t	
[60]	'0' (0x30)	0x2000'022c	uint8_t	
[61]	',' (0x2C)	0x2000'022d	uint8_t	
[62]	'0' (0x30)	0x2000'022e	uint8_t	
[63]	'.' (0x2E)	0x2000'022f	uint8_t	
[64]	'0' (0x30)	0x2000'0230	uint8_t	
[65]	'0' (0x30)	0x2000'0231	uint8_t	
[66]	',' (0x2C)	0x2000'0232	uint8_t	
[67]	'6' (0x36)	0x2000'0233	uint8_t	
[68]	'.' (0x2E)	0x2000'0234	uint8_t	
[69]	'2' (0x32)	0x2000'0235	uint8_t	
[70]	'6' (0x36)	0x2000'0236	uint8_t	
[71]	'7' (0x37)	0x2000'0237	uint8_t	
[72]	'5' (0x35)	0x2000'0238	uint8_t	
[73]	'\n' (0x0A)	0x2000'0239	uint8_t	
[74]	'2' (0x32)	0x2000'023a	uint8_t	
[75]	'0' (0x30)	0x2000'023b	uint8_t	
[76]	'.' (0x2E)	0x2000'023c	uint8_t	
[77]	'0' (0x30)	0x2000'023d	uint8_t	
[78]	'0' (0x30)	0x2000'023e	uint8_t	
[79]	',' (0x2C)	0x2000'023f	uint8_t	
[80]	'0' (0x30)	0x2000'0240	uint8_t	
[81]	'.' (0x2E)	0x2000'0241	uint8_t	
[82]	'0' (0x30)	0x2000'0242	uint8_t	
[83]	'0' (0x30)	0x2000'0243	uint8_t	
[84]	',' (0x2C)	0x2000'0244	uint8_t	
[85]	'6' (0x36)	0x2000'0245	uint8_t	
[86]	'.' (0x2E)	0x2000'0246	uint8_t	
[87]	'2' (0x32)	0x2000'0247	uint8_t	
[88]	'6' (0x36)	0x2000'0248	uint8_t	
[89]	'7' (0x37)	0x2000'0249	uint8_t	
[90]	'5' (0x35)	0x2000'024a	uint8_t	
[91]	'\n' (0x0A)	0x2000'024b	uint8_t	
[92]	'2' (0x32)	0x2000'024c	uint8_t	
[93]	'0' (0x30)	0x2000'024d	uint8_t	
[94]	'.' (0x2E)	0x2000'024e	uint8_t	
[95]	'0' (0x30)	0x2000'024f	uint8_t	
[96]	'0' (0x30)	0x2000'0250	uint8_t	
[97]	',' (0x2C)	0x2000'0251	uint8_t	
[98]	'0' (0x30)	0x2000'0252	uint8_t	
[99]	'.' (0x2E)	0x2000'0253	uint8_t	
[100]	'0' (0x30)	0x2000'0254	uint8_t	
[101]	'0' (0x30)	0x2000'0255	uint8_t	
[102]	',' (0x2C)	0x2000'0256	uint8_t	
[103]	'6' (0x36)	0x2000'0257	uint8_t	
[104]	'.' (0x2E)	0x2000'0258	uint8_t	
[105]	'2' (0x32)	0x2000'0259	uint8_t	
[106]	'6' (0x36)	0x2000'025a	uint8_t	
[107]	'7' (0x37)	0x2000'025b	uint8_t	
[108]	'5' (0x35)	0x2000'025c	uint8_t	
[109]	'\n' (0x0A)	0x2000'025d	uint8_t	
[110]	'2' (0x32)	0x2000'025e	uint8_t	
[111]	'0' (0x30)	0x2000'025f	uint8_t	
[112]	'.' (0x2E)	0x2000'0260	uint8_t	
[113]	'0' (0x30)	0x2000'0261	uint8_t	
[114]	'0' (0x30)	0x2000'0262	uint8_t	
[115]	',' (0x2C)	0x2000'0263	uint8_t	
[116]	'0' (0x30)	0x2000'0264	uint8_t	
[117]	'.' (0x2E)	0x2000'0265	uint8_t	
[118]	'0' (0x30)	0x2000'0266	uint8_t	
[119]	'0' (0x30)	0x2000'0267	uint8_t	
[120]	',' (0x2C)	0x2000'0268	uint8_t	
[121]	'6' (0x36)	0x2000'0269	uint8_t	
[122]	'.' (0x2E)	0x2000'026a	uint8_t	
[123]	'2' (0x32)	0x2000'026b	uint8_t	
[124]	'7' (0x37)	0x2000'026c	uint8_t	
[125]	'0' (0x30)	0x2000'026d	uint8_t	
[126]	'6' (0x36)	0x2000'026e	uint8_t	
[127]	'\n' (0x0A)	0x2000'026f	uint8_t	
[128]	'0' (0x30)	0x2000'0270	uint8_t	
[129]	'.' (0x2E)	0x2000'0271	uint8_t	
[130]	'0' (0x30)	0x2000'0272	uint8_t	
[131]	'0' (0x30)	0x2000'0273	uint8_t	
[132]	',' (0x2C)	0x2000'0274	uint8_t	
[133]	'0' (0x30)	0x2000'0275	uint8_t	
[134]	'.' (0x2E)	0x2000'0276	uint8_t	
[135]	'0' (0x30)	0x2000'0277	uint8_t	
[136]	'0' (0x30)	0x2000'0278	uint8_t	
[137]	',' (0x2C)	0x2000'0279	uint8_t	
[138]	'0' (0x30)	0x2000'027a	uint8_t	
[139]	'.' (0x2E)	0x2000'027b	uint8_t	
[140]	'0' (0x30)	0x2000'027c	uint8_t	
[141]	'0' (0x30)	0x2000'027d	uint8_t	
[142]	'0' (0x30)	0x2000'027e	uint8_t	
[143]	'0' (0x30)	0x2000'027f	uint8_t	
[144]	'\n' (0x0A)	0x2000'0280	uint8_t	
[145]	'0' (0x30)	0x2000'0281	uint8_t	
[146]	'.' (0x2E)	0x2000'0282	uint8_t	
[147]	'0' (0x30)	0x2000'0283	uint8_t	
[148]	'0' (0x30)	0x2000'0284	uint8_t	
[149]	',' (0x2C)	0x2000'0285	uint8_t	
[150]	'0' (0x30)	0x2000'0286	uint8_t	
[151]	'.' (0x2E)	0x2000'0287	uint8_t	
[152]	'0' (0x30)	0x2000'0288	uint8_t	
[153]	'0' (0x30)	0x2000'0289	uint8_t	
[154]	',' (0x2C)	0x2000'028a	uint8_t	
[155]	'0' (0x30)	0x2000'028b	uint8_t	
[156]	'.' (0x2E)	0x2000'028c	uint8_t	
[157]	'0' (0x30)	0x2000'028d	uint8_t	
[158]	'0' (0x30)	0x2000'028e	uint8_t	
[159]	'0' (0x30)	0x2000'028f	uint8_t	
[160]	'0' (0x30)	0x2000'0290	uint8_t	
[161]	'\n' (0x0A)	0x2000'0291	uint8_t	
[162]	'0' (0x30)	0x2000'0292	uint8_t	
[163]	'.' (0x2E)	0x2000'0293	uint8_t	
[164]	'0' (0x30)	0x2000'0294	uint8_t	
[165]	'0' (0x30)	0x2000'0295	uint8_t	
[166]	',' (0x2C)	0x2000'0296	uint8_t	
[167]	'0' (0x30)	0x2000'0297	uint8_t	
[168]	'.' (0x2E)	0x2000'0298	uint8_t	
[169]	'0' (0x30)	0x2000'0299	uint8_t	
[170]	'0' (0x30)	0x2000'029a	uint8_t	
[171]	',' (0x2C)	0x2000'029b	uint8_t	
[172]	'0' (0x30)	0x2000'029c	uint8_t	
[173]	'.' (0x2E)	0x2000'029d	uint8_t	
[174]	'0' (0x30)	0x2000'029e	uint8_t	
[175]	'0' (0x30)	0x2000'029f	uint8_t	
[176]	'0' (0x30)	0x2000'02a0	uint8_t	
[177]	'0' (0x30)	0x2000'02a1	uint8_t	
[178]	'\n' (0x0A)	0x2000'02a2	uint8_t	
[179]	'2' (0x32)	0x2000'02a3	uint8_t	
[180]	'7' (0x37)	0x2000'02a4	uint8_t	
[181]	'7' (0x37)	0x2000'02a5	uint8_t	
[182]	'2' (0x32)	0x2000'02a6	uint8_t	
[183]	'\n' (0x0A)	0x2000'02a7	uint8_t	
[184]	'2' (0x32)	0x2000'02a8	uint8_t	
[185]	'0' (0x30)	0x2000'02a9	uint8_t	
[186]	'.' (0x2E)	0x2000'02aa	uint8_t	
[187]	'0' (0x30)	0x2000'02ab	uint8_t	
[188]	'0' (0x30)	0x2000'02ac	uint8_t	
[189]	',' (0x2C)	0x2000'02ad	uint8_t	
[190]	'0' (0x30)	0x2000'02ae	uint8_t	
[191]	'.' (0x2E)	0x2000'02af	uint8_t	
[192]	'0' (0x30)	0x2000'02b0	uint8_t	
[193]	'0' (0x30)	0x2000'02b1	uint8_t	
[194]	',' (0x2C)	0x2000'02b2	uint8_t	
[195]	'6' (0x36)	0x2000'02b3	uint8_t	
[196]	'.' (0x2E)	0x2000'02b4	uint8_t	
[197]	'2' (0x32)	0x2000'02b5	uint8_t	
[198]	'7' (0x37)	0x2000'02b6	uint8_t	
[199]	'\0' (0x00)	0x2000'02b7	uint8_t	
v_robot	773.0	0x2000'0820	float	
w_robot	6.277'400'02	0x2000'0824	float	
theta_robot	1.310'000'01E-2	0x2000'0828	float	
vx	0.0	0x2000'082c	float	
vy	0.0	0x2000'0830	float	
v_fl	0.0	0x2000'0834	float	
v_fr	0.0	0x2000'0838	float	
v_rl	0.0	0x2000'083c	float	
v_rr	0.0	0x2000'0840	float	
txBuffer	<array>"0.000,0.000,0.000,0.000,0.000,0.000\n"	0x2000'02b8	uint8_t[200]	
hrxdata.isReadData	1	0x2000'01ec	bool	
hrxdata.rxData	<array>"773\n20.00,0.00,6.2773\n20.00,0.00,6.2773\n20.00,0.00,6.2772\n20..."	0x2000'0124	uint8_t[200]	
[0]	'7' (0x37)	0x2000'0124	uint8_t	
[1]	'7' (0x37)	0x2000'0125	uint8_t	
[2]	'3' (0x33)	0x2000'0126	uint8_t	
[3]	'\n' (0x0A)	0x2000'0127	uint8_t	
[4]	'2' (0x32)	0x2000'0128	uint8_t	
[5]	'0' (0x30)	0x2000'0129	uint8_t	
[6]	'.' (0x2E)	0x2000'012a	uint8_t	
[7]	'0' (0x30)	0x2000'012b	uint8_t	
[8]	'0' (0x30)	0x2000'012c	uint8_t	
[9]	',' (0x2C)	0x2000'012d	uint8_t	
[10]	'0' (0x30)	0x2000'012e	uint8_t	
[11]	'.' (0x2E)	0x2000'012f	uint8_t	
[12]	'0' (0x30)	0x2000'0130	uint8_t	
[13]	'0' (0x30)	0x2000'0131	uint8_t	
[14]	',' (0x2C)	0x2000'0132	uint8_t	
[15]	'6' (0x36)	0x2000'0133	uint8_t	
[16]	'.' (0x2E)	0x2000'0134	uint8_t	
[17]	'2' (0x32)	0x2000'0135	uint8_t	
[18]	'7' (0x37)	0x2000'0136	uint8_t	
[19]	'7' (0x37)	0x2000'0137	uint8_t	
[20]	'3' (0x33)	0x2000'0138	uint8_t	
[21]	'\n' (0x0A)	0x2000'0139	uint8_t	
[22]	'2' (0x32)	0x2000'013a	uint8_t	
[23]	'0' (0x30)	0x2000'013b	uint8_t	
[24]	'.' (0x2E)	0x2000'013c	uint8_t	
[25]	'0' (0x30)	0x2000'013d	uint8_t	
[26]	'0' (0x30)	0x2000'013e	uint8_t	
[27]	',' (0x2C)	0x2000'013f	uint8_t	
[28]	'0' (0x30)	0x2000'0140	uint8_t	
[29]	'.' (0x2E)	0x2000'0141	uint8_t	
[30]	'0' (0x30)	0x2000'0142	uint8_t	
[31]	'0' (0x30)	0x2000'0143	uint8_t	
[32]	',' (0x2C)	0x2000'0144	uint8_t	
[33]	'6' (0x36)	0x2000'0145	uint8_t	
[34]	'.' (0x2E)	0x2000'0146	uint8_t	
[35]	'2' (0x32)	0x2000'0147	uint8_t	
[36]	'7' (0x37)	0x2000'0148	uint8_t	
[37]	'7' (0x37)	0x2000'0149	uint8_t	
[38]	'3' (0x33)	0x2000'014a	uint8_t	
[39]	'\n' (0x0A)	0x2000'014b	uint8_t	
[40]	'2' (0x32)	0x2000'014c	uint8_t	
[41]	'0' (0x30)	0x2000'014d	uint8_t	
[42]	'.' (0x2E)	0x2000'014e	uint8_t	
[43]	'0' (0x30)	0x2000'014f	uint8_t	
[44]	'0' (0x30)	0x2000'0150	uint8_t	
[45]	',' (0x2C)	0x2000'0151	uint8_t	
[46]	'0' (0x30)	0x2000'0152	uint8_t	
[47]	'.' (0x2E)	0x2000'0153	uint8_t	
[48]	'0' (0x30)	0x2000'0154	uint8_t	
[49]	'0' (0x30)	0x2000'0155	uint8_t	
[50]	',' (0x2C)	0x2000'0156	uint8_t	
[51]	'6' (0x36)	0x2000'0157	uint8_t	
[52]	'.' (0x2E)	0x2000'0158	uint8_t	
[53]	'2' (0x32)	0x2000'0159	uint8_t	
[54]	'7' (0x37)	0x2000'015a	uint8_t	
[55]	'7' (0x37)	0x2000'015b	uint8_t	
[56]	'2' (0x32)	0x2000'015c	uint8_t	
[57]	'\n' (0x0A)	0x2000'015d	uint8_t	
[58]	'2' (0x32)	0x2000'015e	uint8_t	
[59]	'0' (0x30)	0x2000'015f	uint8_t	
[60]	'.' (0x2E)	0x2000'0160	uint8_t	
[61]	'0' (0x30)	0x2000'0161	uint8_t	
[62]	'0' (0x30)	0x2000'0162	uint8_t	
[63]	',' (0x2C)	0x2000'0163	uint8_t	
[64]	'0' (0x30)	0x2000'0164	uint8_t	
[65]	'.' (0x2E)	0x2000'0165	uint8_t	
[66]	'0' (0x30)	0x2000'0166	uint8_t	
[67]	'0' (0x30)	0x2000'0167	uint8_t	
[68]	',' (0x2C)	0x2000'0168	uint8_t	
[69]	'6' (0x36)	0x2000'0169	uint8_t	
[70]	'.' (0x2E)	0x2000'016a	uint8_t	
[71]	'2' (0x32)	0x2000'016b	uint8_t	
[72]	'7' (0x37)	0x2000'016c	uint8_t	
[73]	'7' (0x37)	0x2000'016d	uint8_t	
[74]	'2' (0x32)	0x2000'016e	uint8_t	
[75]	'\n' (0x0A)	0x2000'016f	uint8_t	
[76]	'2' (0x32)	0x2000'0170	uint8_t	
[77]	'0' (0x30)	0x2000'0171	uint8_t	
[78]	'.' (0x2E)	0x2000'0172	uint8_t	
[79]	'0' (0x30)	0x2000'0173	uint8_t	
[80]	'0' (0x30)	0x2000'0174	uint8_t	
[81]	',' (0x2C)	0x2000'0175	uint8_t	
[82]	'0' (0x30)	0x2000'0176	uint8_t	
[83]	'.' (0x2E)	0x2000'0177	uint8_t	
[84]	'0' (0x30)	0x2000'0178	uint8_t	
[85]	'0' (0x30)	0x2000'0179	uint8_t	
[86]	',' (0x2C)	0x2000'017a	uint8_t	
[87]	'6' (0x36)	0x2000'017b	uint8_t	
[88]	'.' (0x2E)	0x2000'017c	uint8_t	
[89]	'2' (0x32)	0x2000'017d	uint8_t	
[90]	'7' (0x37)	0x2000'017e	uint8_t	
[91]	'7' (0x37)	0x2000'017f	uint8_t	
[92]	'2' (0x32)	0x2000'0180	uint8_t	
[93]	'\n' (0x0A)	0x2000'0181	uint8_t	
[94]	'2' (0x32)	0x2000'0182	uint8_t	
[95]	'0' (0x30)	0x2000'0183	uint8_t	
[96]	'.' (0x2E)	0x2000'0184	uint8_t	
[97]	'0' (0x30)	0x2000'0185	uint8_t	
[98]	'0' (0x30)	0x2000'0186	uint8_t	
[99]	',' (0x2C)	0x2000'0187	uint8_t	
[100]	'0' (0x30)	0x2000'0188	uint8_t	
[101]	'.' (0x2E)	0x2000'0189	uint8_t	
[102]	'0' (0x30)	0x2000'018a	uint8_t	
[103]	'0' (0x30)	0x2000'018b	uint8_t	
[104]	',' (0x2C)	0x2000'018c	uint8_t	
[105]	'6' (0x36)	0x2000'018d	uint8_t	
[106]	'.' (0x2E)	0x2000'018e	uint8_t	
[107]	'2' (0x32)	0x2000'018f	uint8_t	
[108]	'7' (0x37)	0x2000'0190	uint8_t	
[109]	'7' (0x37)	0x2000'0191	uint8_t	
[110]	'2' (0x32)	0x2000'0192	uint8_t	
[111]	'\n' (0x0A)	0x2000'0193	uint8_t	
[112]	'2' (0x32)	0x2000'0194	uint8_t	
[113]	'0' (0x30)	0x2000'0195	uint8_t	
[114]	'.' (0x2E)	0x2000'0196	uint8_t	
[115]	'0' (0x30)	0x2000'0197	uint8_t	
[116]	'0' (0x30)	0x2000'0198	uint8_t	
[117]	',' (0x2C)	0x2000'0199	uint8_t	
[118]	'0' (0x30)	0x2000'019a	uint8_t	
[119]	'.' (0x2E)	0x2000'019b	uint8_t	
[120]	'0' (0x30)	0x2000'019c	uint8_t	
[121]	'0' (0x30)	0x2000'019d	uint8_t	
[122]	',' (0x2C)	0x2000'019e	uint8_t	
[123]	'6' (0x36)	0x2000'019f	uint8_t	
[124]	'.' (0x2E)	0x2000'01a0	uint8_t	
[125]	'2' (0x32)	0x2000'01a1	uint8_t	
[126]	'7' (0x37)	0x2000'01a2	uint8_t	
[127]	'7' (0x37)	0x2000'01a3	uint8_t	
[128]	'2' (0x32)	0x2000'01a4	uint8_t	
[129]	'\n' (0x0A)	0x2000'01a5	uint8_t	
[130]	'2' (0x32)	0x2000'01a6	uint8_t	
[131]	'0' (0x30)	0x2000'01a7	uint8_t	
[132]	'.' (0x2E)	0x2000'01a8	uint8_t	
[133]	'0' (0x30)	0x2000'01a9	uint8_t	
[134]	'0' (0x30)	0x2000'01aa	uint8_t	
[135]	',' (0x2C)	0x2000'01ab	uint8_t	
[136]	'0' (0x30)	0x2000'01ac	uint8_t	
[137]	'.' (0x2E)	0x2000'01ad	uint8_t	
[138]	'0' (0x30)	0x2000'01ae	uint8_t	
[139]	'0' (0x30)	0x2000'01af	uint8_t	
[140]	',' (0x2C)	0x2000'01b0	uint8_t	
[141]	'6' (0x36)	0x2000'01b1	uint8_t	
[142]	'.' (0x2E)	0x2000'01b2	uint8_t	
[143]	'2' (0x32)	0x2000'01b3	uint8_t	
[144]	'7' (0x37)	0x2000'01b4	uint8_t	
[145]	'7' (0x37)	0x2000'01b5	uint8_t	
[146]	'2' (0x32)	0x2000'01b6	uint8_t	
[147]	'\n' (0x0A)	0x2000'01b7	uint8_t	
[148]	'2' (0x32)	0x2000'01b8	uint8_t	
[149]	'0' (0x30)	0x2000'01b9	uint8_t	
[150]	'.' (0x2E)	0x2000'01ba	uint8_t	
[151]	'0' (0x30)	0x2000'01bb	uint8_t	
[152]	'0' (0x30)	0x2000'01bc	uint8_t	
[153]	',' (0x2C)	0x2000'01bd	uint8_t	
[154]	'0' (0x30)	0x2000'01be	uint8_t	
[155]	'.' (0x2E)	0x2000'01bf	uint8_t	
[156]	'0' (0x30)	0x2000'01c0	uint8_t	
[157]	'0' (0x30)	0x2000'01c1	uint8_t	
[158]	',' (0x2C)	0x2000'01c2	uint8_t	
[159]	'6' (0x36)	0x2000'01c3	uint8_t	
[160]	'.' (0x2E)	0x2000'01c4	uint8_t	
[161]	'2' (0x32)	0x2000'01c5	uint8_t	
[162]	'7' (0x37)	0x2000'01c6	uint8_t	
[163]	'7' (0x37)	0x2000'01c7	uint8_t	
[164]	'2' (0x32)	0x2000'01c8	uint8_t	
[165]	'\n' (0x0A)	0x2000'01c9	uint8_t	
[166]	'2' (0x32)	0x2000'01ca	uint8_t	
[167]	'0' (0x30)	0x2000'01cb	uint8_t	
[168]	'.' (0x2E)	0x2000'01cc	uint8_t	
[169]	'0' (0x30)	0x2000'01cd	uint8_t	
[170]	'0' (0x30)	0x2000'01ce	uint8_t	
[171]	',' (0x2C)	0x2000'01cf	uint8_t	
[172]	'0' (0x30)	0x2000'01d0	uint8_t	
[173]	'.' (0x2E)	0x2000'01d1	uint8_t	
[174]	'0' (0x30)	0x2000'01d2	uint8_t	
[175]	'0' (0x30)	0x2000'01d3	uint8_t	
[176]	',' (0x2C)	0x2000'01d4	uint8_t	
[177]	'6' (0x36)	0x2000'01d5	uint8_t	
[178]	'.' (0x2E)	0x2000'01d6	uint8_t	
[179]	'2' (0x32)	0x2000'01d7	uint8_t	
[180]	'7' (0x37)	0x2000'01d8	uint8_t	
[181]	'7' (0x37)	0x2000'01d9	uint8_t	
[182]	'2' (0x32)	0x2000'01da	uint8_t	
[183]	'\n' (0x0A)	0x2000'01db	uint8_t	
[184]	'2' (0x32)	0x2000'01dc	uint8_t	
[185]	'0' (0x30)	0x2000'01dd	uint8_t	
[186]	'.' (0x2E)	0x2000'01de	uint8_t	
[187]	'0' (0x30)	0x2000'01df	uint8_t	
[188]	'0' (0x30)	0x2000'01e0	uint8_t	
[189]	',' (0x2C)	0x2000'01e1	uint8_t	
[190]	'0' (0x30)	0x2000'01e2	uint8_t	
[191]	'.' (0x2E)	0x2000'01e3	uint8_t	
[192]	'0' (0x30)	0x2000'01e4	uint8_t	
[193]	'0' (0x30)	0x2000'01e5	uint8_t	
[194]	',' (0x2C)	0x2000'01e6	uint8_t	
[195]	'6' (0x36)	0x2000'01e7	uint8_t	
[196]	'.' (0x2E)	0x2000'01e8	uint8_t	
[197]	'2' (0x32)	0x2000'01e9	uint8_t	
[198]	'7' (0x37)	0x2000'01ea	uint8_t	
[199]	'\0' (0x00)	0x2000'01eb	uint8_t	
freq	6.796'05E+5	0x2000'0848	float	
