###############################################################################
#
# IAR ELF Linker V9.70.4.588/W64 for ARM                  23/May/2026  18:42:19
# Copyright 2007-2026 IAR Systems AB.
#
#    Output file  =
#        C:\Users\taduc\Documents\STM32
#        IAR\ENCODER_1_KENH_1\EWARM\ENCODER_1_KENH_1\Exe\ENCODER_1_KENH_1.out
#    Map file     =
#        C:\Users\taduc\Documents\STM32
#        IAR\ENCODER_1_KENH_1\EWARM\ENCODER_1_KENH_1\List\ENCODER_1_KENH_1.map
#    Command line =
#        -f "C:\Users\taduc\Documents\STM32
#        IAR\ENCODER_1_KENH_1\EWARM\ENCODER_1_KENH_1\Exe\ENCODER_1_KENH_1.out.rsp"
#        ("C:\Users\taduc\Documents\STM32
#        IAR\ENCODER_1_KENH_1\EWARM\ENCODER_1_KENH_1\Obj\Src_10572706617924158656.dir\ArduinoWrapper.o"
#        "C:\Users\taduc\Documents\STM32
#        IAR\ENCODER_1_KENH_1\EWARM\ENCODER_1_KENH_1\Obj\Src_8308038492197328671.dir\const.o"
#        "C:\Users\taduc\Documents\STM32
#        IAR\ENCODER_1_KENH_1\EWARM\ENCODER_1_KENH_1\Obj\Src_8308038492197328671.dir\data.o"
#        "C:\Users\taduc\Documents\STM32
#        IAR\ENCODER_1_KENH_1\EWARM\ENCODER_1_KENH_1\Obj\Core_13247989168731456611.dir\dma.o"
#        "C:\Users\taduc\Documents\STM32
#        IAR\ENCODER_1_KENH_1\EWARM\ENCODER_1_KENH_1\Obj\Core_13247989168731456611.dir\gpio.o"
#        "C:\Users\taduc\Documents\STM32
#        IAR\ENCODER_1_KENH_1\EWARM\ENCODER_1_KENH_1\Obj\Core_13247989168731456611.dir\i2c.o"
#        "C:\Users\taduc\Documents\STM32
#        IAR\ENCODER_1_KENH_1\EWARM\ENCODER_1_KENH_1\Obj\Src_10572706617924158656.dir\I2Cdev.o"
#        "C:\Users\taduc\Documents\STM32
#        IAR\ENCODER_1_KENH_1\EWARM\ENCODER_1_KENH_1\Obj\Src_8308038492197328671.dir\input_output.o"
#        "C:\Users\taduc\Documents\STM32
#        IAR\ENCODER_1_KENH_1\EWARM\ENCODER_1_KENH_1\Obj\Src_4229662168563015991.dir\led_main.o"
#        "C:\Users\taduc\Documents\STM32
#        IAR\ENCODER_1_KENH_1\EWARM\ENCODER_1_KENH_1\Obj\Core_13247989168731456611.dir\main.o"
#        "C:\Users\taduc\Documents\STM32
#        IAR\ENCODER_1_KENH_1\EWARM\ENCODER_1_KENH_1\Obj\Src_4229662168563015991.dir\main_cpp.o"
#        "C:\Users\taduc\Documents\STM32
#        IAR\ENCODER_1_KENH_1\EWARM\ENCODER_1_KENH_1\Obj\Src_8308038492197328671.dir\MotorControl.o"
#        "C:\Users\taduc\Documents\STM32
#        IAR\ENCODER_1_KENH_1\EWARM\ENCODER_1_KENH_1\Obj\Src_10572706617924158656.dir\MPU6050.o"
#        "C:\Users\taduc\Documents\STM32
#        IAR\ENCODER_1_KENH_1\EWARM\ENCODER_1_KENH_1\Obj\EWARM_18443280873093131863.dir\startup_stm32f411xe.o"
#        "C:\Users\taduc\Documents\STM32
#        IAR\ENCODER_1_KENH_1\EWARM\ENCODER_1_KENH_1\Obj\STM32F4xx_HAL_Driver_1244631019742807970.dir\stm32f4xx_hal.o"
#        "C:\Users\taduc\Documents\STM32
#        IAR\ENCODER_1_KENH_1\EWARM\ENCODER_1_KENH_1\Obj\STM32F4xx_HAL_Driver_1244631019742807970.dir\stm32f4xx_hal_cortex.o"
#        "C:\Users\taduc\Documents\STM32
#        IAR\ENCODER_1_KENH_1\EWARM\ENCODER_1_KENH_1\Obj\STM32F4xx_HAL_Driver_1244631019742807970.dir\stm32f4xx_hal_dma.o"
#        "C:\Users\taduc\Documents\STM32
#        IAR\ENCODER_1_KENH_1\EWARM\ENCODER_1_KENH_1\Obj\STM32F4xx_HAL_Driver_1244631019742807970.dir\stm32f4xx_hal_dma_ex.o"
#        "C:\Users\taduc\Documents\STM32
#        IAR\ENCODER_1_KENH_1\EWARM\ENCODER_1_KENH_1\Obj\STM32F4xx_HAL_Driver_1244631019742807970.dir\stm32f4xx_hal_exti.o"
#        "C:\Users\taduc\Documents\STM32
#        IAR\ENCODER_1_KENH_1\EWARM\ENCODER_1_KENH_1\Obj\STM32F4xx_HAL_Driver_1244631019742807970.dir\stm32f4xx_hal_flash.o"
#        "C:\Users\taduc\Documents\STM32
#        IAR\ENCODER_1_KENH_1\EWARM\ENCODER_1_KENH_1\Obj\STM32F4xx_HAL_Driver_1244631019742807970.dir\stm32f4xx_hal_flash_ex.o"
#        "C:\Users\taduc\Documents\STM32
#        IAR\ENCODER_1_KENH_1\EWARM\ENCODER_1_KENH_1\Obj\STM32F4xx_HAL_Driver_1244631019742807970.dir\stm32f4xx_hal_flash_ramfunc.o"
#        "C:\Users\taduc\Documents\STM32
#        IAR\ENCODER_1_KENH_1\EWARM\ENCODER_1_KENH_1\Obj\STM32F4xx_HAL_Driver_1244631019742807970.dir\stm32f4xx_hal_gpio.o"
#        "C:\Users\taduc\Documents\STM32
#        IAR\ENCODER_1_KENH_1\EWARM\ENCODER_1_KENH_1\Obj\STM32F4xx_HAL_Driver_1244631019742807970.dir\stm32f4xx_hal_i2c.o"
#        "C:\Users\taduc\Documents\STM32
#        IAR\ENCODER_1_KENH_1\EWARM\ENCODER_1_KENH_1\Obj\STM32F4xx_HAL_Driver_1244631019742807970.dir\stm32f4xx_hal_i2c_ex.o"
#        "C:\Users\taduc\Documents\STM32
#        IAR\ENCODER_1_KENH_1\EWARM\ENCODER_1_KENH_1\Obj\Core_13247989168731456611.dir\stm32f4xx_hal_msp.o"
#        "C:\Users\taduc\Documents\STM32
#        IAR\ENCODER_1_KENH_1\EWARM\ENCODER_1_KENH_1\Obj\STM32F4xx_HAL_Driver_1244631019742807970.dir\stm32f4xx_hal_pwr.o"
#        "C:\Users\taduc\Documents\STM32
#        IAR\ENCODER_1_KENH_1\EWARM\ENCODER_1_KENH_1\Obj\STM32F4xx_HAL_Driver_1244631019742807970.dir\stm32f4xx_hal_pwr_ex.o"
#        "C:\Users\taduc\Documents\STM32
#        IAR\ENCODER_1_KENH_1\EWARM\ENCODER_1_KENH_1\Obj\STM32F4xx_HAL_Driver_1244631019742807970.dir\stm32f4xx_hal_rcc.o"
#        "C:\Users\taduc\Documents\STM32
#        IAR\ENCODER_1_KENH_1\EWARM\ENCODER_1_KENH_1\Obj\STM32F4xx_HAL_Driver_1244631019742807970.dir\stm32f4xx_hal_rcc_ex.o"
#        "C:\Users\taduc\Documents\STM32
#        IAR\ENCODER_1_KENH_1\EWARM\ENCODER_1_KENH_1\Obj\STM32F4xx_HAL_Driver_1244631019742807970.dir\stm32f4xx_hal_tim.o"
#        "C:\Users\taduc\Documents\STM32
#        IAR\ENCODER_1_KENH_1\EWARM\ENCODER_1_KENH_1\Obj\STM32F4xx_HAL_Driver_1244631019742807970.dir\stm32f4xx_hal_tim_ex.o"
#        "C:\Users\taduc\Documents\STM32
#        IAR\ENCODER_1_KENH_1\EWARM\ENCODER_1_KENH_1\Obj\STM32F4xx_HAL_Driver_1244631019742807970.dir\stm32f4xx_hal_uart.o"
#        "C:\Users\taduc\Documents\STM32
#        IAR\ENCODER_1_KENH_1\EWARM\ENCODER_1_KENH_1\Obj\Core_13247989168731456611.dir\stm32f4xx_it.o"
#        "C:\Users\taduc\Documents\STM32
#        IAR\ENCODER_1_KENH_1\EWARM\ENCODER_1_KENH_1\Obj\CMSIS_6603591812247902717.dir\system_stm32f4xx.o"
#        "C:\Users\taduc\Documents\STM32
#        IAR\ENCODER_1_KENH_1\EWARM\ENCODER_1_KENH_1\Obj\Core_13247989168731456611.dir\tim.o"
#        "C:\Users\taduc\Documents\STM32
#        IAR\ENCODER_1_KENH_1\EWARM\ENCODER_1_KENH_1\Obj\Src_8308038492197328671.dir\UART_DMA.o"
#        "C:\Users\taduc\Documents\STM32
#        IAR\ENCODER_1_KENH_1\EWARM\ENCODER_1_KENH_1\Obj\Core_13247989168731456611.dir\usart.o"
#        --no_out_extension -o "C:\Users\taduc\Documents\STM32
#        IAR\ENCODER_1_KENH_1\EWARM\ENCODER_1_KENH_1\Exe\ENCODER_1_KENH_1.out"
#        --redirect _Printf=_PrintfFullNoMb --redirect _Scanf=_ScanfFullNoMb
#        --map "C:\Users\taduc\Documents\STM32
#        IAR\ENCODER_1_KENH_1\EWARM\ENCODER_1_KENH_1\List\ENCODER_1_KENH_1.map"
#        --config "C:\Users\taduc\Documents\STM32
#        IAR\ENCODER_1_KENH_1\EWARM/stm32f411xe_flash.icf" --semihosting
#        --entry __iar_program_start --vfe --text_out locale --cpu=Cortex-M4
#        --fpu=VFPv4_sp) --diagnostics_format=sarif_stdout --dependencies=n
#        "C:\Users\taduc\Documents\STM32
#        IAR\ENCODER_1_KENH_1\EWARM\ENCODER_1_KENH_1\Exe\ENCODER_1_KENH_1.out.iar_deps"
#        --dynamic_output "C:\Users\taduc\Documents\STM32
#        IAR\ENCODER_1_KENH_1\EWARM\ENCODER_1_KENH_1\Exe\ENCODER_1_KENH_1.out.iar_dynout"
#
###############################################################################

*******************************************************************************
*** RUNTIME MODEL ATTRIBUTES
***

CppFlavor                     = *
__CPP_Exceptions              = Disabled
__CPP_Language                = C++14
__CPP_Library                 = DLib
__CPP_Runtime                 = 1
__Heap_Handler                = Basic
__SystemLibrary               = DLib
__dlib_dynamic_initialization = normal
__dlib_version                = 6


*******************************************************************************
*** HEAP SELECTION
***

The basic heap was selected because --advanced_heap
was not specified and the application did not appear to
be primarily optimized for speed.


*******************************************************************************
*** PLACEMENT SUMMARY
***

"A0":  place at address 0x800'0000 {  ro section .intvec };
"P1":  place in [from 0x800'0000 to 0x807'ffff] {  ro };
define block CSTACK with size = 1K, alignment = 8 { };
define block HEAP with size = 512, alignment = 8 { };
"P2":  place in [from 0x2000'0000 to 0x2001'ffff] {
           rw,  block CSTACK,  block HEAP };
initialize by copy {  rw };

  Section                Kind         Address  Alignment    Size  Object
  -------                ----         -------  ---------    ----  ------
"A0":                                                      0x198
  .intvec                ro code   0x800'0000          4   0x198  startup_stm32f411xe.o [3]
                                 - 0x800'0198              0x198

"P1":                                                     0x8c4a
  .text                  ro code   0x800'0198          4   0xece  xprintffull_nomb.o [8]
  .text                  ro code   0x800'1066          2    0x3a  packbits_init_single.o [10]
  .text                  ro code   0x800'10a0          4    0x16  strchr.o [10]
  .text                  ro code   0x800'10b6          2    0x1a  xsnprout.o [8]
  .text                  ro code   0x800'10d0          4    0x40  xfail_s.o [8]
  .text                  ro code   0x800'1110          4    0x36  strlen.o [10]
  .rodata                const     0x800'1146          2     0x2  xlocale_c.o [8]
  .text                  ro code   0x800'1148          4    0x58  memchr.o [10]
  .text                  ro code   0x800'11a0          4    0xa6  ABImemcpy.o [10]
  .rodata                const     0x800'1246                0x1  unwind_debug.o [11]
  .rodata                const     0x800'1247                0x1  xlocale_c.o [8]
  .text                  ro code   0x800'1248          4    0x70  frexp.o [9]
  .text                  ro code   0x800'12b8          4    0x34  DblCmpLe.o [9]
  .text                  ro code   0x800'12ec          4    0x34  DblCmpGe.o [9]
  .text                  ro code   0x800'1320          4   0x13a  ldexp.o [9]
  .text                  ro code   0x800'145c          4    0x36  DblToS32.o [9]
  .text                  ro code   0x800'1494          4    0x22  S32ToDbl.o [9]
  .text                  ro code   0x800'14b8          4   0x25e  DblAddSub.o [9]
  .text                  ro code   0x800'1718          4   0x246  DblDiv.o [9]
  .text                  ro code   0x800'1960          4    0x22  DblToU32.o [9]
  .text                  ro code   0x800'1984          4    0x1c  U32ToDbl.o [9]
  .text                  ro code   0x800'19a0          4   0x1aa  DblMul.o [9]
  .text                  ro code   0x800'1b4c          4     0x8  xlocale_c.o [8]
  .text                  ro code   0x800'1b54          4   0x230  I64DivMod.o [10]
  .text                  ro code   0x800'1d84          2     0x6  abort.o [8]
  .text                  ro code   0x800'1d8c          4     0x2  I64DivZer.o [10]
  .text                  ro code   0x800'1d90          4    0x14  exit.o [11]
  .text                  ro code   0x800'1da4          4    0x7c  iarttio.o [11]
  .text                  ro code   0x800'1e20          4     0x8  XShttio.o [8]
  .text                  ro code   0x800'1e28          4   0xcb4  stm32f4xx_hal_uart.o [4]
  .text                  ro code   0x800'2adc          4   0x14c  usart.o [2]
  .text                  ro code   0x800'2c28          4   0x548  stm32f4xx_hal_dma.o [4]
  .text                  ro code   0x800'3170          4   0x118  UART_DMA.o [7]
  .text                  ro code   0x800'3288          2     0x2  stm32f4xx_hal_uart.o [4]
  .text                  ro code   0x800'328a          2     0x2  stm32f4xx_hal_uart.o [4]
  .text                  ro code   0x800'328c          2     0x2  stm32f4xx_hal_uart.o [4]
  .text                  ro code   0x800'3290          4   0x190  stm32f4xx_hal_rcc.o [4]
  .text                  ro code   0x800'3420          4    0xe8  main.o [2]
  .text                  ro code   0x800'3508          4    0x66  ABImemset.o [10]
  .text                  ro code   0x800'3570          4   0x278  stm32f4xx_hal_gpio.o [4]
  .text                  ro code   0x800'37e8          4   0x15c  stm32f4xx_hal_cortex.o [4]
  .text                  ro code   0x800'3944          4     0xc  stm32f4xx_hal.o [4]
  .text                  ro code   0x800'3950          2     0xe  UART_DMA.o [7]
  .text                  ro code   0x800'3960          4    0x9c  stm32f4xx_hal_rcc.o [4]
  .text                  ro code   0x800'39fc          4    0x4c  stm32f4xx_hal.o [4]
  .text                  ro code   0x800'3a48          4    0x34  stm32f4xx_hal.o [4]
  .text                  ro code   0x800'3a7c          4   0x134  gpio.o [2]
  .text                  ro code   0x800'3bb0          4    0x40  dma.o [2]
  .text                  ro code   0x800'3bf0          4   0x560  tim.o [2]
  .text                  ro code   0x800'4150          4    0xbc  i2c.o [2]
  .text                  ro code   0x800'420c          4   0x1a0  main_cpp.o [6]
  .text                  ro code   0x800'43ac          4   0x3f0  stm32f4xx_hal_rcc.o [4]
  .text                  ro code   0x800'479c          4    0x40  stm32f4xx_hal_msp.o [2]
  .text                  ro code   0x800'47dc          4   0x812  stm32f4xx_hal_tim.o [4]
  .text                  ro code   0x800'4ff0          4    0x98  stm32f4xx_hal_tim_ex.o [4]
  .text                  ro code   0x800'5088          4   0xc06  stm32f4xx_hal_i2c.o [4]
  .text                  ro code   0x800'5c90          4   0x308  MotorControl.o [7]
  .text                  ro code   0x800'5f98          4   0x88c  data.o [7]
  .text                  ro code   0x800'6824          4    0x10  led_main.o [6]
  .text                  ro code   0x800'6834          4   0x220  input_output.o [7]
  .text                  ro code   0x800'6a54          2    0x1a  MotorControl.o [7]
  .text                  ro code   0x800'6a6e          2     0xa  MotorControl.o [7]
  .text                  ro code   0x800'6a78          2     0x8  MotorControl.o [7]
  .text                  ro code   0x800'6a80          4   0x94c  MPU6050.o [5]
  .text                  ro code   0x800'73cc          2    0x14  data.o [7]
  .text                  ro code   0x800'73e0          2     0xe  data.o [7]
  .text                  ro code   0x800'73f0          4   0x360  I2Cdev.o [5]
  .text                  ro code   0x800'7750          4    0x28  stm32f4xx_hal.o [4]
  .text                  ro code   0x800'7778          4    0x6a  atan2f.o [9]
  .text                  ro code   0x800'77e4          4    0x1e  sqrtf.o [9]
  .text                  ro code   0x800'7804          4    0x48  FltToDbl.o [9]
  .text                  ro code   0x800'784c          4    0x68  DblToFlt.o [9]
  .text                  ro code   0x800'78b4          4   0x1d4  cos_sin32.o [9]
  .text                  ro code   0x800'7a88          4    0x44  snprintf.o [8]
  .text                  ro code   0x800'7acc          4   0x13c  heap0.o [8]
  .text                  ro code   0x800'7c08          4    0x68  memcmp.o [10]
  .text                  ro code   0x800'7c70          2     0x4  heaptramp0.o [8]
  .text                  ro code   0x800'7c74          2    0x1a  ArduinoWrapper.o [5]
  .text                  ro code   0x800'7c90          4    0x38  roundf.o [9]
  .text                  ro code   0x800'7cc8          4    0x28  printf.o [8]
  .text                  ro code   0x800'7cf0          4    0xa4  xatanf.o [9]
  .text                  ro code   0x800'7d94          4    0x2c  xgetmemchunk.o [8]
  .rodata                const     0x800'7dc0          4   0xbf8  data.o [7]
  .text                  ro code   0x800'89b8          4    0x4c  stm32f4xx_it.o [2]
  .text                  ro code   0x800'8a04          4    0x18  stm32f4xx_hal.o [4]
  .text                  ro code   0x800'8a1c          4    0x44  putchar.o [8]
  .text                  ro code   0x800'8a60          2    0x10  write.o [11]
  .text                  ro code   0x800'8a70          2    0x1e  dwrite.o [11]
  .text                  ro code   0x800'8a8e          2    0x20  iarwstd.o [11]
  .text                  ro code   0x800'8aae          2    0x22  iarwrite.o [11]
  .text                  ro code   0x800'8ad0          2    0x38  zero_init3.o [10]
  .text                  ro code   0x800'8b08          4    0x28  data_init.o [10]
  .text                  ro code   0x800'8b30          4    0x22  fpinit_M.o [9]
  .text                  ro code   0x800'8b54          4    0x22  cmain.o [10]
  .text                  ro code   0x800'8b76          2     0x4  low_level_init.o [8]
  .text                  ro code   0x800'8b7a          2     0x4  exit.o [8]
  .text                  ro code   0x800'8b80          4     0x4  cexit.o [10]
  .text                  ro code   0x800'8b84          4     0xa  cexit_2.o [10]
  .iar.init_table        const     0x800'8b90          4    0x24  - Linker created -
  .rodata                const     0x800'8bb4          4    0x20  input_output.o [7]
  .text                  ro code   0x800'8bd4          4    0x20  cmain_call_ctors.o [10]
  .text                  ro code   0x800'8bf4          4    0x18  cppinit.o [8]
  .text                  ro code   0x800'8c0c          4    0x1e  cstartup_M.o [10]
  .text                  ro code   0x800'8c2a          2    0x16  xprout.o [8]
  .rodata                const     0x800'8c40          4    0x14  MPU6050.o [5]
  .rodata                const     0x800'8c54          4    0x10  system_stm32f4xx.o [1]
  .text                  ro code   0x800'8c64          4    0x10  startup_stm32f411xe.o [3]
  .text                  ro code   0x800'8c74          4    0x10  system_stm32f4xx.o [1]
  .rodata                const     0x800'8c84          4     0x8  stm32f4xx_hal_dma.o [4]
  .rodata                const     0x800'8c8c          4     0x8  system_stm32f4xx.o [1]
  SHT$$PREINIT_ARRAY               0x800'8c94                0x0  <Block>
  SHT$$INIT_ARRAY                  0x800'8c94                0x8  <Block>
    .init_array          const     0x800'8c94          4     0x4  data.o [7]
    .init_array          const     0x800'8c98          4     0x4  UART_DMA.o [7]
  __iar_tls$$INIT_ARRAY            0x800'8c9c                0x0  <Block>
  .text                  ro code   0x800'8c9c          2     0x4  startup_stm32f411xe.o [3]
  .text                  ro code   0x800'8ca0          2     0x4  startup_stm32f411xe.o [3]
  .text                  ro code   0x800'8ca4          2     0x4  startup_stm32f411xe.o [3]
  .text                  ro code   0x800'8ca8          2     0x4  startup_stm32f411xe.o [3]
  .text                  ro code   0x800'8cac          2     0x4  startup_stm32f411xe.o [3]
  .text                  ro code   0x800'8cb0          2     0x4  startup_stm32f411xe.o [3]
  .text                  ro code   0x800'8cb4          2     0x4  startup_stm32f411xe.o [3]
  .text                  ro code   0x800'8cb8          2     0x4  startup_stm32f411xe.o [3]
  .text                  ro code   0x800'8cbc          2     0x4  startup_stm32f411xe.o [3]
  .text                  ro code   0x800'8cc0          2     0x4  startup_stm32f411xe.o [3]
  .text                  ro code   0x800'8cc4          2     0x4  startup_stm32f411xe.o [3]
  .text                  ro code   0x800'8cc8          2     0x4  startup_stm32f411xe.o [3]
  .text                  ro code   0x800'8ccc          2     0x4  startup_stm32f411xe.o [3]
  .text                  ro code   0x800'8cd0          2     0x4  startup_stm32f411xe.o [3]
  .text                  ro code   0x800'8cd4          2     0x4  startup_stm32f411xe.o [3]
  .text                  ro code   0x800'8cd8          2     0x4  startup_stm32f411xe.o [3]
  .text                  ro code   0x800'8cdc          2     0x4  startup_stm32f411xe.o [3]
  .text                  ro code   0x800'8ce0          2     0x4  startup_stm32f411xe.o [3]
  .text                  ro code   0x800'8ce4          2     0x4  startup_stm32f411xe.o [3]
  .text                  ro code   0x800'8ce8          2     0x4  startup_stm32f411xe.o [3]
  .text                  ro code   0x800'8cec          2     0x4  startup_stm32f411xe.o [3]
  .text                  ro code   0x800'8cf0          2     0x4  startup_stm32f411xe.o [3]
  .text                  ro code   0x800'8cf4          2     0x4  startup_stm32f411xe.o [3]
  .text                  ro code   0x800'8cf8          2     0x4  startup_stm32f411xe.o [3]
  .text                  ro code   0x800'8cfc          2     0x4  startup_stm32f411xe.o [3]
  .text                  ro code   0x800'8d00          2     0x4  startup_stm32f411xe.o [3]
  .text                  ro code   0x800'8d04          2     0x4  startup_stm32f411xe.o [3]
  .text                  ro code   0x800'8d08          2     0x4  startup_stm32f411xe.o [3]
  .text                  ro code   0x800'8d0c          2     0x4  startup_stm32f411xe.o [3]
  .text                  ro code   0x800'8d10          2     0x4  startup_stm32f411xe.o [3]
  .text                  ro code   0x800'8d14          2     0x4  startup_stm32f411xe.o [3]
  .text                  ro code   0x800'8d18          2     0x4  startup_stm32f411xe.o [3]
  .text                  ro code   0x800'8d1c          2     0x4  startup_stm32f411xe.o [3]
  .text                  ro code   0x800'8d20          2     0x4  startup_stm32f411xe.o [3]
  .text                  ro code   0x800'8d24          2     0x4  startup_stm32f411xe.o [3]
  .text                  ro code   0x800'8d28          2     0x4  startup_stm32f411xe.o [3]
  .text                  ro code   0x800'8d2c          2     0x4  startup_stm32f411xe.o [3]
  .text                  ro code   0x800'8d30          2     0x4  startup_stm32f411xe.o [3]
  .text                  ro code   0x800'8d34          2     0x4  startup_stm32f411xe.o [3]
  .text                  ro code   0x800'8d38          2     0x4  startup_stm32f411xe.o [3]
  .text                  ro code   0x800'8d3c          2     0x4  startup_stm32f411xe.o [3]
  .text                  ro code   0x800'8d40          2     0x4  startup_stm32f411xe.o [3]
  .text                  ro code   0x800'8d44          2     0x4  startup_stm32f411xe.o [3]
  .text                  ro code   0x800'8d48          2     0x4  startup_stm32f411xe.o [3]
  .text                  ro code   0x800'8d4c          2     0x4  startup_stm32f411xe.o [3]
  .text                  ro code   0x800'8d50          2     0x4  startup_stm32f411xe.o [3]
  .text                  ro code   0x800'8d54          2     0x4  startup_stm32f411xe.o [3]
  .text                  ro code   0x800'8d58          2     0x4  startup_stm32f411xe.o [3]
  .text                  ro code   0x800'8d5c          2     0x4  startup_stm32f411xe.o [3]
  .text                  ro code   0x800'8d60          2     0x4  startup_stm32f411xe.o [3]
  .text                  ro code   0x800'8d64          2     0x4  startup_stm32f411xe.o [3]
  .text                  ro code   0x800'8d68          2     0x4  startup_stm32f411xe.o [3]
  .text                  ro code   0x800'8d6c          2     0x4  startup_stm32f411xe.o [3]
  .rodata                const     0x800'8d70                0x0  zero_init3.o [10]
  .rodata                const     0x800'8d70                0x0  packbits_init_single.o [10]
  Initializer bytes      const     0x800'8d70               0x72  <for P2-1>
                                 - 0x800'8de2             0x8c4a

"P2", part 1 of 3:                                         0x13b
  P2-1                            0x2000'0000              0x13b  <Init block>
    .data                inited   0x2000'0000          4    0xa4  MotorControl.o [7]
    .data                inited   0x2000'00a4          4     0x4  stm32f4xx_hal.o [4]
    .data                inited   0x2000'00a8          4     0x4  system_stm32f4xx.o [1]
    .data                inited   0x2000'00ac          4    0x38  xlocale_c.o [8]
    .data                inited   0x2000'00e4          4    0x4c  xfiles.o [8]
    .data                inited   0x2000'0130          4     0x8  XShttio.o [8]
    .data                inited   0x2000'0138          2     0x2  I2Cdev.o [5]
    .data                inited   0x2000'013a                0x1  stm32f4xx_hal.o [4]
                                - 0x2000'013b              0x13b

"P2", part 2 of 3:                                         0x77c
  .bss                   zero     0x2000'013c          4    0xcc  UART_DMA.o [7]
  .bss                   zero     0x2000'0208          4    0xc8  UART_DMA.o [7]
  .bss                   zero     0x2000'02d0          4    0xc8  UART_DMA.o [7]
  .bss                   zero     0x2000'0398          4    0x60  usart.o [2]
  .bss                   zero     0x2000'03f8          4    0x60  usart.o [2]
  .bss                   zero     0x2000'0458          4    0x54  i2c.o [2]
  .bss                   zero     0x2000'04ac          4    0x50  xfiles.o [8]
  .bss                   zero     0x2000'04fc          4    0x48  tim.o [2]
  .bss                   zero     0x2000'0544          4    0x48  tim.o [2]
  .bss                   zero     0x2000'058c          4    0x48  tim.o [2]
  .bss                   zero     0x2000'05d4          4    0x48  tim.o [2]
  .bss                   zero     0x2000'061c          4    0x48  tim.o [2]
  .bss                   zero     0x2000'0664          4    0x48  tim.o [2]
  .bss                   zero     0x2000'06ac          4    0x48  usart.o [2]
  .bss                   zero     0x2000'06f4          4    0x40  data.o [7]
  .bss                   zero     0x2000'0734          4    0x28  MotorControl.o [7]
  .bss                   zero     0x2000'075c          4    0x28  MotorControl.o [7]
  .bss                   zero     0x2000'0784          4    0x28  MotorControl.o [7]
  .bss                   zero     0x2000'07ac          4    0x28  MotorControl.o [7]
  .bss                   zero     0x2000'07d4          4    0x18  data.o [7]
  .bss                   zero     0x2000'07ec          4    0x10  data.o [7]
  .bss                   zero     0x2000'07fc          4     0xc  data.o [7]
  .bss                   zero     0x2000'0808          4     0xc  data.o [7]
  .bss                   zero     0x2000'0814          4     0xc  UART_DMA.o [7]
  .bss                   zero     0x2000'0820          4     0x8  data.o [7]
  .bss                   zero     0x2000'0828          4     0x8  heap0.o [8]
  .bss                   zero     0x2000'0830          4     0x4  data.o [7]
  .bss                   zero     0x2000'0834          4     0x4  data.o [7]
  .bss                   zero     0x2000'0838          4     0x4  data.o [7]
  .bss                   zero     0x2000'083c          4     0x4  data.o [7]
  .bss                   zero     0x2000'0840          4     0x4  data.o [7]
  .bss                   zero     0x2000'0844          4     0x4  data.o [7]
  .bss                   zero     0x2000'0848          4     0x4  data.o [7]
  .bss                   zero     0x2000'084c          4     0x4  data.o [7]
  .bss                   zero     0x2000'0850          4     0x4  data.o [7]
  .bss                   zero     0x2000'0854          4     0x4  data.o [7]
  .bss                   zero     0x2000'0858          4     0x4  data.o [7]
  .bss                   zero     0x2000'085c          4     0x4  data.o [7]
  .bss                   zero     0x2000'0860          4     0x4  data.o [7]
  .bss                   zero     0x2000'0864          4     0x4  data.o [7]
  .bss                   zero     0x2000'0868          4     0x4  data.o [7]
  .bss                   zero     0x2000'086c          4     0x4  data.o [7]
  .bss                   zero     0x2000'0870          4     0x4  data.o [7]
  .bss                   zero     0x2000'0874          4     0x4  data.o [7]
  .bss                   zero     0x2000'0878          4     0x4  input_output.o [7]
  .bss                   zero     0x2000'087c          4     0x4  input_output.o [7]
  .bss                   zero     0x2000'0880          4     0x4  input_output.o [7]
  .bss                   zero     0x2000'0884          4     0x4  input_output.o [7]
  .bss                   zero     0x2000'0888          4     0x4  input_output.o [7]
  .bss                   zero     0x2000'088c          4     0x4  input_output.o [7]
  .bss                   zero     0x2000'0890          4     0x4  input_output.o [7]
  .bss                   zero     0x2000'0894          4     0x4  input_output.o [7]
  .bss                   zero     0x2000'0898          4     0x4  input_output.o [7]
  .bss                   zero     0x2000'089c          4     0x4  input_output.o [7]
  .bss                   zero     0x2000'08a0          4     0x4  input_output.o [7]
  .bss                   zero     0x2000'08a4          4     0x4  input_output.o [7]
  .bss                   zero     0x2000'08a8          4     0x4  stm32f4xx_hal.o [4]
  .bss                   zero     0x2000'08ac          4     0x4  xgetmemchunk.o [8]
  .bss                   zero     0x2000'08b0          4     0x4  xfail_s.o [8]
  .bss                   zero     0x2000'08b4                0x1  data.o [7]
  .bss                   zero     0x2000'08b5                0x1  data.o [7]
                                - 0x2000'08b6              0x77a

"P2", part 3 of 3:                                         0x600
  CSTACK                          0x2000'08b8          8   0x400  <Block>
    CSTACK               uninit   0x2000'08b8              0x400  <Block tail>
  HEAP                            0x2000'0cb8          8   0x200  <Block>
    HEAP                 uninit   0x2000'0cb8              0x200  <Block tail>
                                - 0x2000'0eb8              0x600

Unused ranges:

         From           To      Size
         ----           --      ----
   0x800'8de2   0x807'ffff  0x7'721e
  0x2000'013b  0x2000'013b       0x1
  0x2000'0eb8  0x2001'ffff  0x1'f148


*******************************************************************************
*** INIT TABLE
***

          Address      Size
          -------      ----
Zero (__iar_zero_init3)
    1 destination range, total size 0x77a:
          0x2000'013c  0x77a

Copy/packbits (__iar_packbits_init_single3)
    1 source range, total size 0x72 (36% of destination):
           0x800'8d70   0x72
    1 destination range, total size 0x13b:
          0x2000'0000  0x13b

Extra (__iar_cstart_call_ctors)



*******************************************************************************
*** MODULE SUMMARY
***

    Module                  ro code  ro data  rw data
    ------                  -------  -------  -------
command line/config:
    -------------------------------------------------
    Total:

C:\Users\taduc\Documents\STM32 IAR\ENCODER_1_KENH_1\EWARM\ENCODER_1_KENH_1\Obj\CMSIS_6603591812247902717.dir: [1]
    system_stm32f4xx.o           16       26        4
    -------------------------------------------------
    Total:                       16       26        4

C:\Users\taduc\Documents\STM32 IAR\ENCODER_1_KENH_1\EWARM\ENCODER_1_KENH_1\Obj\Core_13247989168731456611.dir: [2]
    dma.o                        64
    gpio.o                      308
    i2c.o                       188                84
    main.o                      232
    stm32f4xx_hal_msp.o          64
    stm32f4xx_it.o               76
    tim.o                     1'376               432
    usart.o                     332               264
    -------------------------------------------------
    Total:                    2'640               780

C:\Users\taduc\Documents\STM32 IAR\ENCODER_1_KENH_1\EWARM\ENCODER_1_KENH_1\Obj\EWARM_18443280873093131863.dir: [3]
    startup_stm32f411xe.o       636
    -------------------------------------------------
    Total:                      636

C:\Users\taduc\Documents\STM32 IAR\ENCODER_1_KENH_1\EWARM\ENCODER_1_KENH_1\Obj\STM32F4xx_HAL_Driver_1244631019742807970.dir: [4]
    stm32f4xx_hal.o             204        2        9
    stm32f4xx_hal_cortex.o      348
    stm32f4xx_hal_dma.o       1'352        8
    stm32f4xx_hal_gpio.o        632
    stm32f4xx_hal_i2c.o       3'078
    stm32f4xx_hal_rcc.o       1'564
    stm32f4xx_hal_tim.o       2'066
    stm32f4xx_hal_tim_ex.o      152
    stm32f4xx_hal_uart.o      3'258
    -------------------------------------------------
    Total:                   12'654       10        9

C:\Users\taduc\Documents\STM32 IAR\ENCODER_1_KENH_1\EWARM\ENCODER_1_KENH_1\Obj\Src_10572706617924158656.dir: [5]
    ArduinoWrapper.o             26
    I2Cdev.o                    864        1        2
    MPU6050.o                 2'380       20
    -------------------------------------------------
    Total:                    3'270       21        2

C:\Users\taduc\Documents\STM32 IAR\ENCODER_1_KENH_1\EWARM\ENCODER_1_KENH_1\Obj\Src_4229662168563015991.dir: [6]
    led_main.o                   16
    main_cpp.o                  416
    -------------------------------------------------
    Total:                      432

C:\Users\taduc\Documents\STM32 IAR\ENCODER_1_KENH_1\EWARM\ENCODER_1_KENH_1\Obj\Src_8308038492197328671.dir: [7]
    MotorControl.o              820       59      324
    UART_DMA.o                  294        4      616
    data.o                    2'222    3'068      210
    input_output.o              544       32       48
    -------------------------------------------------
    Total:                    3'880    3'163    1'198

dl7M_tlf.a: [8]
    XShttio.o                     8        2        8
    abort.o                       6
    cppinit.o                    24
    exit.o                        4
    heap0.o                     316                 8
    heaptramp0.o                  4
    low_level_init.o              4
    printf.o                     40
    putchar.o                    68
    snprintf.o                   68
    xfail_s.o                    64                 4
    xfiles.o                              28      156
    xgetmemchunk.o               44                 4
    xlocale_c.o                   8       23       56
    xprintffull_nomb.o        3'790
    xprout.o                     22
    xsnprout.o                   26
    -------------------------------------------------
    Total:                    4'496       53      236

m7M_tls.a: [9]
    DblAddSub.o                 606
    DblCmpGe.o                   52
    DblCmpLe.o                   52
    DblDiv.o                    582
    DblMul.o                    426
    DblToFlt.o                  104
    DblToS32.o                   54
    DblToU32.o                   34
    FltToDbl.o                   72
    S32ToDbl.o                   34
    U32ToDbl.o                   28
    atan2f.o                    106
    cos_sin32.o                 468
    fpinit_M.o                   34
    frexp.o                     112
    ldexp.o                     314
    roundf.o                     56
    sqrtf.o                      30
    xatanf.o                    164
    -------------------------------------------------
    Total:                    3'328

rt7M_tl.a: [10]
    ABImemcpy.o                 166
    ABImemset.o                 102
    I64DivMod.o                 560
    I64DivZer.o                   2
    cexit.o                       4
    cexit_2.o                    10
    cmain.o                      34
    cmain_call_ctors.o           32
    cstartup_M.o                 30
    data_init.o                  40
    memchr.o                     88
    memcmp.o                    104
    packbits_init_single.o       58
    strchr.o                     22
    strlen.o                     54
    zero_init3.o                 56
    -------------------------------------------------
    Total:                    1'362

shb_l.a: [11]
    dwrite.o                     30
    exit.o                       20
    iarttio.o                   124
    iarwrite.o                   34
    iarwstd.o                    32
    unwind_debug.o                         1
    write.o                      16
    -------------------------------------------------
    Total:                      256        1

    Gaps                         40        2
    Linker created                        36    1'536
-----------------------------------------------------
    Grand Total:             33'010    3'312    3'765


*******************************************************************************
*** ENTRY LIST
***

Entry                       Address   Size  Type      Object
-----                       -------   ----  ----      ------
.iar.init_table$$Base    0x800'8b90          --   Gb  - Linker created -
.iar.init_table$$Limit   0x800'8bb4          --   Gb  - Linker created -
?main                    0x800'8b55         Code  Gb  cmain.o [10]
ADC_IRQHandler           0x800'8ce5         Code  Wk  startup_stm32f411xe.o [3]
AHBPrescTable            0x800'8c54   0x10  Data  Gb  system_stm32f4xx.o [1]
APBPrescTable            0x800'8c8c    0x8  Data  Gb  system_stm32f4xx.o [1]
Aldata                  0x2000'0828    0x8  Data  Lc  heap0.o [8]
BusFault_Handler         0x800'89bf    0x2  Code  Gb  stm32f4xx_it.o [2]
CSTACK$$Base            0x2000'08b8          --   Gb  - Linker created -
CSTACK$$Limit           0x2000'0cb8          --   Gb  - Linker created -
DMA1_Stream0_IRQHandler
                         0x800'8cc9         Code  Wk  startup_stm32f411xe.o [3]
DMA1_Stream1_IRQHandler
                         0x800'8ccd         Code  Wk  startup_stm32f411xe.o [3]
DMA1_Stream2_IRQHandler
                         0x800'8cd1         Code  Wk  startup_stm32f411xe.o [3]
DMA1_Stream3_IRQHandler
                         0x800'8cd5         Code  Wk  startup_stm32f411xe.o [3]
DMA1_Stream4_IRQHandler
                         0x800'8cd9         Code  Wk  startup_stm32f411xe.o [3]
DMA1_Stream5_IRQHandler
                         0x800'8cdd         Code  Wk  startup_stm32f411xe.o [3]
DMA1_Stream6_IRQHandler
                         0x800'8ce1         Code  Wk  startup_stm32f411xe.o [3]
DMA1_Stream7_IRQHandler
                         0x800'8d31         Code  Wk  startup_stm32f411xe.o [3]
DMA2_Stream0_IRQHandler
                         0x800'8d41         Code  Wk  startup_stm32f411xe.o [3]
DMA2_Stream1_IRQHandler
                         0x800'89db    0xa  Code  Gb  stm32f4xx_it.o [2]
DMA2_Stream2_IRQHandler
                         0x800'8d45         Code  Wk  startup_stm32f411xe.o [3]
DMA2_Stream3_IRQHandler
                         0x800'8d49         Code  Wk  startup_stm32f411xe.o [3]
DMA2_Stream4_IRQHandler
                         0x800'8d4d         Code  Wk  startup_stm32f411xe.o [3]
DMA2_Stream5_IRQHandler
                         0x800'8d55         Code  Wk  startup_stm32f411xe.o [3]
DMA2_Stream6_IRQHandler
                         0x800'89e5    0xa  Code  Gb  stm32f4xx_it.o [2]
DMA2_Stream7_IRQHandler
                         0x800'8d59         Code  Wk  startup_stm32f411xe.o [3]
DMA_CalcBaseAndBitshift
                         0x800'3097   0x30  Code  Lc  stm32f4xx_hal_dma.o [4]
DMA_CalcBaseAndBitshift::flagBitshiftOffset
                         0x800'8c84    0x8  Data  Lc  stm32f4xx_hal_dma.o [4]
DMA_CheckFifoParam       0x800'30d5   0x9c  Code  Lc  stm32f4xx_hal_dma.o [4]
DMA_SetConfig            0x800'3069   0x2e  Code  Lc  stm32f4xx_hal_dma.o [4]
DebugMon_Handler         0x800'89c5    0x2  Code  Gb  stm32f4xx_it.o [2]
EXTI0_IRQHandler         0x800'8cb5         Code  Wk  startup_stm32f411xe.o [3]
EXTI15_10_IRQHandler     0x800'8d25         Code  Wk  startup_stm32f411xe.o [3]
EXTI1_IRQHandler         0x800'8cb9         Code  Wk  startup_stm32f411xe.o [3]
EXTI2_IRQHandler         0x800'8cbd         Code  Wk  startup_stm32f411xe.o [3]
EXTI3_IRQHandler         0x800'8cc1         Code  Wk  startup_stm32f411xe.o [3]
EXTI4_IRQHandler         0x800'8cc5         Code  Wk  startup_stm32f411xe.o [3]
EXTI9_5_IRQHandler       0x800'89d1    0xa  Code  Gb  stm32f4xx_it.o [2]
Error_Handler            0x800'3505    0x4  Code  Gb  main.o [2]
FLASH_IRQHandler         0x800'8cad         Code  Wk  startup_stm32f411xe.o [3]
FPU_IRQHandler           0x800'8d65         Code  Wk  startup_stm32f411xe.o [3]
HAL_DMA_Abort            0x800'2d99   0x9c  Code  Gb  stm32f4xx_hal_dma.o [4]
HAL_DMA_Abort_IT         0x800'2e35   0x28  Code  Gb  stm32f4xx_hal_dma.o [4]
HAL_DMA_GetError         0x800'3065    0x4  Code  Gb  stm32f4xx_hal_dma.o [4]
HAL_DMA_IRQHandler       0x800'2e5d  0x208  Code  Gb  stm32f4xx_hal_dma.o [4]
HAL_DMA_Init             0x800'2c29   0xe4  Code  Gb  stm32f4xx_hal_dma.o [4]
HAL_DMA_Start_IT         0x800'2d0d   0x8c  Code  Gb  stm32f4xx_hal_dma.o [4]
HAL_Delay                0x800'7751   0x28  Code  Wk  stm32f4xx_hal.o [4]
HAL_GPIO_EXTI_Callback   0x800'4357   0x10  Code  Gb  main_cpp.o [6]
HAL_GPIO_EXTI_IRQHandler
                         0x800'3795   0x20  Code  Gb  stm32f4xx_hal_gpio.o [4]
HAL_GPIO_Init            0x800'3571  0x20a  Code  Gb  stm32f4xx_hal_gpio.o [4]
HAL_GPIO_WritePin        0x800'377b   0x1a  Code  Gb  stm32f4xx_hal_gpio.o [4]
HAL_GetTick              0x800'3945    0xc  Code  Wk  stm32f4xx_hal.o [4]
HAL_I2C_Init             0x800'5089  0x1d2  Code  Gb  stm32f4xx_hal_i2c.o [4]
HAL_I2C_Mem_Read         0x800'53e5  0x312  Code  Gb  stm32f4xx_hal_i2c.o [4]
HAL_I2C_Mem_Write        0x800'5275  0x16e  Code  Gb  stm32f4xx_hal_i2c.o [4]
HAL_I2C_MspInit          0x800'4189   0x6a  Code  Gb  i2c.o [2]
HAL_IncTick              0x800'8a05   0x18  Code  Wk  stm32f4xx_hal.o [4]
HAL_Init                 0x800'3a49   0x30  Code  Gb  stm32f4xx_hal.o [4]
HAL_InitTick             0x800'39fd   0x4c  Code  Wk  stm32f4xx_hal.o [4]
HAL_MspInit              0x800'479d   0x40  Code  Gb  stm32f4xx_hal_msp.o [2]
HAL_NVIC_EnableIRQ       0x800'390b    0xe  Code  Gb  stm32f4xx_hal_cortex.o [4]
HAL_NVIC_SetPriority     0x800'38e1   0x2a  Code  Gb  stm32f4xx_hal_cortex.o [4]
HAL_NVIC_SetPriorityGrouping
                         0x800'38d5    0xc  Code  Gb  stm32f4xx_hal_cortex.o [4]
HAL_RCC_ClockConfig      0x800'3291  0x140  Code  Gb  stm32f4xx_hal_rcc.o [4]
HAL_RCC_GetHCLKFreq      0x800'33d1    0x6  Code  Gb  stm32f4xx_hal_rcc.o [4]
HAL_RCC_GetPCLK1Freq     0x800'33d7   0x16  Code  Gb  stm32f4xx_hal_rcc.o [4]
HAL_RCC_GetPCLK2Freq     0x800'33ed   0x16  Code  Gb  stm32f4xx_hal_rcc.o [4]
HAL_RCC_GetSysClockFreq
                         0x800'3961   0x9c  Code  Wk  stm32f4xx_hal_rcc.o [4]
HAL_RCC_OscConfig        0x800'43ad  0x3f0  Code  Wk  stm32f4xx_hal_rcc.o [4]
HAL_SYSTICK_Config       0x800'3919    0xc  Code  Gb  stm32f4xx_hal_cortex.o [4]
HAL_TIMEx_MasterConfigSynchronization
                         0x800'4ff1   0x80  Code  Gb  stm32f4xx_hal_tim_ex.o [4]
HAL_TIM_Base_Init        0x800'47dd   0x6e  Code  Gb  stm32f4xx_hal_tim.o [4]
HAL_TIM_Base_MspInit     0x800'3f0b  0x18e  Code  Gb  tim.o [2]
HAL_TIM_Base_Start       0x800'484b   0x7a  Code  Gb  stm32f4xx_hal_tim.o [4]
HAL_TIM_ConfigClockSource
                         0x800'4b39   0xf4  Code  Gb  stm32f4xx_hal_tim.o [4]
HAL_TIM_MspPostInit      0x800'40bf   0x50  Code  Gb  tim.o [2]
HAL_TIM_PWM_ConfigChannel
                         0x800'4a3d   0xfc  Code  Gb  stm32f4xx_hal_tim.o [4]
HAL_TIM_PWM_Init         0x800'48d5   0x6e  Code  Gb  stm32f4xx_hal_tim.o [4]
HAL_TIM_PWM_MspInit      0x800'4099   0x26  Code  Gb  tim.o [2]
HAL_TIM_PWM_Start        0x800'4943   0xe2  Code  Gb  stm32f4xx_hal_tim.o [4]
HAL_TIM_SlaveConfigSynchro
                         0x800'4c2d   0x62  Code  Gb  stm32f4xx_hal_tim.o [4]
HAL_UARTEx_ReceiveToIdle_DMA
                         0x800'1f49   0x7a  Code  Gb  stm32f4xx_hal_uart.o [4]
HAL_UARTEx_RxEventCallback
                         0x800'31b3   0x7c  Code  Gb  UART_DMA.o [7]
HAL_UART_AbortReceive    0x800'1fc3   0xbc  Code  Gb  stm32f4xx_hal_uart.o [4]
HAL_UART_ErrorCallback   0x800'322f   0x36  Code  Gb  UART_DMA.o [7]
HAL_UART_IRQHandler      0x800'207f  0x2e4  Code  Gb  stm32f4xx_hal_uart.o [4]
HAL_UART_Init            0x800'1e29   0x7a  Code  Gb  stm32f4xx_hal_uart.o [4]
HAL_UART_MspInit         0x800'2b11   0xf2  Code  Gb  usart.o [2]
HAL_UART_RxCpltCallback
                         0x800'328b    0x2  Code  Wk  stm32f4xx_hal_uart.o [4]
HAL_UART_RxHalfCpltCallback
                         0x800'328d    0x2  Code  Wk  stm32f4xx_hal_uart.o [4]
HAL_UART_Transmit_DMA    0x800'1ea3   0x9a  Code  Gb  stm32f4xx_hal_uart.o [4]
HAL_UART_TxCpltCallback
                         0x800'3265   0x10  Code  Gb  UART_DMA.o [7]
HAL_UART_TxHalfCpltCallback
                         0x800'3289    0x2  Code  Wk  stm32f4xx_hal_uart.o [4]
HEAP$$Base              0x2000'0cb8          --   Gb  - Linker created -
HEAP$$Limit             0x2000'0eb8          --   Gb  - Linker created -
HardFault_Handler        0x800'89bb    0x2  Code  Gb  stm32f4xx_it.o [2]
I2C1_ER_IRQHandler       0x800'8d09         Code  Wk  startup_stm32f411xe.o [3]
I2C1_EV_IRQHandler       0x800'8d05         Code  Wk  startup_stm32f411xe.o [3]
I2C2_ER_IRQHandler       0x800'8d11         Code  Wk  startup_stm32f411xe.o [3]
I2C2_EV_IRQHandler       0x800'8d0d         Code  Wk  startup_stm32f411xe.o [3]
I2C3_ER_IRQHandler       0x800'8d61         Code  Wk  startup_stm32f411xe.o [3]
I2C3_EV_IRQHandler       0x800'8d5d         Code  Wk  startup_stm32f411xe.o [3]
I2C_IsAcknowledgeFailed
                         0x800'5c57   0x38  Code  Lc  stm32f4xx_hal_i2c.o [4]
I2C_RequestMemoryRead    0x800'57f1  0x170  Code  Lc  stm32f4xx_hal_i2c.o [4]
I2C_RequestMemoryWrite   0x800'5705   0xec  Code  Lc  stm32f4xx_hal_i2c.o [4]
I2C_WaitOnBTFFlagUntilTimeout
                         0x800'5b79   0x60  Code  Lc  stm32f4xx_hal_i2c.o [4]
I2C_WaitOnFlagUntilTimeout
                         0x800'5961   0xc6  Code  Lc  stm32f4xx_hal_i2c.o [4]
I2C_WaitOnMasterAddressFlagUntilTimeout
                         0x800'5a27   0xf2  Code  Lc  stm32f4xx_hal_i2c.o [4]
I2C_WaitOnRXNEFlagUntilTimeout
                         0x800'5bdd   0x7a  Code  Lc  stm32f4xx_hal_i2c.o [4]
I2C_WaitOnTXEFlagUntilTimeout
                         0x800'5b19   0x60  Code  Lc  stm32f4xx_hal_i2c.o [4]
I2Cdev::readBits(unsigned char, unsigned char, unsigned char, unsigned char, unsigned char *, unsigned short)
                         0x800'73f1   0x66  Code  Gb  I2Cdev.o [5]
I2Cdev::readByte(unsigned char, unsigned char, unsigned char *, unsigned short)
                         0x800'7457   0x22  Code  Gb  I2Cdev.o [5]
I2Cdev::readBytes(unsigned char, unsigned char, unsigned char, unsigned char *, unsigned short)
                         0x800'7479   0x5c  Code  Gb  I2Cdev.o [5]
I2Cdev::readTimeout     0x2000'0138    0x2  Data  Gb  I2Cdev.o [5]
I2Cdev::readWords(unsigned char, unsigned char, unsigned char, unsigned short *, unsigned short)
                         0x800'74d5   0x9c  Code  Gb  I2Cdev.o [5]
I2Cdev::writeBit(unsigned char, unsigned char, unsigned char, unsigned char)
                         0x800'7571   0x54  Code  Gb  I2Cdev.o [5]
I2Cdev::writeBits(unsigned char, unsigned char, unsigned char, unsigned char, unsigned char)
                         0x800'75c5   0x74  Code  Gb  I2Cdev.o [5]
I2Cdev::writeByte(unsigned char, unsigned char, unsigned char)
                         0x800'7639   0x18  Code  Gb  I2Cdev.o [5]
I2Cdev::writeBytes(unsigned char, unsigned char, unsigned char, unsigned char *)
                         0x800'7651   0x5a  Code  Gb  I2Cdev.o [5]
I2Cdev::writeWords(unsigned char, unsigned char, unsigned char, unsigned short *)
                         0x800'76ab   0x9c  Code  Gb  I2Cdev.o [5]
MPU6050::CalibrateAccel(unsigned char)
                         0x800'6f79   0x78  Code  Gb  MPU6050.o [5]
MPU6050::CalibrateGyro(unsigned char)
                         0x800'6ebd   0xb8  Code  Gb  MPU6050.o [5]
MPU6050::GetCurrentFIFOPacket(unsigned char *, unsigned char)
                         0x800'6b8b   0xe0  Code  Gb  MPU6050.o [5]
MPU6050::MPU6050(unsigned char)
                         0x800'6a81    0x4  Code  Gb  MPU6050.o [5]
MPU6050::PID(unsigned char, float, float, unsigned char)
                         0x800'700d  0x386  Code  Gb  MPU6050.o [5]
MPU6050::dmpGetCurrentFIFOPacket(unsigned char *)
                         0x800'6385   0x16  Code  Gb  data.o [7]
MPU6050::dmpGetGravity(VectorFloat *, Quaternion *)
                         0x800'6205   0x7e  Code  Gb  data.o [7]
MPU6050::dmpGetGyro(short *, unsigned char const *)
                         0x800'61cf   0x30  Code  Gb  data.o [7]
MPU6050::dmpGetQuaternion(Quaternion *, unsigned char const *)
                         0x800'6149   0x86  Code  Gb  data.o [7]
MPU6050::dmpGetQuaternion(short *, unsigned char const *)
                         0x800'610d   0x3a  Code  Gb  data.o [7]
MPU6050::dmpGetYawPitchRoll(float *, Quaternion *, VectorFloat *)
                         0x800'6285  0x100  Code  Gb  data.o [7]
MPU6050::dmpInitialize()
                         0x800'5fb7  0x156  Code  Gb  data.o [7]
MPU6050::getDeviceID()   0x800'6c6b   0x20  Code  Gb  MPU6050.o [5]
MPU6050::getFIFOBytes(unsigned char *, unsigned char)
                         0x800'6b5d   0x2e  Code  Gb  MPU6050.o [5]
MPU6050::getFIFOCount()
                         0x800'6b39   0x24  Code  Gb  MPU6050.o [5]
MPU6050::initialize()    0x800'6a85   0x26  Code  Gb  MPU6050.o [5]
MPU6050::resetDMP()      0x800'6ca1   0x12  Code  Gb  MPU6050.o [5]
MPU6050::resetFIFO()     0x800'6af7   0x12  Code  Gb  MPU6050.o [5]
MPU6050::setClockSource(unsigned char)
                         0x800'6b1f   0x1a  Code  Gb  MPU6050.o [5]
MPU6050::setDMPEnabled(bool)
                         0x800'6c8b   0x16  Code  Gb  MPU6050.o [5]
MPU6050::setFullScaleAccelRange(unsigned char)
                         0x800'6add   0x1a  Code  Gb  MPU6050.o [5]
MPU6050::setFullScaleGyroRange(unsigned char)
                         0x800'6ac3   0x1a  Code  Gb  MPU6050.o [5]
MPU6050::setMemoryBank(unsigned char, bool, bool)
                         0x800'6cb3   0x34  Code  Gb  MPU6050.o [5]
MPU6050::setMemoryStartAddress(unsigned char)
                         0x800'6ce7   0x14  Code  Gb  MPU6050.o [5]
MPU6050::setSleepEnabled(bool)
                         0x800'6b09   0x16  Code  Gb  MPU6050.o [5]
MPU6050::testConnection()
                         0x800'6aab   0x18  Code  Gb  MPU6050.o [5]
MPU6050::writeMemoryBlock(unsigned char const *, unsigned short, unsigned char, unsigned char, bool, bool)
                         0x800'6cfb  0x196  Code  Gb  MPU6050.o [5]
MPU6050::writeProgMemoryBlock(unsigned char const *, unsigned short, unsigned char, unsigned char, bool)
                         0x800'6e91   0x2c  Code  Gb  MPU6050.o [5]
MX_DMA_Init              0x800'3bb1   0x40  Code  Gb  dma.o [2]
MX_GPIO_Init             0x800'3a7d  0x134  Code  Gb  gpio.o [2]
MX_I2C1_Init             0x800'4151   0x38  Code  Gb  i2c.o [2]
MX_TIM1_Init             0x800'3bf1   0x86  Code  Gb  tim.o [2]
MX_TIM2_Init             0x800'3c77   0x82  Code  Gb  tim.o [2]
MX_TIM3_Init             0x800'3cf9   0x82  Code  Gb  tim.o [2]
MX_TIM4_Init             0x800'3d7b   0x82  Code  Gb  tim.o [2]
MX_TIM5_Init             0x800'3dfd   0xc0  Code  Gb  tim.o [2]
MX_TIM9_Init             0x800'3ebd   0x4e  Code  Gb  tim.o [2]
MX_USART6_UART_Init      0x800'2add   0x34  Code  Gb  usart.o [2]
MemManage_Handler        0x800'89bd    0x2  Code  Gb  stm32f4xx_it.o [2]
MotorControl::control(unsigned short, MotorDir)
                         0x800'5d0d   0x42  Code  Gb  MotorControl.o [7]
MotorControl::init(TIM_HandleTypeDef *, unsigned int, GPIO_TypeDef *, unsigned short)
                         0x800'5c91   0x7c  Code  Gb  MotorControl.o [7]
MotorControl::stop()     0x800'5d4f    0x8  Code  Gb  MotorControl.o [7]
MotorCtr_FL             0x2000'0734   0x28  Data  Gb  MotorControl.o [7]
MotorCtr_FR             0x2000'075c   0x28  Data  Gb  MotorControl.o [7]
MotorCtr_RL             0x2000'0784   0x28  Data  Gb  MotorControl.o [7]
MotorCtr_RR             0x2000'07ac   0x28  Data  Gb  MotorControl.o [7]
NMI_Handler              0x800'89b9    0x2  Code  Gb  stm32f4xx_it.o [2]
NVIC_EncodePriority      0x800'3865   0x40  Code  Lc  stm32f4xx_hal_cortex.o [4]
OTG_FS_IRQHandler        0x800'8d51         Code  Wk  startup_stm32f411xe.o [3]
OTG_FS_WKUP_IRQHandler   0x800'8d2d         Code  Wk  startup_stm32f411xe.o [3]
PVD_IRQHandler           0x800'8ca1         Code  Wk  startup_stm32f411xe.o [3]
PendSV_Handler           0x800'89c7    0x2  Code  Gb  stm32f4xx_it.o [2]
PinConfig_Out::high() const
                         0x800'6a79    0x8  Code  Wk  MotorControl.o [7]
PinConfig_Out::init(GPIO_TypeDef *, unsigned short)
                         0x800'6a55   0x1a  Code  Wk  MotorControl.o [7]
PinConfig_Out::low() const
                         0x800'6a6f    0xa  Code  Wk  MotorControl.o [7]
Quaternion::Quaternion()
                         0x800'73cd   0x14  Code  Wk  data.o [7]
RCC_IRQHandler           0x800'8cb1         Code  Wk  startup_stm32f411xe.o [3]
RTC_Alarm_IRQHandler     0x800'8d29         Code  Wk  startup_stm32f411xe.o [3]
RTC_WKUP_IRQHandler      0x800'8ca9         Code  Wk  startup_stm32f411xe.o [3]
Region$$Table$$Base      0x800'8b90          --   Gb  - Linker created -
Region$$Table$$Limit     0x800'8bb4          --   Gb  - Linker created -
Reset_Handler            0x800'8c65         Code  Wk  startup_stm32f411xe.o [3]
SDIO_IRQHandler          0x800'8d35         Code  Wk  startup_stm32f411xe.o [3]
SHT$$INIT_ARRAY$$Base    0x800'8c94          --   Gb  - Linker created -
SHT$$INIT_ARRAY$$Limit   0x800'8c9c          --   Gb  - Linker created -
SHT$$PREINIT_ARRAY$$Base
                         0x800'8c94          --   Gb  - Linker created -
SHT$$PREINIT_ARRAY$$Limit
                         0x800'8c94          --   Gb  - Linker created -
SPI1_IRQHandler          0x800'8d15         Code  Wk  startup_stm32f411xe.o [3]
SPI2_IRQHandler          0x800'8d19         Code  Wk  startup_stm32f411xe.o [3]
SPI3_IRQHandler          0x800'8d3d         Code  Wk  startup_stm32f411xe.o [3]
SPI4_IRQHandler          0x800'8d69         Code  Wk  startup_stm32f411xe.o [3]
SPI5_IRQHandler          0x800'8d6d         Code  Wk  startup_stm32f411xe.o [3]
SVC_Handler              0x800'89c3    0x2  Code  Gb  stm32f4xx_it.o [2]
SysTick_Config           0x800'38a5   0x30  Code  Lc  stm32f4xx_hal_cortex.o [4]
SysTick_Handler          0x800'89c9    0x8  Code  Gb  stm32f4xx_it.o [2]
SystemClock_Config       0x800'3459   0xa4  Code  Gb  main.o [2]
SystemCoreClock         0x2000'00a8    0x4  Data  Gb  system_stm32f4xx.o [1]
SystemInit               0x800'8c75    0xc  Code  Gb  system_stm32f4xx.o [1]
TAMP_STAMP_IRQHandler    0x800'8ca5         Code  Wk  startup_stm32f411xe.o [3]
TIM1_BRK_TIM9_IRQHandler
                         0x800'8ce9         Code  Wk  startup_stm32f411xe.o [3]
TIM1_CC_IRQHandler       0x800'8cf5         Code  Wk  startup_stm32f411xe.o [3]
TIM1_TRG_COM_TIM11_IRQHandler
                         0x800'8cf1         Code  Wk  startup_stm32f411xe.o [3]
TIM1_UP_TIM10_IRQHandler
                         0x800'8ced         Code  Wk  startup_stm32f411xe.o [3]
TIM2_IRQHandler          0x800'8cf9         Code  Wk  startup_stm32f411xe.o [3]
TIM3_IRQHandler          0x800'8cfd         Code  Wk  startup_stm32f411xe.o [3]
TIM4_IRQHandler          0x800'8d01         Code  Wk  startup_stm32f411xe.o [3]
TIM5_IRQHandler          0x800'8d39         Code  Wk  startup_stm32f411xe.o [3]
TIM_Base_SetConfig       0x800'4c8f   0x90  Code  Gb  stm32f4xx_hal_tim.o [4]
TIM_CCxChannelCmd        0x800'4fcd   0x22  Code  Gb  stm32f4xx_hal_tim.o [4]
TIM_ETR_SetConfig        0x800'4fb7   0x16  Code  Gb  stm32f4xx_hal_tim.o [4]
TIM_ITRx_SetConfig       0x800'4fa7   0x10  Code  Lc  stm32f4xx_hal_tim.o [4]
TIM_OC1_SetConfig        0x800'4d1f   0x5a  Code  Lc  stm32f4xx_hal_tim.o [4]
TIM_OC2_SetConfig        0x800'4d79   0x62  Code  Gb  stm32f4xx_hal_tim.o [4]
TIM_OC3_SetConfig        0x800'4ddd   0x60  Code  Lc  stm32f4xx_hal_tim.o [4]
TIM_OC4_SetConfig        0x800'4e3d   0x46  Code  Lc  stm32f4xx_hal_tim.o [4]
TIM_SlaveTimer_SetConfig
                         0x800'4e85   0xbc  Code  Lc  stm32f4xx_hal_tim.o [4]
TIM_TI1_ConfigInputStage
                         0x800'4f5d   0x24  Code  Lc  stm32f4xx_hal_tim.o [4]
TIM_TI2_ConfigInputStage
                         0x800'4f81   0x26  Code  Lc  stm32f4xx_hal_tim.o [4]
UART_DMA::UART_DMA()     0x800'3951    0xe  Code  Wk  UART_DMA.o [7]
UART_DMA::init(__UART_HandleTypeDef *, unsigned char *, unsigned short)
                         0x800'317b   0x38  Code  Gb  UART_DMA.o [7]
UART_DMAAbortOnError     0x800'2641   0x12  Code  Lc  stm32f4xx_hal_uart.o [4]
UART_DMAError            0x800'2495   0x58  Code  Lc  stm32f4xx_hal_uart.o [4]
UART_DMAReceiveCplt      0x800'23c5   0xaa  Code  Lc  stm32f4xx_hal_uart.o [4]
UART_DMARxHalfCplt       0x800'246f   0x26  Code  Lc  stm32f4xx_hal_uart.o [4]
UART_DMATransmitCplt     0x800'2363   0x54  Code  Lc  stm32f4xx_hal_uart.o [4]
UART_DMATxHalfCplt       0x800'23b7    0xe  Code  Lc  stm32f4xx_hal_uart.o [4]
UART_DMA_6              0x2000'0814    0xc  Data  Gb  UART_DMA.o [7]
UART_EndRxTransfer       0x800'25d9   0x66  Code  Lc  stm32f4xx_hal_uart.o [4]
UART_EndTransmit_IT      0x800'26bb   0x20  Code  Lc  stm32f4xx_hal_uart.o [4]
UART_EndTxTransfer       0x800'25b5   0x24  Code  Lc  stm32f4xx_hal_uart.o [4]
UART_Receive_IT          0x800'26db   0xfa  Code  Lc  stm32f4xx_hal_uart.o [4]
UART_SetConfig           0x800'27d5  0x2ee  Code  Lc  stm32f4xx_hal_uart.o [4]
UART_Start_Receive_DMA   0x800'24ed   0xc8  Code  Gb  stm32f4xx_hal_uart.o [4]
UART_Transmit_IT         0x800'2655   0x66  Code  Lc  stm32f4xx_hal_uart.o [4]
USART1_IRQHandler        0x800'8d1d         Code  Wk  startup_stm32f411xe.o [3]
USART2_IRQHandler        0x800'8d21         Code  Wk  startup_stm32f411xe.o [3]
USART6_IRQHandler        0x800'89ef    0xa  Code  Gb  stm32f4xx_it.o [2]
UsageFault_Handler       0x800'89c1    0x2  Code  Gb  stm32f4xx_it.o [2]
VectorFloat::VectorFloat()
                         0x800'73e1    0xe  Code  Wk  data.o [7]
WWDG_IRQHandler          0x800'8c9d         Code  Wk  startup_stm32f411xe.o [3]
_LC                      0x800'0199    0x6  Code  Lc  xprintffull_nomb.o [8]
_LitobFullNoMb           0x800'0e85  0x114  Code  Lc  xprintffull_nomb.o [8]
_Locale_lconv           0x2000'00ac   0x38  Data  Lc  xlocale_c.o [8]
_PrintfFullNoMb          0x800'019f  0xcb8  Code  Gb  xprintffull_nomb.o [8]
_Prout                   0x800'8c2b   0x16  Code  Gb  xprout.o [8]
_PutcharsFullNoMb        0x800'0ff1   0x2e  Code  Lc  xprintffull_nomb.o [8]
_SNProut                 0x800'10b7   0x1a  Code  Gb  xsnprout.o [8]
__NVIC_EnableIRQ         0x800'3819   0x20  Code  Lc  stm32f4xx_hal_cortex.o [4]
__NVIC_GetPriorityGrouping
                         0x800'380b    0xc  Code  Lc  stm32f4xx_hal_cortex.o [4]
__NVIC_SetPriority       0x800'3839   0x2c  Code  Lc  stm32f4xx_hal_cortex.o [4]
__NVIC_SetPriorityGrouping
                         0x800'37e9   0x22  Code  Lc  stm32f4xx_hal_cortex.o [4]
__aeabi_cdcmple          0x800'12b9         Code  Gb  DblCmpLe.o [9]
__aeabi_cdrcmple         0x800'12ed         Code  Gb  DblCmpGe.o [9]
__aeabi_d2f              0x800'784d         Code  Gb  DblToFlt.o [9]
__aeabi_d2iz             0x800'145d         Code  Gb  DblToS32.o [9]
__aeabi_d2uiz            0x800'1961         Code  Gb  DblToU32.o [9]
__aeabi_dadd             0x800'14b9         Code  Gb  DblAddSub.o [9]
__aeabi_ddiv             0x800'1719         Code  Gb  DblDiv.o [9]
__aeabi_dmul             0x800'19a1         Code  Gb  DblMul.o [9]
__aeabi_dsub             0x800'1635         Code  Gb  DblAddSub.o [9]
__aeabi_f2d              0x800'7805         Code  Gb  FltToDbl.o [9]
__aeabi_i2d              0x800'1495         Code  Gb  S32ToDbl.o [9]
__aeabi_ldiv0            0x800'1d8d         Code  Gb  I64DivZer.o [10]
__aeabi_memcpy           0x800'11a1         Code  Gb  ABImemcpy.o [10]
__aeabi_memcpy4          0x800'11c1         Code  Gb  ABImemcpy.o [10]
__aeabi_memcpy8          0x800'11c1         Code  Gb  ABImemcpy.o [10]
__aeabi_memset           0x800'3509         Code  Gb  ABImemset.o [10]
__aeabi_ui2d             0x800'1985         Code  Gb  U32ToDbl.o [9]
__aeabi_uldivmod         0x800'1b55         Code  Gb  I64DivMod.o [10]
__basic_free             0x800'7b79   0x16  Code  Gb  heap0.o [8]
__basic_free_intern      0x800'7b8f   0x74  Code  Lc  heap0.o [8]
__basic_malloc           0x800'7acd   0x18  Code  Gb  heap0.o [8]
__basic_malloc_intern    0x800'7ae5   0x94  Code  Lc  heap0.o [8]
__call_ctors             0x800'8bf5   0x18  Code  Gb  cppinit.o [8]
__cmain                  0x800'8b55         Code  Gb  cmain.o [10]
__data_GetMemChunk       0x800'7d95   0x2c  Code  Gb  xgetmemchunk.o [8]
__data_GetMemChunk::start
                        0x2000'08ac    0x4  Data  Lc  xgetmemchunk.o [8]
__dwrite                 0x800'8a71   0x1e  Code  Gb  dwrite.o [11]
__exit                   0x800'1d91   0x14  Code  Gb  exit.o [11]
__iar_Fail_s             0x800'10d1   0x1c  Code  Gb  xfail_s.o [8]
__iar_Memchr             0x800'1149         Code  Gb  memchr.o [10]
__iar_Memset             0x800'3509         Code  Gb  ABImemset.o [10]
__iar_Memset_word        0x800'3511         Code  Gb  ABImemset.o [10]
__iar_Sin32              0x800'78b5  0x18c  Code  Lc  cos_sin32.o [9]
__iar_Stdout            0x2000'00e4   0x4c  Data  Gb  xfiles.o [8]
__iar_Strchr             0x800'10a1         Code  Gb  strchr.o [10]
__iar_atan2_32           0x800'7779         Code  Gb  atan2f.o [9]
__iar_close_ttio         0x800'1da5   0x2c  Code  Gb  iarttio.o [11]
__iar_cos32              0x800'7a81    0x4  Code  Gb  cos_sin32.o [9]
__iar_cos_medium32       0x800'7a81    0x4  Code  Gb  cos_sin32.o [9]
__iar_cos_mediumf        0x800'7a81    0x4  Code  Gb  cos_sin32.o [9]
__iar_cstart_call_ctors
                         0x800'8bd5   0x20  Code  Gb  cmain_call_ctors.o [10]
__iar_data_init3         0x800'8b09   0x28  Code  Gb  data_init.o [10]
__iar_debug_exceptions   0x800'1246    0x1  Data  Gb  unwind_debug.o [11]
__iar_frexp              0x800'1255         Code  Gb  frexp.o [9]
__iar_frexpl             0x800'1255         Code  Gb  frexp.o [9]
__iar_get_ttio           0x800'1dd1   0x4c  Code  Gb  iarttio.o [11]
__iar_init_vfp           0x800'8b31         Code  Gb  fpinit_M.o [9]
__iar_ldexp64            0x800'1321         Code  Gb  ldexp.o [9]
__iar_lookup_ttioh       0x800'1e21    0x8  Code  Gb  XShttio.o [8]
__iar_packbits_init_single3
                         0x800'1067   0x3a  Code  Gb  packbits_init_single.o [10]
__iar_program_start      0x800'8c0d         Code  Gb  cstartup_M.o [10]
__iar_round32            0x800'7ca1         Code  Gb  roundf.o [9]
__iar_scalbln64          0x800'1321         Code  Gb  ldexp.o [9]
__iar_scalbn64           0x800'1321         Code  Gb  ldexp.o [9]
__iar_sh_stdout          0x800'8a8f   0x20  Code  Gb  iarwstd.o [11]
__iar_sh_write           0x800'8aaf   0x22  Code  Gb  iarwrite.o [11]
__iar_sin32              0x800'7a85    0x4  Code  Gb  cos_sin32.o [9]
__iar_sin_medium32       0x800'7a85    0x4  Code  Gb  cos_sin32.o [9]
__iar_sin_mediumf        0x800'7a85    0x4  Code  Gb  cos_sin32.o [9]
__iar_softfp___iar_frexp64
                         0x800'1249         Code  Gb  frexp.o [9]
__iar_softfp_frexp       0x800'1249         Code  Gb  frexp.o [9]
__iar_softfp_frexpl      0x800'1249         Code  Gb  frexp.o [9]
__iar_sqrt32             0x800'77e5         Code  Gb  sqrtf.o [9]
__iar_tls$$INIT_ARRAY$$Base
                         0x800'8c9c          --   Gb  - Linker created -
__iar_tls$$INIT_ARRAY$$Limit
                         0x800'8c9c          --   Gb  - Linker created -
__iar_ttio_handles      0x2000'0130    0x8  Data  Lc  XShttio.o [8]
__iar_vfp___iar_round32
                         0x800'7c91         Code  Gb  roundf.o [9]
__iar_vfp_roundf         0x800'7c91         Code  Gb  roundf.o [9]
__iar_xatanf             0x800'7cf1         Code  Gb  xatanf.o [9]
__iar_zero_init3         0x800'8ad1   0x38  Code  Gb  zero_init3.o [10]
__low_level_init         0x800'8b77    0x4  Code  Gb  low_level_init.o [8]
__sti__routine           0x800'5f99   0x1e  Code  Lc  data.o [7]
__sti__routine           0x800'3171    0xa  Code  Lc  UART_DMA.o [7]
__vector_table           0x800'0000         Data  Gb  startup_stm32f411xe.o [3]
__write                  0x800'8a61   0x10  Code  Gb  write.o [11]
_call_main               0x800'8b61         Code  Gb  cmain.o [10]
_exit                    0x800'8b81         Code  Gb  cexit.o [10]
_exit_2                  0x800'8b85         Code  Gb  cexit_2.o [10]
abort                    0x800'1d85    0x6  Code  Gb  abort.o [8]
atan2f                   0x800'7779         Code  Gb  atan2f.o [9]
cosf                     0x800'7a81    0x4  Code  Gb  cos_sin32.o [9]
debug_guiDuLieu()        0x800'694b   0x94  Code  Gb  input_output.o [7]
debug_guiDuLieu()::doDaiGoiTin
                        0x2000'08a4    0x4  Data  Lc  input_output.o [7]
debug_nhanDuLieu()       0x800'6835  0x116  Code  Gb  input_output.o [7]
delta_sx                0x2000'084c    0x4  Data  Gb  data.o [7]
delta_sy                0x2000'0850    0x4  Data  Gb  data.o [7]
dieuKhienMotorPID(float)
                         0x800'5ec7   0xa6  Code  Gb  MotorControl.o [7]
dmpMemory                0x800'7dc0  0xbf8  Data  Lc  data.o [7]
exit                     0x800'8b7b    0x4  Code  Gb  exit.o [8]
fifoBuffer              0x2000'06f4   0x40  Data  Gb  data.o [7]
free                     0x800'7c71    0x4  Code  Gb  heaptramp0.o [8]
gravity                 0x2000'07fc    0xc  Data  Gb  data.o [7]
hdma_usart6_rx          0x2000'03f8   0x60  Data  Gb  usart.o [2]
hdma_usart6_tx          0x2000'0398   0x60  Data  Gb  usart.o [2]
hi2c1                   0x2000'0458   0x54  Data  Gb  i2c.o [2]
hrxdata                 0x2000'013c   0xcc  Data  Gb  UART_DMA.o [7]
htim1                   0x2000'04fc   0x48  Data  Gb  tim.o [2]
htim2                   0x2000'0544   0x48  Data  Gb  tim.o [2]
htim3                   0x2000'058c   0x48  Data  Gb  tim.o [2]
htim4                   0x2000'05d4   0x48  Data  Gb  tim.o [2]
htim5                   0x2000'061c   0x48  Data  Gb  tim.o [2]
htim9                   0x2000'0664   0x48  Data  Gb  tim.o [2]
huart6                  0x2000'06ac   0x48  Data  Gb  usart.o [2]
isDMPNewData            0x2000'08b5    0x1  Data  Gb  data.o [7]
isDMPReady              0x2000'08b4    0x1  Data  Gb  data.o [7]
khoiTaoEncoder()         0x800'420d   0x1c  Code  Gb  main_cpp.o [6]
khoiTaoMPU()             0x800'639b   0x42  Code  Gb  data.o [7]
khoiTaoMotor()           0x800'4229   0x50  Code  Gb  main_cpp.o [6]
khoiTaoPID()             0x800'4289   0x4c  Code  Gb  main_cpp.o [6]
khoiTaoSerial()          0x800'4279   0x10  Code  Gb  main_cpp.o [6]
ldexp                    0x800'1321         Code  Gb  ldexp.o [9]
ldexpl                   0x800'1321         Code  Gb  ldexp.o [9]
localeconv               0x800'1b4d    0x4  Code  Gb  xlocale_c.o [8]
main                     0x800'3421   0x38  Code  Gb  main.o [2]
main_cpp                 0x800'42d5   0x82  Code  Gb  main_cpp.o [6]
mapArduino(float, float, float, float, float)
                         0x800'7c75   0x1a  Code  Gb  ArduinoWrapper.o [5]
memchr                   0x800'1149         Code  Gb  memchr.o [10]
memcmp                   0x800'7c09         Code  Gb  memcmp.o [10]
mpu                     0x2000'07d4   0x18  Data  Gb  data.o [7]
mpu_theta_ypr_rad       0x2000'0808    0xc  Data  Gb  data.o [7]
mpu_w_gyro_raw          0x2000'0820    0x8  Data  Gb  data.o [7]
nhayLed()                0x800'6825   0x10  Code  Gb  led_main.o [6]
obuf                    0x2000'04ac   0x50  Data  Lc  xfiles.o [8]
odom_delta_xx           0x2000'0854    0x4  Data  Gb  data.o [7]
odom_delta_xy           0x2000'0858    0x4  Data  Gb  data.o [7]
odom_delta_yx           0x2000'085c    0x4  Data  Gb  data.o [7]
odom_delta_yy           0x2000'0860    0x4  Data  Gb  data.o [7]
odom_theta_deg          0x2000'083c    0x4  Data  Gb  data.o [7]
odom_theta_rad          0x2000'0838    0x4  Data  Gb  data.o [7]
odom_vx                 0x2000'0840    0x4  Data  Gb  data.o [7]
odom_vy                 0x2000'0844    0x4  Data  Gb  data.o [7]
odom_w_rad              0x2000'0848    0x4  Data  Gb  data.o [7]
odom_x                  0x2000'0830    0x4  Data  Gb  data.o [7]
odom_y                  0x2000'0834    0x4  Data  Gb  data.o [7]
printf                   0x800'7cc9   0x28  Code  Gb  printf.o [8]
putchar                  0x800'8a1d   0x44  Code  Gb  putchar.o [8]
quaternion              0x2000'07ec   0x10  Data  Gb  data.o [7]
robot                   0x2000'0000   0xa4  Data  Gb  MotorControl.o [7]
roundf                   0x800'7ca1         Code  Gb  roundf.o [9]
rxBuffer                0x2000'0208   0xc8  Data  Gb  UART_DMA.o [7]
scalbln                  0x800'1321         Code  Gb  ldexp.o [9]
scalblnl                 0x800'1321         Code  Gb  ldexp.o [9]
scalbn                   0x800'1321         Code  Gb  ldexp.o [9]
scalbnl                  0x800'1321         Code  Gb  ldexp.o [9]
scale                    0x800'0f99   0x46  Code  Lc  xprintffull_nomb.o [8]
sec_hand                0x2000'08b0    0x4  Data  Lc  xfail_s.o [8]
sinf                     0x800'7a85    0x4  Code  Gb  cos_sin32.o [9]
snprintf                 0x800'7a89   0x44  Code  Gb  snprintf.o [8]
sqrtf                    0x800'77e5         Code  Gb  sqrtf.o [9]
strchr                   0x800'10a1         Code  Gb  strchr.o [10]
strlen                   0x800'1111         Code  Gb  strlen.o [10]
tgGuiDuLieuPiCu         0x2000'087c    0x4  Data  Gb  input_output.o [7]
tgNhanDuLieuCu          0x2000'0878    0x4  Data  Gb  input_output.o [7]
tgTinhOdomCu            0x2000'0864    0x4  Data  Gb  data.o [7]
theta_robot             0x2000'0888    0x4  Data  Gb  input_output.o [7]
tinhOdom()               0x800'6755   0x42  Code  Gb  data.o [7]
tinhPID(DataControl_t *, float)
                         0x800'5d59  0x16e  Code  Gb  MotorControl.o [7]
tinhThongSoGoc()         0x800'65fd   0x88  Code  Gb  data.o [7]
tinhToaDo(float)         0x800'6685   0xc6  Code  Gb  data.o [7]
tinhVanToc(float)        0x800'63e1  0x216  Code  Gb  data.o [7]
tinhVanToc(float)::xungQK_FL
                        0x2000'0874    0x4  Data  Lc  data.o [7]
tinhVanToc(float)::xungQK_FR
                        0x2000'0868    0x4  Data  Lc  data.o [7]
tinhVanToc(float)::xungQK_RL
                        0x2000'086c    0x4  Data  Lc  data.o [7]
tinhVanToc(float)::xungQK_RR
                        0x2000'0870    0x4  Data  Lc  data.o [7]
txBuffer                0x2000'02d0   0xc8  Data  Gb  UART_DMA.o [7]
uwTick                  0x2000'08a8    0x4  Data  Gb  stm32f4xx_hal.o [4]
uwTickFreq              0x2000'013a    0x1  Data  Gb  stm32f4xx_hal.o [4]
uwTickPrio              0x2000'00a4    0x4  Data  Gb  stm32f4xx_hal.o [4]
v_fl                    0x2000'0894    0x4  Data  Gb  input_output.o [7]
v_fr                    0x2000'0898    0x4  Data  Gb  input_output.o [7]
v_rl                    0x2000'089c    0x4  Data  Gb  input_output.o [7]
v_robot                 0x2000'0880    0x4  Data  Gb  input_output.o [7]
v_rr                    0x2000'08a0    0x4  Data  Gb  input_output.o [7]
vx                      0x2000'088c    0x4  Data  Gb  input_output.o [7]
vy                      0x2000'0890    0x4  Data  Gb  input_output.o [7]
w_robot                 0x2000'0884    0x4  Data  Gb  input_output.o [7]


[1] = C:\Users\taduc\Documents\STM32 IAR\ENCODER_1_KENH_1\EWARM\ENCODER_1_KENH_1\Obj\CMSIS_6603591812247902717.dir
[2] = C:\Users\taduc\Documents\STM32 IAR\ENCODER_1_KENH_1\EWARM\ENCODER_1_KENH_1\Obj\Core_13247989168731456611.dir
[3] = C:\Users\taduc\Documents\STM32 IAR\ENCODER_1_KENH_1\EWARM\ENCODER_1_KENH_1\Obj\EWARM_18443280873093131863.dir
[4] = C:\Users\taduc\Documents\STM32 IAR\ENCODER_1_KENH_1\EWARM\ENCODER_1_KENH_1\Obj\STM32F4xx_HAL_Driver_1244631019742807970.dir
[5] = C:\Users\taduc\Documents\STM32 IAR\ENCODER_1_KENH_1\EWARM\ENCODER_1_KENH_1\Obj\Src_10572706617924158656.dir
[6] = C:\Users\taduc\Documents\STM32 IAR\ENCODER_1_KENH_1\EWARM\ENCODER_1_KENH_1\Obj\Src_4229662168563015991.dir
[7] = C:\Users\taduc\Documents\STM32 IAR\ENCODER_1_KENH_1\EWARM\ENCODER_1_KENH_1\Obj\Src_8308038492197328671.dir
[8] = dl7M_tlf.a
[9] = m7M_tls.a
[10] = rt7M_tl.a
[11] = shb_l.a

  33'010 bytes of readonly  code memory
   3'312 bytes of readonly  data memory
   3'765 bytes of readwrite data memory

Errors: none
Warnings: none
