###############################################################################
#
# IAR ELF Linker V9.70.4.588/W64 for ARM                  29/May/2026  11:46:48
# Copyright 2007-2026 IAR Systems AB.
#
#    Output file  =
#        G:\internship\DO_AN\robot_omni\EWARM\ENCODER_1_KENH_1\Exe\ENCODER_1_KENH_1.out
#    Map file     =
#        G:\internship\DO_AN\robot_omni\EWARM\ENCODER_1_KENH_1\List\ENCODER_1_KENH_1.map
#    Command line =
#        -f
#        G:\internship\DO_AN\robot_omni\EWARM\ENCODER_1_KENH_1\Exe\ENCODER_1_KENH_1.out.rsp
#        (G:\internship\DO_AN\robot_omni\EWARM\ENCODER_1_KENH_1\Obj\Src_10572706617924158656.dir\ArduinoWrapper.o
#        G:\internship\DO_AN\robot_omni\EWARM\ENCODER_1_KENH_1\Obj\Src_8308038492197328671.dir\const.o
#        G:\internship\DO_AN\robot_omni\EWARM\ENCODER_1_KENH_1\Obj\Src_8308038492197328671.dir\data.o
#        G:\internship\DO_AN\robot_omni\EWARM\ENCODER_1_KENH_1\Obj\Core_13247989168731456611.dir\dma.o
#        G:\internship\DO_AN\robot_omni\EWARM\ENCODER_1_KENH_1\Obj\Core_13247989168731456611.dir\gpio.o
#        G:\internship\DO_AN\robot_omni\EWARM\ENCODER_1_KENH_1\Obj\Core_13247989168731456611.dir\i2c.o
#        G:\internship\DO_AN\robot_omni\EWARM\ENCODER_1_KENH_1\Obj\Src_10572706617924158656.dir\I2Cdev.o
#        G:\internship\DO_AN\robot_omni\EWARM\ENCODER_1_KENH_1\Obj\Src_8308038492197328671.dir\input_output.o
#        G:\internship\DO_AN\robot_omni\EWARM\ENCODER_1_KENH_1\Obj\Src_4229662168563015991.dir\led_main.o
#        G:\internship\DO_AN\robot_omni\EWARM\ENCODER_1_KENH_1\Obj\Core_13247989168731456611.dir\main.o
#        G:\internship\DO_AN\robot_omni\EWARM\ENCODER_1_KENH_1\Obj\Src_4229662168563015991.dir\main_cpp.o
#        G:\internship\DO_AN\robot_omni\EWARM\ENCODER_1_KENH_1\Obj\Src_8308038492197328671.dir\MotorControl.o
#        G:\internship\DO_AN\robot_omni\EWARM\ENCODER_1_KENH_1\Obj\Src_10572706617924158656.dir\MPU6050.o
#        G:\internship\DO_AN\robot_omni\EWARM\ENCODER_1_KENH_1\Obj\Src_8308038492197328671.dir\PID_AutoTune_v0.o
#        G:\internship\DO_AN\robot_omni\EWARM\ENCODER_1_KENH_1\Obj\Src_8308038492197328671.dir\PID_v1.o
#        G:\internship\DO_AN\robot_omni\EWARM\ENCODER_1_KENH_1\Obj\EWARM_18443280873093131863.dir\startup_stm32f411xe.o
#        G:\internship\DO_AN\robot_omni\EWARM\ENCODER_1_KENH_1\Obj\STM32F4xx_HAL_Driver_1244631019742807970.dir\stm32f4xx_hal.o
#        G:\internship\DO_AN\robot_omni\EWARM\ENCODER_1_KENH_1\Obj\STM32F4xx_HAL_Driver_1244631019742807970.dir\stm32f4xx_hal_cortex.o
#        G:\internship\DO_AN\robot_omni\EWARM\ENCODER_1_KENH_1\Obj\STM32F4xx_HAL_Driver_1244631019742807970.dir\stm32f4xx_hal_dma.o
#        G:\internship\DO_AN\robot_omni\EWARM\ENCODER_1_KENH_1\Obj\STM32F4xx_HAL_Driver_1244631019742807970.dir\stm32f4xx_hal_dma_ex.o
#        G:\internship\DO_AN\robot_omni\EWARM\ENCODER_1_KENH_1\Obj\STM32F4xx_HAL_Driver_1244631019742807970.dir\stm32f4xx_hal_exti.o
#        G:\internship\DO_AN\robot_omni\EWARM\ENCODER_1_KENH_1\Obj\STM32F4xx_HAL_Driver_1244631019742807970.dir\stm32f4xx_hal_flash.o
#        G:\internship\DO_AN\robot_omni\EWARM\ENCODER_1_KENH_1\Obj\STM32F4xx_HAL_Driver_1244631019742807970.dir\stm32f4xx_hal_flash_ex.o
#        G:\internship\DO_AN\robot_omni\EWARM\ENCODER_1_KENH_1\Obj\STM32F4xx_HAL_Driver_1244631019742807970.dir\stm32f4xx_hal_flash_ramfunc.o
#        G:\internship\DO_AN\robot_omni\EWARM\ENCODER_1_KENH_1\Obj\STM32F4xx_HAL_Driver_1244631019742807970.dir\stm32f4xx_hal_gpio.o
#        G:\internship\DO_AN\robot_omni\EWARM\ENCODER_1_KENH_1\Obj\STM32F4xx_HAL_Driver_1244631019742807970.dir\stm32f4xx_hal_i2c.o
#        G:\internship\DO_AN\robot_omni\EWARM\ENCODER_1_KENH_1\Obj\STM32F4xx_HAL_Driver_1244631019742807970.dir\stm32f4xx_hal_i2c_ex.o
#        G:\internship\DO_AN\robot_omni\EWARM\ENCODER_1_KENH_1\Obj\Core_13247989168731456611.dir\stm32f4xx_hal_msp.o
#        G:\internship\DO_AN\robot_omni\EWARM\ENCODER_1_KENH_1\Obj\STM32F4xx_HAL_Driver_1244631019742807970.dir\stm32f4xx_hal_pwr.o
#        G:\internship\DO_AN\robot_omni\EWARM\ENCODER_1_KENH_1\Obj\STM32F4xx_HAL_Driver_1244631019742807970.dir\stm32f4xx_hal_pwr_ex.o
#        G:\internship\DO_AN\robot_omni\EWARM\ENCODER_1_KENH_1\Obj\STM32F4xx_HAL_Driver_1244631019742807970.dir\stm32f4xx_hal_rcc.o
#        G:\internship\DO_AN\robot_omni\EWARM\ENCODER_1_KENH_1\Obj\STM32F4xx_HAL_Driver_1244631019742807970.dir\stm32f4xx_hal_rcc_ex.o
#        G:\internship\DO_AN\robot_omni\EWARM\ENCODER_1_KENH_1\Obj\STM32F4xx_HAL_Driver_1244631019742807970.dir\stm32f4xx_hal_tim.o
#        G:\internship\DO_AN\robot_omni\EWARM\ENCODER_1_KENH_1\Obj\STM32F4xx_HAL_Driver_1244631019742807970.dir\stm32f4xx_hal_tim_ex.o
#        G:\internship\DO_AN\robot_omni\EWARM\ENCODER_1_KENH_1\Obj\STM32F4xx_HAL_Driver_1244631019742807970.dir\stm32f4xx_hal_uart.o
#        G:\internship\DO_AN\robot_omni\EWARM\ENCODER_1_KENH_1\Obj\Core_13247989168731456611.dir\stm32f4xx_it.o
#        G:\internship\DO_AN\robot_omni\EWARM\ENCODER_1_KENH_1\Obj\CMSIS_6603591812247902717.dir\system_stm32f4xx.o
#        G:\internship\DO_AN\robot_omni\EWARM\ENCODER_1_KENH_1\Obj\Core_13247989168731456611.dir\tim.o
#        G:\internship\DO_AN\robot_omni\EWARM\ENCODER_1_KENH_1\Obj\Src_8308038492197328671.dir\uart_ring_buffer.o
#        G:\internship\DO_AN\robot_omni\EWARM\ENCODER_1_KENH_1\Obj\Core_13247989168731456611.dir\usart.o
#        --no_out_extension -o
#        G:\internship\DO_AN\robot_omni\EWARM\ENCODER_1_KENH_1\Exe\ENCODER_1_KENH_1.out
#        --redirect _Printf=_PrintfFullNoMb --redirect _Scanf=_ScanfFullNoMb
#        --map
#        G:\internship\DO_AN\robot_omni\EWARM\ENCODER_1_KENH_1\List\ENCODER_1_KENH_1.map
#        --config G:\internship\DO_AN\robot_omni\EWARM/stm32f411xe_flash.icf
#        --semihosting --entry __iar_program_start --vfe --text_out locale
#        --cpu=Cortex-M4 --fpu=VFPv4_sp) --diagnostics_format=sarif_stdout
#        --dependencies=n
#        G:\internship\DO_AN\robot_omni\EWARM\ENCODER_1_KENH_1\Exe\ENCODER_1_KENH_1.out.iar_deps
#        --dynamic_output
#        G:\internship\DO_AN\robot_omni\EWARM\ENCODER_1_KENH_1\Exe\ENCODER_1_KENH_1.out.iar_dynout
#
###############################################################################

*******************************************************************************
*** RUNTIME MODEL ATTRIBUTES
***

CppFlavor                     = *
__CPP_Exceptions              = Disabled
__CPP_Language                = C++14
__CPP_Library                 = DLib
__CPP_Runtime                 = 1
__Heap_Handler                = Basic
__SystemLibrary               = DLib
__dlib_dynamic_initialization = normal
__dlib_version                = 6


*******************************************************************************
*** HEAP SELECTION
***

The basic heap was selected because --advanced_heap
was not specified and the application did not appear to
be primarily optimized for speed.


*******************************************************************************
*** PLACEMENT SUMMARY
***

"A0":  place at address 0x800'0000 {  ro section .intvec };
"P1":  place in [from 0x800'0000 to 0x807'ffff] {  ro };
define block CSTACK with size = 1K, alignment = 8 { };
define block HEAP with size = 512, alignment = 8 { };
"P2":  place in [from 0x2000'0000 to 0x2001'ffff] {
           rw,  block CSTACK,  block HEAP };
initialize by copy {  rw };

  Section                Kind         Address  Alignment    Size  Object
  -------                ----         -------  ---------    ----  ------
"A0":                                                      0x198
  .intvec                ro code   0x800'0000          4   0x198  startup_stm32f411xe.o [3]
                                 - 0x800'0198              0x198

"P1":                                                     0x95e8
  .text                  ro code   0x800'0198          4   0xece  xprintffull_nomb.o [8]
  .text                  ro code   0x800'1066          2    0x3a  packbits_init_single.o [10]
  .text                  ro code   0x800'10a0          4    0x16  strchr.o [10]
  .text                  ro code   0x800'10b6          2    0x1a  xsnprout.o [8]
  .text                  ro code   0x800'10d0          4    0x40  xfail_s.o [8]
  .text                  ro code   0x800'1110          4    0x36  strlen.o [10]
  .rodata                const     0x800'1146          2     0x2  xlocale_c.o [8]
  .text                  ro code   0x800'1148          4    0x58  memchr.o [10]
  .text                  ro code   0x800'11a0          4    0xa6  ABImemcpy.o [10]
  .rodata                const     0x800'1246                0x1  unwind_debug.o [11]
  .rodata                const     0x800'1247                0x1  xlocale_c.o [8]
  .text                  ro code   0x800'1248          4    0x70  frexp.o [9]
  .text                  ro code   0x800'12b8          4    0x34  DblCmpLe.o [9]
  .text                  ro code   0x800'12ec          4    0x34  DblCmpGe.o [9]
  .text                  ro code   0x800'1320          4   0x13a  ldexp.o [9]
  .text                  ro code   0x800'145c          4    0x36  DblToS32.o [9]
  .text                  ro code   0x800'1494          4    0x22  S32ToDbl.o [9]
  .text                  ro code   0x800'14b8          4   0x25e  DblAddSub.o [9]
  .text                  ro code   0x800'1718          4   0x246  DblDiv.o [9]
  .text                  ro code   0x800'1960          4    0x22  DblToU32.o [9]
  .text                  ro code   0x800'1984          4    0x1c  U32ToDbl.o [9]
  .text                  ro code   0x800'19a0          4   0x1aa  DblMul.o [9]
  .text                  ro code   0x800'1b4c          4     0x8  xlocale_c.o [8]
  .text                  ro code   0x800'1b54          4   0x230  I64DivMod.o [10]
  .text                  ro code   0x800'1d84          2     0x6  abort.o [8]
  .text                  ro code   0x800'1d8c          4     0x2  I64DivZer.o [10]
  .text                  ro code   0x800'1d90          4    0x14  exit.o [11]
  .text                  ro code   0x800'1da4          4    0x7c  iarttio.o [11]
  .text                  ro code   0x800'1e20          4     0x8  XShttio.o [8]
  .text                  ro code   0x800'1e28          4   0xc06  stm32f4xx_hal_i2c.o [4]
  .text                  ro code   0x800'2a30          4    0xbc  i2c.o [2]
  .text                  ro code   0x800'2aec          4   0x190  stm32f4xx_hal_rcc.o [4]
  .text                  ro code   0x800'2c7c          4     0xc  stm32f4xx_hal.o [4]
  .text                  ro code   0x800'2c88          4    0xe8  main.o [2]
  .text                  ro code   0x800'2d70          4    0x66  ABImemset.o [10]
  .text                  ro code   0x800'2dd8          4   0x278  stm32f4xx_hal_gpio.o [4]
  .text                  ro code   0x800'3050          4    0x9c  stm32f4xx_hal_rcc.o [4]
  .text                  ro code   0x800'30ec          4    0x4c  stm32f4xx_hal.o [4]
  .text                  ro code   0x800'3138          4    0x34  stm32f4xx_hal.o [4]
  .text                  ro code   0x800'316c          4   0x134  gpio.o [2]
  .text                  ro code   0x800'32a0          4    0x40  dma.o [2]
  .text                  ro code   0x800'32e0          4   0x55c  tim.o [2]
  .text                  ro code   0x800'383c          4   0x14c  usart.o [2]
  .text                  ro code   0x800'3988          4   0x616  main_cpp.o [6]
  .text                  ro code   0x800'3fa0          4   0x3f0  stm32f4xx_hal_rcc.o [4]
  .text                  ro code   0x800'4390          4   0x15c  stm32f4xx_hal_cortex.o [4]
  .text                  ro code   0x800'44ec          4    0x40  stm32f4xx_hal_msp.o [2]
  .text                  ro code   0x800'452c          4   0x84e  stm32f4xx_hal_tim.o [4]
  .text                  ro code   0x800'4d7c          4    0x98  stm32f4xx_hal_tim_ex.o [4]
  .text                  ro code   0x800'4e14          4   0xbb4  stm32f4xx_hal_uart.o [4]
  .text                  ro code   0x800'59c8          4   0x544  stm32f4xx_hal_dma.o [4]
  .text                  ro code   0x800'5f0c          4   0x4ea  PID_v1.o [7]
  .text                  ro code   0x800'63f8          4    0x62  round.o [9]
  .text                  ro code   0x800'645c          4    0xc6  MotorControl.o [7]
  .text                  ro code   0x800'6522          2   0x110  uart_ring_buffer.o [7]
  .text                  ro code   0x800'6634          4   0x8c4  data.o [7]
  .text                  ro code   0x800'6ef8          4    0x10  led_main.o [6]
  .text                  ro code   0x800'6f08          4   0x4a4  input_output.o [7]
  .text                  ro code   0x800'73ac          2     0x2  stm32f4xx_hal_tim.o [4]
  .text                  ro code   0x800'73ae          2     0x2  stm32f4xx_hal_tim.o [4]
  .text                  ro code   0x800'73b0          2     0x2  stm32f4xx_hal_tim.o [4]
  .text                  ro code   0x800'73b2          2     0x2  stm32f4xx_hal_tim_ex.o [4]
  .text                  ro code   0x800'73b4          2     0x2  stm32f4xx_hal_tim.o [4]
  .text                  ro code   0x800'73b6          2     0x2  stm32f4xx_hal_tim_ex.o [4]
  .text                  ro code   0x800'73b8          2     0x2  stm32f4xx_hal_uart.o [4]
  .text                  ro code   0x800'73ba          2     0x2  stm32f4xx_hal_uart.o [4]
  .text                  ro code   0x800'73bc          2     0x2  stm32f4xx_hal_uart.o [4]
  .text                  ro code   0x800'73be          2     0x2  stm32f4xx_hal_uart.o [4]
  .text                  ro code   0x800'73c0          2     0x2  stm32f4xx_hal_uart.o [4]
  .text                  ro code   0x800'73c2          2     0x2  stm32f4xx_hal_uart.o [4]
  .text                  ro code   0x800'73c4          4    0x20  DblCmpEq.o [9]
  .text                  ro code   0x800'73e4          2    0x1a  MotorControl.o [7]
  .text                  ro code   0x800'73fe          2     0xa  MotorControl.o [7]
  .text                  ro code   0x800'7408          2     0x8  MotorControl.o [7]
  .text                  ro code   0x800'7410          4   0x958  MPU6050.o [5]
  .text                  ro code   0x800'7d68          2    0x14  data.o [7]
  .text                  ro code   0x800'7d7c          2     0xe  data.o [7]
  .text                  ro code   0x800'7d8c          4   0x33c  I2Cdev.o [5]
  .text                  ro code   0x800'80c8          4    0x28  stm32f4xx_hal.o [4]
  .text                  ro code   0x800'80f0          4    0x6a  atan2f.o [9]
  .text                  ro code   0x800'815c          4    0x1e  sqrtf.o [9]
  .text                  ro code   0x800'817c          4    0x48  FltToDbl.o [9]
  .text                  ro code   0x800'81c4          4    0x68  DblToFlt.o [9]
  .text                  ro code   0x800'822c          4    0x38  roundf.o [9]
  .text                  ro code   0x800'8264          4   0x1d4  cos_sin32.o [9]
  .text                  ro code   0x800'8438          4    0x44  snprintf.o [8]
  .text                  ro code   0x800'847c          4   0x13c  heap0.o [8]
  .text                  ro code   0x800'85b8          4    0x68  memcmp.o [10]
  .text                  ro code   0x800'8620          2     0x4  heaptramp0.o [8]
  .text                  ro code   0x800'8624          2    0x1a  ArduinoWrapper.o [5]
  .text                  ro code   0x800'8640          4    0x28  printf.o [8]
  .text                  ro code   0x800'8668          4    0xa4  xatanf.o [9]
  .text                  ro code   0x800'870c          4    0x2c  xgetmemchunk.o [8]
  .rodata                const     0x800'8738          4   0xbf8  data.o [7]
  .text                  ro code   0x800'9330          4    0x64  stm32f4xx_it.o [2]
  .text                  ro code   0x800'9394          4    0x18  stm32f4xx_hal.o [4]
  .text                  ro code   0x800'93ac          4    0x44  putchar.o [8]
  .text                  ro code   0x800'93f0          2    0x10  write.o [11]
  .text                  ro code   0x800'9400          2    0x1e  dwrite.o [11]
  .text                  ro code   0x800'941e          2    0x20  iarwstd.o [11]
  .text                  ro code   0x800'943e          2    0x22  iarwrite.o [11]
  .text                  ro code   0x800'9460          2    0x38  zero_init3.o [10]
  .text                  ro code   0x800'9498          4    0x28  data_init.o [10]
  .text                  ro code   0x800'94c0          4    0x22  fpinit_M.o [9]
  .text                  ro code   0x800'94e4          4    0x22  cmain.o [10]
  .text                  ro code   0x800'9506          2     0x4  low_level_init.o [8]
  .text                  ro code   0x800'950a          2     0x4  exit.o [8]
  .text                  ro code   0x800'9510          4     0x4  cexit.o [10]
  .text                  ro code   0x800'9514          4     0xa  cexit_2.o [10]
  .iar.init_table        const     0x800'9520          4    0x24  - Linker created -
  .rodata                const     0x800'9544          4    0x20  input_output.o [7]
  .text                  ro code   0x800'9564          4    0x20  cmain_call_ctors.o [10]
  .text                  ro code   0x800'9584          4    0x18  cppinit.o [8]
  .text                  ro code   0x800'959c          4    0x1e  cstartup_M.o [10]
  .text                  ro code   0x800'95ba          2    0x16  xprout.o [8]
  .rodata                const     0x800'95d0          4    0x14  MPU6050.o [5]
  .rodata                const     0x800'95e4          4    0x10  system_stm32f4xx.o [1]
  .text                  ro code   0x800'95f4          4    0x10  startup_stm32f411xe.o [3]
  .text                  ro code   0x800'9604          4    0x10  system_stm32f4xx.o [1]
  .rodata                const     0x800'9614          4     0xc  MPU6050.o [5]
  .rodata                const     0x800'9620          4     0x8  stm32f4xx_hal_dma.o [4]
  .rodata                const     0x800'9628          4     0x8  system_stm32f4xx.o [1]
  SHT$$PREINIT_ARRAY               0x800'9630                0x0  <Block>
  SHT$$INIT_ARRAY                  0x800'9630                0x8  <Block>
    .init_array          const     0x800'9630          4     0x4  data.o [7]
    .init_array          const     0x800'9634          4     0x4  main_cpp.o [6]
  __iar_tls$$INIT_ARRAY            0x800'9638                0x0  <Block>
  .text                  ro code   0x800'9638          2     0x4  startup_stm32f411xe.o [3]
  .text                  ro code   0x800'963c          2     0x4  startup_stm32f411xe.o [3]
  .text                  ro code   0x800'9640          2     0x4  startup_stm32f411xe.o [3]
  .text                  ro code   0x800'9644          2     0x4  startup_stm32f411xe.o [3]
  .text                  ro code   0x800'9648          2     0x4  startup_stm32f411xe.o [3]
  .text                  ro code   0x800'964c          2     0x4  startup_stm32f411xe.o [3]
  .text                  ro code   0x800'9650          2     0x4  startup_stm32f411xe.o [3]
  .text                  ro code   0x800'9654          2     0x4  startup_stm32f411xe.o [3]
  .text                  ro code   0x800'9658          2     0x4  startup_stm32f411xe.o [3]
  .text                  ro code   0x800'965c          2     0x4  startup_stm32f411xe.o [3]
  .text                  ro code   0x800'9660          2     0x4  startup_stm32f411xe.o [3]
  .text                  ro code   0x800'9664          2     0x4  startup_stm32f411xe.o [3]
  .text                  ro code   0x800'9668          2     0x4  startup_stm32f411xe.o [3]
  .text                  ro code   0x800'966c          2     0x4  startup_stm32f411xe.o [3]
  .text                  ro code   0x800'9670          2     0x4  startup_stm32f411xe.o [3]
  .text                  ro code   0x800'9674          2     0x4  startup_stm32f411xe.o [3]
  .text                  ro code   0x800'9678          2     0x4  startup_stm32f411xe.o [3]
  .text                  ro code   0x800'967c          2     0x4  startup_stm32f411xe.o [3]
  .text                  ro code   0x800'9680          2     0x4  startup_stm32f411xe.o [3]
  .text                  ro code   0x800'9684          2     0x4  startup_stm32f411xe.o [3]
  .text                  ro code   0x800'9688          2     0x4  startup_stm32f411xe.o [3]
  .text                  ro code   0x800'968c          2     0x4  startup_stm32f411xe.o [3]
  .text                  ro code   0x800'9690          2     0x4  startup_stm32f411xe.o [3]
  .text                  ro code   0x800'9694          2     0x4  startup_stm32f411xe.o [3]
  .text                  ro code   0x800'9698          2     0x4  startup_stm32f411xe.o [3]
  .text                  ro code   0x800'969c          2     0x4  startup_stm32f411xe.o [3]
  .text                  ro code   0x800'96a0          2     0x4  startup_stm32f411xe.o [3]
  .text                  ro code   0x800'96a4          2     0x4  startup_stm32f411xe.o [3]
  .text                  ro code   0x800'96a8          2     0x4  startup_stm32f411xe.o [3]
  .text                  ro code   0x800'96ac          2     0x4  startup_stm32f411xe.o [3]
  .text                  ro code   0x800'96b0          2     0x4  startup_stm32f411xe.o [3]
  .text                  ro code   0x800'96b4          2     0x4  startup_stm32f411xe.o [3]
  .text                  ro code   0x800'96b8          2     0x4  startup_stm32f411xe.o [3]
  .text                  ro code   0x800'96bc          2     0x4  startup_stm32f411xe.o [3]
  .text                  ro code   0x800'96c0          2     0x4  startup_stm32f411xe.o [3]
  .text                  ro code   0x800'96c4          2     0x4  startup_stm32f411xe.o [3]
  .text                  ro code   0x800'96c8          2     0x4  startup_stm32f411xe.o [3]
  .text                  ro code   0x800'96cc          2     0x4  startup_stm32f411xe.o [3]
  .text                  ro code   0x800'96d0          2     0x4  startup_stm32f411xe.o [3]
  .text                  ro code   0x800'96d4          2     0x4  startup_stm32f411xe.o [3]
  .text                  ro code   0x800'96d8          2     0x4  startup_stm32f411xe.o [3]
  .text                  ro code   0x800'96dc          2     0x4  startup_stm32f411xe.o [3]
  .text                  ro code   0x800'96e0          2     0x4  startup_stm32f411xe.o [3]
  .text                  ro code   0x800'96e4          2     0x4  startup_stm32f411xe.o [3]
  .text                  ro code   0x800'96e8          2     0x4  startup_stm32f411xe.o [3]
  .text                  ro code   0x800'96ec          2     0x4  startup_stm32f411xe.o [3]
  .text                  ro code   0x800'96f0          2     0x4  startup_stm32f411xe.o [3]
  .text                  ro code   0x800'96f4          2     0x4  startup_stm32f411xe.o [3]
  .text                  ro code   0x800'96f8          2     0x4  startup_stm32f411xe.o [3]
  .text                  ro code   0x800'96fc          2     0x4  startup_stm32f411xe.o [3]
  .text                  ro code   0x800'9700          2     0x4  startup_stm32f411xe.o [3]
  .text                  ro code   0x800'9704          2     0x4  startup_stm32f411xe.o [3]
  .rodata                const     0x800'9708                0x0  zero_init3.o [10]
  .rodata                const     0x800'9708                0x0  packbits_init_single.o [10]
  Initializer bytes      const     0x800'9708               0x78  <for P2-1>
                                 - 0x800'9780             0x95e8

"P2", part 1 of 3:                                         0x147
  P2-1                            0x2000'0000              0x147  <Init block>
    .data                inited   0x2000'0000          8    0xa8  MotorControl.o [7]
    .data                inited   0x2000'00a8          4     0x4  input_output.o [7]
    .data                inited   0x2000'00ac          4     0x4  main_cpp.o [6]
    .data                inited   0x2000'00b0          4     0x4  stm32f4xx_hal.o [4]
    .data                inited   0x2000'00b4          4     0x4  system_stm32f4xx.o [1]
    .data                inited   0x2000'00b8          4    0x38  xlocale_c.o [8]
    .data                inited   0x2000'00f0          4    0x4c  xfiles.o [8]
    .data                inited   0x2000'013c          4     0x8  XShttio.o [8]
    .data                inited   0x2000'0144          2     0x2  I2Cdev.o [5]
    .data                inited   0x2000'0146                0x1  stm32f4xx_hal.o [4]
                                - 0x2000'0147              0x147

"P2", part 2 of 3:                                         0xc50
  .bss                   zero     0x2000'0148          4   0x400  main_cpp.o [6]
  .bss                   zero     0x2000'0548          4    0x80  input_output.o [7]
  .bss                   zero     0x2000'05c8          8    0x78  main_cpp.o [6]
  .bss                   zero     0x2000'0640          8    0x78  main_cpp.o [6]
  .bss                   zero     0x2000'06b8          8    0x78  main_cpp.o [6]
  .bss                   zero     0x2000'0730          8    0x78  main_cpp.o [6]
  .bss                   zero     0x2000'07a8          4    0x60  usart.o [2]
  .bss                   zero     0x2000'0808          4    0x60  usart.o [2]
  .bss                   zero     0x2000'0868          4    0x54  i2c.o [2]
  .bss                   zero     0x2000'08bc          4    0x50  xfiles.o [8]
  .bss                   zero     0x2000'090c          4    0x48  tim.o [2]
  .bss                   zero     0x2000'0954          4    0x48  tim.o [2]
  .bss                   zero     0x2000'099c          4    0x48  tim.o [2]
  .bss                   zero     0x2000'09e4          4    0x48  tim.o [2]
  .bss                   zero     0x2000'0a2c          4    0x48  tim.o [2]
  .bss                   zero     0x2000'0a74          4    0x48  tim.o [2]
  .bss                   zero     0x2000'0abc          4    0x48  usart.o [2]
  .bss                   zero     0x2000'0b04          4    0x40  data.o [7]
  .bss                   zero     0x2000'0b44          4    0x40  main_cpp.o [6]
  .bss                   zero     0x2000'0b84          4    0x28  MotorControl.o [7]
  .bss                   zero     0x2000'0bac          4    0x28  MotorControl.o [7]
  .bss                   zero     0x2000'0bd4          4    0x28  MotorControl.o [7]
  .bss                   zero     0x2000'0bfc          4    0x28  MotorControl.o [7]
  .bss                   zero     0x2000'0c24          4    0x18  data.o [7]
  .bss                   zero     0x2000'0c3c          4    0x10  data.o [7]
  .bss                   zero     0x2000'0c4c          4     0xc  data.o [7]
  .bss                   zero     0x2000'0c58          4     0xc  data.o [7]
  .bss                   zero     0x2000'0c64          4     0xc  main_cpp.o [6]
  .bss                   zero     0x2000'0c70          4     0x8  data.o [7]
  .bss                   zero     0x2000'0c78          8     0x8  main_cpp.o [6]
  .bss                   zero     0x2000'0c80          8     0x8  main_cpp.o [6]
  .bss                   zero     0x2000'0c88          8     0x8  main_cpp.o [6]
  .bss                   zero     0x2000'0c90          8     0x8  main_cpp.o [6]
  .bss                   zero     0x2000'0c98          8     0x8  main_cpp.o [6]
  .bss                   zero     0x2000'0ca0          8     0x8  main_cpp.o [6]
  .bss                   zero     0x2000'0ca8          8     0x8  main_cpp.o [6]
  .bss                   zero     0x2000'0cb0          8     0x8  main_cpp.o [6]
  .bss                   zero     0x2000'0cb8          8     0x8  main_cpp.o [6]
  .bss                   zero     0x2000'0cc0          8     0x8  main_cpp.o [6]
  .bss                   zero     0x2000'0cc8          8     0x8  main_cpp.o [6]
  .bss                   zero     0x2000'0cd0          4     0x8  heap0.o [8]
  .bss                   zero     0x2000'0cd8          4     0x4  data.o [7]
  .bss                   zero     0x2000'0cdc          4     0x4  data.o [7]
  .bss                   zero     0x2000'0ce0          4     0x4  data.o [7]
  .bss                   zero     0x2000'0ce4          4     0x4  data.o [7]
  .bss                   zero     0x2000'0ce8          4     0x4  data.o [7]
  .bss                   zero     0x2000'0cec          4     0x4  data.o [7]
  .bss                   zero     0x2000'0cf0          4     0x4  data.o [7]
  .bss                   zero     0x2000'0cf4          4     0x4  data.o [7]
  .bss                   zero     0x2000'0cf8          4     0x4  data.o [7]
  .bss                   zero     0x2000'0cfc          4     0x4  data.o [7]
  .bss                   zero     0x2000'0d00          4     0x4  data.o [7]
  .bss                   zero     0x2000'0d04          4     0x4  data.o [7]
  .bss                   zero     0x2000'0d08          4     0x4  data.o [7]
  .bss                   zero     0x2000'0d0c          4     0x4  data.o [7]
  .bss                   zero     0x2000'0d10          4     0x4  data.o [7]
  .bss                   zero     0x2000'0d14          4     0x4  data.o [7]
  .bss                   zero     0x2000'0d18          4     0x4  data.o [7]
  .bss                   zero     0x2000'0d1c          4     0x4  data.o [7]
  .bss                   zero     0x2000'0d20          4     0x4  data.o [7]
  .bss                   zero     0x2000'0d24          4     0x4  input_output.o [7]
  .bss                   zero     0x2000'0d28          4     0x4  input_output.o [7]
  .bss                   zero     0x2000'0d2c          4     0x4  input_output.o [7]
  .bss                   zero     0x2000'0d30          4     0x4  input_output.o [7]
  .bss                   zero     0x2000'0d34          4     0x4  input_output.o [7]
  .bss                   zero     0x2000'0d38          4     0x4  input_output.o [7]
  .bss                   zero     0x2000'0d3c          4     0x4  input_output.o [7]
  .bss                   zero     0x2000'0d40          4     0x4  input_output.o [7]
  .bss                   zero     0x2000'0d44          4     0x4  input_output.o [7]
  .bss                   zero     0x2000'0d48          4     0x4  input_output.o [7]
  .bss                   zero     0x2000'0d4c          4     0x4  main_cpp.o [6]
  .bss                   zero     0x2000'0d50          4     0x4  main_cpp.o [6]
  .bss                   zero     0x2000'0d54          4     0x4  main_cpp.o [6]
  .bss                   zero     0x2000'0d58          4     0x4  main_cpp.o [6]
  .bss                   zero     0x2000'0d5c          4     0x4  main_cpp.o [6]
  .bss                   zero     0x2000'0d60          4     0x4  main_cpp.o [6]
  .bss                   zero     0x2000'0d64          4     0x4  main_cpp.o [6]
  .bss                   zero     0x2000'0d68          4     0x4  main_cpp.o [6]
  .bss                   zero     0x2000'0d6c          4     0x4  main_cpp.o [6]
  .bss                   zero     0x2000'0d70          4     0x4  main_cpp.o [6]
  .bss                   zero     0x2000'0d74          4     0x4  main_cpp.o [6]
  .bss                   zero     0x2000'0d78          4     0x4  main_cpp.o [6]
  .bss                   zero     0x2000'0d7c          4     0x4  main_cpp.o [6]
  .bss                   zero     0x2000'0d80          4     0x4  main_cpp.o [6]
  .bss                   zero     0x2000'0d84          4     0x4  main_cpp.o [6]
  .bss                   zero     0x2000'0d88          4     0x4  stm32f4xx_hal.o [4]
  .bss                   zero     0x2000'0d8c          4     0x4  xfail_s.o [8]
  .bss                   zero     0x2000'0d90          4     0x4  xgetmemchunk.o [8]
  .bss                   zero     0x2000'0d94                0x1  data.o [7]
  .bss                   zero     0x2000'0d95                0x1  data.o [7]
  .bss                   zero     0x2000'0d96                0x1  main_cpp.o [6]
                                - 0x2000'0d97              0xc4f

"P2", part 3 of 3:                                         0x600
  CSTACK                          0x2000'0d98          8   0x400  <Block>
    CSTACK               uninit   0x2000'0d98              0x400  <Block tail>
  HEAP                            0x2000'1198          8   0x200  <Block>
    HEAP                 uninit   0x2000'1198              0x200  <Block tail>
                                - 0x2000'1398              0x600

Unused ranges:

         From           To      Size
         ----           --      ----
   0x800'9780   0x807'ffff  0x7'6880
  0x2000'0147  0x2000'0147       0x1
  0x2000'1398  0x2001'ffff  0x1'ec68


*******************************************************************************
*** INIT TABLE
***

          Address      Size
          -------      ----
Zero (__iar_zero_init3)
    1 destination range, total size 0xc4f:
          0x2000'0148  0xc4f

Copy/packbits (__iar_packbits_init_single3)
    1 source range, total size 0x78 (36% of destination):
           0x800'9708   0x78
    1 destination range, total size 0x147:
          0x2000'0000  0x147

Extra (__iar_cstart_call_ctors)



*******************************************************************************
*** MODULE SUMMARY
***

    Module                  ro code  ro data  rw data
    ------                  -------  -------  -------
command line/config:
    -------------------------------------------------
    Total:

G:\internship\DO_AN\robot_omni\EWARM\ENCODER_1_KENH_1\Obj\CMSIS_6603591812247902717.dir: [1]
    system_stm32f4xx.o           16       25        4
    -------------------------------------------------
    Total:                       16       25        4

G:\internship\DO_AN\robot_omni\EWARM\ENCODER_1_KENH_1\Obj\Core_13247989168731456611.dir: [2]
    dma.o                        64
    gpio.o                      308
    i2c.o                       188                84
    main.o                      232
    stm32f4xx_hal_msp.o          64
    stm32f4xx_it.o              100
    tim.o                     1'372               432
    usart.o                     332               264
    -------------------------------------------------
    Total:                    2'660               780

G:\internship\DO_AN\robot_omni\EWARM\ENCODER_1_KENH_1\Obj\EWARM_18443280873093131863.dir: [3]
    startup_stm32f411xe.o       632
    -------------------------------------------------
    Total:                      632

G:\internship\DO_AN\robot_omni\EWARM\ENCODER_1_KENH_1\Obj\STM32F4xx_HAL_Driver_1244631019742807970.dir: [4]
    stm32f4xx_hal.o             204        3        9
    stm32f4xx_hal_cortex.o      348
    stm32f4xx_hal_dma.o       1'348        8
    stm32f4xx_hal_gpio.o        632
    stm32f4xx_hal_i2c.o       3'078
    stm32f4xx_hal_rcc.o       1'564
    stm32f4xx_hal_tim.o       2'134
    stm32f4xx_hal_tim_ex.o      156
    stm32f4xx_hal_uart.o      3'008
    -------------------------------------------------
    Total:                   12'472       11        9

G:\internship\DO_AN\robot_omni\EWARM\ENCODER_1_KENH_1\Obj\Src_10572706617924158656.dir: [5]
    ArduinoWrapper.o             26
    I2Cdev.o                    828        1        2
    MPU6050.o                 2'392       32
    -------------------------------------------------
    Total:                    3'246       33        2

G:\internship\DO_AN\robot_omni\EWARM\ENCODER_1_KENH_1\Obj\Src_4229662168563015991.dir: [6]
    led_main.o                   16
    main_cpp.o                1'558        5    1'733
    -------------------------------------------------
    Total:                    1'574        5    1'733

G:\internship\DO_AN\robot_omni\EWARM\ENCODER_1_KENH_1\Obj\Src_8308038492197328671.dir: [7]
    MotorControl.o              242       61      328
    PID_v1.o                  1'258
    data.o                    2'278    3'068      214
    input_output.o            1'188       34      172
    uart_ring_buffer.o          272
    -------------------------------------------------
    Total:                    5'238    3'163      714

dl7M_tlf.a: [8]
    XShttio.o                     8        3        8
    abort.o                       6
    cppinit.o                    24
    exit.o                        4
    heap0.o                     316                 8
    heaptramp0.o                  4
    low_level_init.o              4
    printf.o                     40
    putchar.o                    68
    snprintf.o                   68
    xfail_s.o                    64                 4
    xfiles.o                              27      156
    xgetmemchunk.o               44                 4
    xlocale_c.o                   8       24       56
    xprintffull_nomb.o        3'790
    xprout.o                     22
    xsnprout.o                   26
    -------------------------------------------------
    Total:                    4'496       54      236

m7M_tls.a: [9]
    DblAddSub.o                 606
    DblCmpEq.o                   32
    DblCmpGe.o                   52
    DblCmpLe.o                   52
    DblDiv.o                    582
    DblMul.o                    426
    DblToFlt.o                  104
    DblToS32.o                   54
    DblToU32.o                   34
    FltToDbl.o                   72
    S32ToDbl.o                   34
    U32ToDbl.o                   28
    atan2f.o                    106
    cos_sin32.o                 468
    fpinit_M.o                   34
    frexp.o                     112
    ldexp.o                     314
    round.o                      98
    roundf.o                     56
    sqrtf.o                      30
    xatanf.o                    164
    -------------------------------------------------
    Total:                    3'458

rt7M_tl.a: [10]
    ABImemcpy.o                 166
    ABImemset.o                 102
    I64DivMod.o                 560
    I64DivZer.o                   2
    cexit.o                       4
    cexit_2.o                    10
    cmain.o                      34
    cmain_call_ctors.o           32
    cstartup_M.o                 30
    data_init.o                  40
    memchr.o                     88
    memcmp.o                    104
    packbits_init_single.o       58
    strchr.o                     22
    strlen.o                     54
    zero_init3.o                 56
    -------------------------------------------------
    Total:                    1'362

shb_l.a: [11]
    dwrite.o                     30
    exit.o                       20
    iarttio.o                   124
    iarwrite.o                   34
    iarwstd.o                    32
    unwind_debug.o                         1
    write.o                      16
    -------------------------------------------------
    Total:                      256        1

    Gaps                         44        2
    Linker created                        36    1'536
-----------------------------------------------------
    Grand Total:             35'454    3'330    5'014


*******************************************************************************
*** ENTRY LIST
***

Entry                       Address   Size  Type      Object
-----                       -------   ----  ----      ------
.iar.init_table$$Base    0x800'9520          --   Gb  - Linker created -
.iar.init_table$$Limit   0x800'9544          --   Gb  - Linker created -
?main                    0x800'94e5         Code  Gb  cmain.o [10]
ADC_IRQHandler           0x800'9681         Code  Wk  startup_stm32f411xe.o [3]
AHBPrescTable            0x800'95e4   0x10  Data  Gb  system_stm32f4xx.o [1]
APBPrescTable            0x800'9628    0x8  Data  Gb  system_stm32f4xx.o [1]
Aldata                  0x2000'0cd0    0x8  Data  Lc  heap0.o [8]
BusFault_Handler         0x800'9337    0x2  Code  Gb  stm32f4xx_it.o [2]
CSTACK$$Base            0x2000'0d98          --   Gb  - Linker created -
CSTACK$$Limit           0x2000'1198          --   Gb  - Linker created -
D                       0x2000'0cc8    0x8  Data  Gb  main_cpp.o [6]
DMA1_Stream0_IRQHandler
                         0x800'9665         Code  Wk  startup_stm32f411xe.o [3]
DMA1_Stream1_IRQHandler
                         0x800'9669         Code  Wk  startup_stm32f411xe.o [3]
DMA1_Stream2_IRQHandler
                         0x800'966d         Code  Wk  startup_stm32f411xe.o [3]
DMA1_Stream3_IRQHandler
                         0x800'9671         Code  Wk  startup_stm32f411xe.o [3]
DMA1_Stream4_IRQHandler
                         0x800'9675         Code  Wk  startup_stm32f411xe.o [3]
DMA1_Stream5_IRQHandler
                         0x800'9679         Code  Wk  startup_stm32f411xe.o [3]
DMA1_Stream6_IRQHandler
                         0x800'967d         Code  Wk  startup_stm32f411xe.o [3]
DMA1_Stream7_IRQHandler
                         0x800'96c9         Code  Wk  startup_stm32f411xe.o [3]
DMA2_Stream0_IRQHandler
                         0x800'96d9         Code  Wk  startup_stm32f411xe.o [3]
DMA2_Stream1_IRQHandler
                         0x800'9363    0xa  Code  Gb  stm32f4xx_it.o [2]
DMA2_Stream2_IRQHandler
                         0x800'96dd         Code  Wk  startup_stm32f411xe.o [3]
DMA2_Stream3_IRQHandler
                         0x800'96e1         Code  Wk  startup_stm32f411xe.o [3]
DMA2_Stream4_IRQHandler
                         0x800'96e5         Code  Wk  startup_stm32f411xe.o [3]
DMA2_Stream5_IRQHandler
                         0x800'96ed         Code  Wk  startup_stm32f411xe.o [3]
DMA2_Stream6_IRQHandler
                         0x800'936d    0xa  Code  Gb  stm32f4xx_it.o [2]
DMA2_Stream7_IRQHandler
                         0x800'96f1         Code  Wk  startup_stm32f411xe.o [3]
DMA_CalcBaseAndBitshift
                         0x800'5e33   0x30  Code  Lc  stm32f4xx_hal_dma.o [4]
DMA_CalcBaseAndBitshift::flagBitshiftOffset
                         0x800'9620    0x8  Data  Lc  stm32f4xx_hal_dma.o [4]
DMA_CheckFifoParam       0x800'5e71   0x9c  Code  Lc  stm32f4xx_hal_dma.o [4]
DMA_SetConfig            0x800'5e05   0x2e  Code  Lc  stm32f4xx_hal_dma.o [4]
DebugMon_Handler         0x800'933d    0x2  Code  Gb  stm32f4xx_it.o [2]
EXTI0_IRQHandler         0x800'9651         Code  Wk  startup_stm32f411xe.o [3]
EXTI15_10_IRQHandler     0x800'96bd         Code  Wk  startup_stm32f411xe.o [3]
EXTI1_IRQHandler         0x800'9655         Code  Wk  startup_stm32f411xe.o [3]
EXTI2_IRQHandler         0x800'9659         Code  Wk  startup_stm32f411xe.o [3]
EXTI3_IRQHandler         0x800'965d         Code  Wk  startup_stm32f411xe.o [3]
EXTI4_IRQHandler         0x800'9661         Code  Wk  startup_stm32f411xe.o [3]
EXTI9_5_IRQHandler       0x800'9349    0xa  Code  Gb  stm32f4xx_it.o [2]
Error_Handler            0x800'2d6d    0x4  Code  Gb  main.o [2]
FLASH_IRQHandler         0x800'9649         Code  Wk  startup_stm32f411xe.o [3]
FPU_IRQHandler           0x800'96fd         Code  Wk  startup_stm32f411xe.o [3]
HAL_DMA_Abort            0x800'5b39   0x9c  Code  Gb  stm32f4xx_hal_dma.o [4]
HAL_DMA_Abort_IT         0x800'5bd5   0x28  Code  Gb  stm32f4xx_hal_dma.o [4]
HAL_DMA_IRQHandler       0x800'5bfd  0x208  Code  Gb  stm32f4xx_hal_dma.o [4]
HAL_DMA_Init             0x800'59c9   0xe4  Code  Gb  stm32f4xx_hal_dma.o [4]
HAL_DMA_Start_IT         0x800'5aad   0x8c  Code  Gb  stm32f4xx_hal_dma.o [4]
HAL_Delay                0x800'80c9   0x28  Code  Wk  stm32f4xx_hal.o [4]
HAL_GPIO_EXTI_Callback   0x800'3ec7   0x10  Code  Gb  main_cpp.o [6]
HAL_GPIO_EXTI_IRQHandler
                         0x800'2ffd   0x20  Code  Gb  stm32f4xx_hal_gpio.o [4]
HAL_GPIO_Init            0x800'2dd9  0x20a  Code  Gb  stm32f4xx_hal_gpio.o [4]
HAL_GPIO_WritePin        0x800'2fe3   0x1a  Code  Gb  stm32f4xx_hal_gpio.o [4]
HAL_GetTick              0x800'2c7d    0xc  Code  Wk  stm32f4xx_hal.o [4]
HAL_I2C_Init             0x800'1e29  0x1d2  Code  Gb  stm32f4xx_hal_i2c.o [4]
HAL_I2C_Mem_Read         0x800'2185  0x312  Code  Gb  stm32f4xx_hal_i2c.o [4]
HAL_I2C_Mem_Write        0x800'2015  0x16e  Code  Gb  stm32f4xx_hal_i2c.o [4]
HAL_I2C_MspInit          0x800'2a69   0x6a  Code  Gb  i2c.o [2]
HAL_IncTick              0x800'9395   0x18  Code  Wk  stm32f4xx_hal.o [4]
HAL_Init                 0x800'3139   0x30  Code  Gb  stm32f4xx_hal.o [4]
HAL_InitTick             0x800'30ed   0x4c  Code  Wk  stm32f4xx_hal.o [4]
HAL_MspInit              0x800'44ed   0x40  Code  Gb  stm32f4xx_hal_msp.o [2]
HAL_NVIC_EnableIRQ       0x800'44b3    0xe  Code  Gb  stm32f4xx_hal_cortex.o [4]
HAL_NVIC_SetPriority     0x800'4489   0x2a  Code  Gb  stm32f4xx_hal_cortex.o [4]
HAL_NVIC_SetPriorityGrouping
                         0x800'447d    0xc  Code  Gb  stm32f4xx_hal_cortex.o [4]
HAL_RCC_ClockConfig      0x800'2aed  0x140  Code  Gb  stm32f4xx_hal_rcc.o [4]
HAL_RCC_GetHCLKFreq      0x800'2c2d    0x6  Code  Gb  stm32f4xx_hal_rcc.o [4]
HAL_RCC_GetPCLK1Freq     0x800'2c33   0x16  Code  Gb  stm32f4xx_hal_rcc.o [4]
HAL_RCC_GetPCLK2Freq     0x800'2c49   0x16  Code  Gb  stm32f4xx_hal_rcc.o [4]
HAL_RCC_GetSysClockFreq
                         0x800'3051   0x9c  Code  Wk  stm32f4xx_hal_rcc.o [4]
HAL_RCC_OscConfig        0x800'3fa1  0x3f0  Code  Wk  stm32f4xx_hal_rcc.o [4]
HAL_SYSTICK_Config       0x800'44c1    0xc  Code  Gb  stm32f4xx_hal_cortex.o [4]
HAL_TIMEx_BreakCallback
                         0x800'73b3    0x2  Code  Wk  stm32f4xx_hal_tim_ex.o [4]
HAL_TIMEx_CommutCallback
                         0x800'73b7    0x2  Code  Wk  stm32f4xx_hal_tim_ex.o [4]
HAL_TIMEx_MasterConfigSynchronization
                         0x800'4d7d   0x80  Code  Gb  stm32f4xx_hal_tim_ex.o [4]
HAL_TIM_Base_Init        0x800'452d   0x6e  Code  Gb  stm32f4xx_hal_tim.o [4]
HAL_TIM_Base_MspInit     0x800'35d9  0x1ae  Code  Gb  tim.o [2]
HAL_TIM_Base_Start       0x800'459b   0x7a  Code  Gb  stm32f4xx_hal_tim.o [4]
HAL_TIM_IC_CaptureCallback
                         0x800'73ad    0x2  Code  Wk  stm32f4xx_hal_tim.o [4]
HAL_TIM_IRQHandler       0x800'478d  0x13e  Code  Gb  stm32f4xx_hal_tim.o [4]
HAL_TIM_MspPostInit      0x800'37ad   0x50  Code  Gb  tim.o [2]
HAL_TIM_OC_DelayElapsedCallback
                         0x800'73af    0x2  Code  Wk  stm32f4xx_hal_tim.o [4]
HAL_TIM_PWM_ConfigChannel
                         0x800'48cb   0xfc  Code  Gb  stm32f4xx_hal_tim.o [4]
HAL_TIM_PWM_Init         0x800'4625   0x6e  Code  Gb  stm32f4xx_hal_tim.o [4]
HAL_TIM_PWM_MspInit      0x800'3787   0x26  Code  Gb  tim.o [2]
HAL_TIM_PWM_PulseFinishedCallback
                         0x800'73b1    0x2  Code  Wk  stm32f4xx_hal_tim.o [4]
HAL_TIM_PWM_Start        0x800'4693   0xe2  Code  Gb  stm32f4xx_hal_tim.o [4]
HAL_TIM_PeriodElapsedCallback
                         0x800'3f9d    0x2  Code  Gb  main_cpp.o [6]
HAL_TIM_SlaveConfigSynchro
                         0x800'49c7   0x62  Code  Gb  stm32f4xx_hal_tim.o [4]
HAL_TIM_TriggerCallback
                         0x800'73b5    0x2  Code  Wk  stm32f4xx_hal_tim.o [4]
HAL_UARTEx_RxEventCallback
                         0x800'73bb    0x2  Code  Wk  stm32f4xx_hal_uart.o [4]
HAL_UART_ErrorCallback   0x800'73b9    0x2  Code  Wk  stm32f4xx_hal_uart.o [4]
HAL_UART_IRQHandler      0x800'4f6b  0x2e4  Code  Gb  stm32f4xx_hal_uart.o [4]
HAL_UART_Init            0x800'4e15   0x7a  Code  Gb  stm32f4xx_hal_uart.o [4]
HAL_UART_MspInit         0x800'3871   0xf4  Code  Gb  usart.o [2]
HAL_UART_Receive_DMA     0x800'4f35   0x36  Code  Gb  stm32f4xx_hal_uart.o [4]
HAL_UART_RxCpltCallback
                         0x800'73c1    0x2  Code  Wk  stm32f4xx_hal_uart.o [4]
HAL_UART_RxHalfCpltCallback
                         0x800'73c3    0x2  Code  Wk  stm32f4xx_hal_uart.o [4]
HAL_UART_Transmit_DMA    0x800'4e8f   0x9a  Code  Gb  stm32f4xx_hal_uart.o [4]
HAL_UART_TxCpltCallback
                         0x800'73bd    0x2  Code  Wk  stm32f4xx_hal_uart.o [4]
HAL_UART_TxHalfCpltCallback
                         0x800'73bf    0x2  Code  Wk  stm32f4xx_hal_uart.o [4]
HEAP$$Base              0x2000'1198          --   Gb  - Linker created -
HEAP$$Limit             0x2000'1398          --   Gb  - Linker created -
HardFault_Handler        0x800'9333    0x2  Code  Gb  stm32f4xx_it.o [2]
I                       0x2000'0cc0    0x8  Data  Gb  main_cpp.o [6]
I2C1_ER_IRQHandler       0x800'96a1         Code  Wk  startup_stm32f411xe.o [3]
I2C1_EV_IRQHandler       0x800'969d         Code  Wk  startup_stm32f411xe.o [3]
I2C2_ER_IRQHandler       0x800'96a9         Code  Wk  startup_stm32f411xe.o [3]
I2C2_EV_IRQHandler       0x800'96a5         Code  Wk  startup_stm32f411xe.o [3]
I2C3_ER_IRQHandler       0x800'96f9         Code  Wk  startup_stm32f411xe.o [3]
I2C3_EV_IRQHandler       0x800'96f5         Code  Wk  startup_stm32f411xe.o [3]
I2C_IsAcknowledgeFailed
                         0x800'29f7   0x38  Code  Lc  stm32f4xx_hal_i2c.o [4]
I2C_RequestMemoryRead    0x800'2591  0x170  Code  Lc  stm32f4xx_hal_i2c.o [4]
I2C_RequestMemoryWrite   0x800'24a5   0xec  Code  Lc  stm32f4xx_hal_i2c.o [4]
I2C_WaitOnBTFFlagUntilTimeout
                         0x800'2919   0x60  Code  Lc  stm32f4xx_hal_i2c.o [4]
I2C_WaitOnFlagUntilTimeout
                         0x800'2701   0xc6  Code  Lc  stm32f4xx_hal_i2c.o [4]
I2C_WaitOnMasterAddressFlagUntilTimeout
                         0x800'27c7   0xf2  Code  Lc  stm32f4xx_hal_i2c.o [4]
I2C_WaitOnRXNEFlagUntilTimeout
                         0x800'297d   0x7a  Code  Lc  stm32f4xx_hal_i2c.o [4]
I2C_WaitOnTXEFlagUntilTimeout
                         0x800'28b9   0x60  Code  Lc  stm32f4xx_hal_i2c.o [4]
I2Cdev::readBits(unsigned char, unsigned char, unsigned char, unsigned char, unsigned char *, unsigned short)
                         0x800'7d8d   0x66  Code  Gb  I2Cdev.o [5]
I2Cdev::readByte(unsigned char, unsigned char, unsigned char *, unsigned short)
                         0x800'7df3   0x22  Code  Gb  I2Cdev.o [5]
I2Cdev::readBytes(unsigned char, unsigned char, unsigned char, unsigned char *, unsigned short)
                         0x800'7e15   0x5c  Code  Gb  I2Cdev.o [5]
I2Cdev::readTimeout     0x2000'0144    0x2  Data  Gb  I2Cdev.o [5]
I2Cdev::readWords(unsigned char, unsigned char, unsigned char, unsigned short *, unsigned short)
                         0x800'7e71   0x88  Code  Gb  I2Cdev.o [5]
I2Cdev::writeBit(unsigned char, unsigned char, unsigned char, unsigned char)
                         0x800'7ef9   0x54  Code  Gb  I2Cdev.o [5]
I2Cdev::writeBits(unsigned char, unsigned char, unsigned char, unsigned char, unsigned char)
                         0x800'7f4d   0x74  Code  Gb  I2Cdev.o [5]
I2Cdev::writeByte(unsigned char, unsigned char, unsigned char)
                         0x800'7fc1   0x18  Code  Gb  I2Cdev.o [5]
I2Cdev::writeBytes(unsigned char, unsigned char, unsigned char, unsigned char *)
                         0x800'7fd9   0x5a  Code  Gb  I2Cdev.o [5]
I2Cdev::writeWords(unsigned char, unsigned char, unsigned char, unsigned short *)
                         0x800'8033   0x8c  Code  Gb  I2Cdev.o [5]
Input_FL                0x2000'0c78    0x8  Data  Gb  main_cpp.o [6]
Input_FR                0x2000'0c88    0x8  Data  Gb  main_cpp.o [6]
Input_RL                0x2000'0c98    0x8  Data  Gb  main_cpp.o [6]
Input_RR                0x2000'0ca8    0x8  Data  Gb  main_cpp.o [6]
MPU6050::CalibrateAccel(unsigned char)
                         0x800'7909   0x78  Code  Gb  MPU6050.o [5]
MPU6050::CalibrateGyro(unsigned char)
                         0x800'784d   0xb8  Code  Gb  MPU6050.o [5]
MPU6050::GetCurrentFIFOPacket(unsigned char *, unsigned char)
                         0x800'751b   0xe0  Code  Gb  MPU6050.o [5]
MPU6050::MPU6050(unsigned char)
                         0x800'7411    0x4  Code  Gb  MPU6050.o [5]
MPU6050::PID(unsigned char, float, float, unsigned char)
                         0x800'799d  0x38e  Code  Gb  MPU6050.o [5]
MPU6050::dmpGetCurrentFIFOPacket(unsigned char *)
                         0x800'6a21   0x16  Code  Gb  data.o [7]
MPU6050::dmpGetGravity(VectorFloat *, Quaternion *)
                         0x800'68a1   0x7e  Code  Gb  data.o [7]
MPU6050::dmpGetGyro(short *, unsigned char const *)
                         0x800'686b   0x30  Code  Gb  data.o [7]
MPU6050::dmpGetQuaternion(Quaternion *, unsigned char const *)
                         0x800'67e5   0x86  Code  Gb  data.o [7]
MPU6050::dmpGetQuaternion(short *, unsigned char const *)
                         0x800'67a9   0x3a  Code  Gb  data.o [7]
MPU6050::dmpGetYawPitchRoll(float *, Quaternion *, VectorFloat *)
                         0x800'6921  0x100  Code  Gb  data.o [7]
MPU6050::dmpInitialize()
                         0x800'6653  0x156  Code  Gb  data.o [7]
MPU6050::getDeviceID()   0x800'75fb   0x20  Code  Gb  MPU6050.o [5]
MPU6050::getFIFOBytes(unsigned char *, unsigned char)
                         0x800'74ed   0x2e  Code  Gb  MPU6050.o [5]
MPU6050::getFIFOCount()
                         0x800'74c9   0x24  Code  Gb  MPU6050.o [5]
MPU6050::initialize()    0x800'7415   0x26  Code  Gb  MPU6050.o [5]
MPU6050::resetDMP()      0x800'7631   0x12  Code  Gb  MPU6050.o [5]
MPU6050::resetFIFO()     0x800'7487   0x12  Code  Gb  MPU6050.o [5]
MPU6050::setClockSource(unsigned char)
                         0x800'74af   0x1a  Code  Gb  MPU6050.o [5]
MPU6050::setDMPEnabled(bool)
                         0x800'761b   0x16  Code  Gb  MPU6050.o [5]
MPU6050::setFullScaleAccelRange(unsigned char)
                         0x800'746d   0x1a  Code  Gb  MPU6050.o [5]
MPU6050::setFullScaleGyroRange(unsigned char)
                         0x800'7453   0x1a  Code  Gb  MPU6050.o [5]
MPU6050::setMemoryBank(unsigned char, bool, bool)
                         0x800'7643   0x34  Code  Gb  MPU6050.o [5]
MPU6050::setMemoryStartAddress(unsigned char)
                         0x800'7677   0x14  Code  Gb  MPU6050.o [5]
MPU6050::setSleepEnabled(bool)
                         0x800'7499   0x16  Code  Gb  MPU6050.o [5]
MPU6050::testConnection()
                         0x800'743b   0x18  Code  Gb  MPU6050.o [5]
MPU6050::writeMemoryBlock(unsigned char const *, unsigned short, unsigned char, unsigned char, bool, bool)
                         0x800'768b  0x196  Code  Gb  MPU6050.o [5]
MPU6050::writeProgMemoryBlock(unsigned char const *, unsigned short, unsigned char, unsigned char, bool)
                         0x800'7821   0x2c  Code  Gb  MPU6050.o [5]
MX_DMA_Init              0x800'32a1   0x40  Code  Gb  dma.o [2]
MX_GPIO_Init             0x800'316d  0x134  Code  Gb  gpio.o [2]
MX_I2C1_Init             0x800'2a31   0x38  Code  Gb  i2c.o [2]
MX_TIM10_Init            0x800'35ad   0x2c  Code  Gb  tim.o [2]
MX_TIM1_Init             0x800'32e1   0x86  Code  Gb  tim.o [2]
MX_TIM2_Init             0x800'3367   0x82  Code  Gb  tim.o [2]
MX_TIM3_Init             0x800'33e9   0x82  Code  Gb  tim.o [2]
MX_TIM4_Init             0x800'346b   0x82  Code  Gb  tim.o [2]
MX_TIM5_Init             0x800'34ed   0xc0  Code  Gb  tim.o [2]
MX_USART6_UART_Init      0x800'383d   0x34  Code  Gb  usart.o [2]
MemManage_Handler        0x800'9335    0x2  Code  Gb  stm32f4xx_it.o [2]
MotorControl::control(unsigned short, MotorDir)
                         0x800'64d9   0x42  Code  Gb  MotorControl.o [7]
MotorControl::init(TIM_HandleTypeDef *, unsigned int, GPIO_TypeDef *, unsigned short)
                         0x800'645d   0x7c  Code  Gb  MotorControl.o [7]
MotorControl::stop()     0x800'651b    0x8  Code  Gb  MotorControl.o [7]
MotorCtr_FL             0x2000'0b84   0x28  Data  Gb  MotorControl.o [7]
MotorCtr_FR             0x2000'0bac   0x28  Data  Gb  MotorControl.o [7]
MotorCtr_RL             0x2000'0bd4   0x28  Data  Gb  MotorControl.o [7]
MotorCtr_RR             0x2000'0bfc   0x28  Data  Gb  MotorControl.o [7]
NMI_Handler              0x800'9331    0x2  Code  Gb  stm32f4xx_it.o [2]
NVIC_EncodePriority      0x800'440d   0x40  Code  Lc  stm32f4xx_hal_cortex.o [4]
OTG_FS_IRQHandler        0x800'96e9         Code  Wk  startup_stm32f411xe.o [3]
OTG_FS_WKUP_IRQHandler   0x800'96c5         Code  Wk  startup_stm32f411xe.o [3]
Output_FL               0x2000'0c80    0x8  Data  Gb  main_cpp.o [6]
Output_FR               0x2000'0c90    0x8  Data  Gb  main_cpp.o [6]
Output_RL               0x2000'0ca0    0x8  Data  Gb  main_cpp.o [6]
Output_RR               0x2000'0cb0    0x8  Data  Gb  main_cpp.o [6]
P                       0x2000'0cb8    0x8  Data  Gb  main_cpp.o [6]
PID::Compute(unsigned int)
                         0x800'5f91  0x194  Code  Gb  PID_v1.o [7]
PID::Initialize()        0x800'6375   0x48  Code  Gb  PID_v1.o [7]
PID::PID(double *, double *, double *, double, double, double, int, int)
                         0x800'5f0d   0x84  Code  Gb  PID_v1.o [7]
PID::SetControllerDirection(int)
                         0x800'63bd   0x3a  Code  Gb  PID_v1.o [7]
PID::SetMode(int)        0x800'6349   0x2c  Code  Gb  PID_v1.o [7]
PID::SetOutputLimits(double, double)
                         0x800'62a9   0xa0  Code  Gb  PID_v1.o [7]
PID::SetSampleTime(int)
                         0x800'6253   0x56  Code  Gb  PID_v1.o [7]
PID::SetTunings(double, double, double)
                         0x800'620d   0x46  Code  Gb  PID_v1.o [7]
PID::SetTunings(double, double, double, int)
                         0x800'6125   0xd0  Code  Gb  PID_v1.o [7]
PID_FL                  0x2000'05c8   0x78  Data  Gb  main_cpp.o [6]
PID_FR                  0x2000'0640   0x78  Data  Gb  main_cpp.o [6]
PID_Loop()               0x800'3b1d  0x22e  Code  Gb  main_cpp.o [6]
PID_Loop()::last_vel_calc_time
                        0x2000'0d4c    0x4  Data  Lc  main_cpp.o [6]
PID_Loop(){1}::raw_delta_FL
                        0x2000'0d54    0x4  Data  Lc  main_cpp.o [6]
PID_Loop(){1}::raw_delta_FR
                        0x2000'0d5c    0x4  Data  Lc  main_cpp.o [6]
PID_Loop(){1}::raw_delta_RL
                        0x2000'0d64    0x4  Data  Lc  main_cpp.o [6]
PID_Loop(){1}::raw_delta_RR
                        0x2000'0d6c    0x4  Data  Lc  main_cpp.o [6]
PID_Loop(){1}::xungQK_FL
                        0x2000'0d50    0x4  Data  Lc  main_cpp.o [6]
PID_Loop(){1}::xungQK_FR
                        0x2000'0d58    0x4  Data  Lc  main_cpp.o [6]
PID_Loop(){1}::xungQK_RL
                        0x2000'0d60    0x4  Data  Lc  main_cpp.o [6]
PID_Loop(){1}::xungQK_RR
                        0x2000'0d68    0x4  Data  Lc  main_cpp.o [6]
PID_RL                  0x2000'06b8   0x78  Data  Gb  main_cpp.o [6]
PID_RR                  0x2000'0730   0x78  Data  Gb  main_cpp.o [6]
PID_setup()              0x800'3a31   0x8c  Code  Gb  main_cpp.o [6]
PVD_IRQHandler           0x800'963d         Code  Wk  startup_stm32f411xe.o [3]
Parse_Robot_Command_Float(char const *)
                         0x800'6f09  0x3ae  Code  Gb  input_output.o [7]
PendSV_Handler           0x800'933f    0x2  Code  Gb  stm32f4xx_it.o [2]
PinConfig_Out::high() const
                         0x800'7409    0x8  Code  Wk  MotorControl.o [7]
PinConfig_Out::init(GPIO_TypeDef *, unsigned short)
                         0x800'73e5   0x1a  Code  Wk  MotorControl.o [7]
PinConfig_Out::low() const
                         0x800'73ff    0xa  Code  Wk  MotorControl.o [7]
Quaternion::Quaternion()
                         0x800'7d69   0x14  Code  Wk  data.o [7]
RCC_IRQHandler           0x800'964d         Code  Wk  startup_stm32f411xe.o [3]
RTC_Alarm_IRQHandler     0x800'96c1         Code  Wk  startup_stm32f411xe.o [3]
RTC_WKUP_IRQHandler      0x800'9645         Code  Wk  startup_stm32f411xe.o [3]
Region$$Table$$Base      0x800'9520          --   Gb  - Linker created -
Region$$Table$$Limit     0x800'9544          --   Gb  - Linker created -
Reset_Handler            0x800'95f5         Code  Wk  startup_stm32f411xe.o [3]
RingBuffer_GetHead       0x800'6523   0x12  Code  Lc  uart_ring_buffer.o [7]
RingBuffer_Init          0x800'6535   0x20  Code  Gb  uart_ring_buffer.o [7]
RingBuffer_ReadUntil     0x800'6555   0xde  Code  Gb  uart_ring_buffer.o [7]
SDIO_IRQHandler          0x800'96cd         Code  Wk  startup_stm32f411xe.o [3]
SHT$$INIT_ARRAY$$Base    0x800'9630          --   Gb  - Linker created -
SHT$$INIT_ARRAY$$Limit   0x800'9638          --   Gb  - Linker created -
SHT$$PREINIT_ARRAY$$Base
                         0x800'9630          --   Gb  - Linker created -
SHT$$PREINIT_ARRAY$$Limit
                         0x800'9630          --   Gb  - Linker created -
SPI1_IRQHandler          0x800'96ad         Code  Wk  startup_stm32f411xe.o [3]
SPI2_IRQHandler          0x800'96b1         Code  Wk  startup_stm32f411xe.o [3]
SPI3_IRQHandler          0x800'96d5         Code  Wk  startup_stm32f411xe.o [3]
SPI4_IRQHandler          0x800'9701         Code  Wk  startup_stm32f411xe.o [3]
SPI5_IRQHandler          0x800'9705         Code  Wk  startup_stm32f411xe.o [3]
SVC_Handler              0x800'933b    0x2  Code  Gb  stm32f4xx_it.o [2]
SysTick_Config           0x800'444d   0x30  Code  Lc  stm32f4xx_hal_cortex.o [4]
SysTick_Handler          0x800'9341    0x8  Code  Gb  stm32f4xx_it.o [2]
SystemClock_Config       0x800'2cc1   0xa4  Code  Gb  main.o [2]
SystemCoreClock         0x2000'00b4    0x4  Data  Gb  system_stm32f4xx.o [1]
SystemInit               0x800'9605    0xc  Code  Gb  system_stm32f4xx.o [1]
TAMP_STAMP_IRQHandler    0x800'9641         Code  Wk  startup_stm32f411xe.o [3]
TIM1_BRK_TIM9_IRQHandler
                         0x800'9685         Code  Wk  startup_stm32f411xe.o [3]
TIM1_CC_IRQHandler       0x800'968d         Code  Wk  startup_stm32f411xe.o [3]
TIM1_TRG_COM_TIM11_IRQHandler
                         0x800'9689         Code  Wk  startup_stm32f411xe.o [3]
TIM1_UP_TIM10_IRQHandler
                         0x800'9353   0x10  Code  Gb  stm32f4xx_it.o [2]
TIM2_IRQHandler          0x800'9691         Code  Wk  startup_stm32f411xe.o [3]
TIM3_IRQHandler          0x800'9695         Code  Wk  startup_stm32f411xe.o [3]
TIM4_IRQHandler          0x800'9699         Code  Wk  startup_stm32f411xe.o [3]
TIM5_IRQHandler          0x800'96d1         Code  Wk  startup_stm32f411xe.o [3]
TIM_Base_SetConfig       0x800'4a29   0x90  Code  Gb  stm32f4xx_hal_tim.o [4]
TIM_CCxChannelCmd        0x800'4d59   0x22  Code  Gb  stm32f4xx_hal_tim.o [4]
TIM_ETR_SetConfig        0x800'4d43   0x16  Code  Gb  stm32f4xx_hal_tim.o [4]
TIM_OC1_SetConfig        0x800'4ab9   0x5a  Code  Lc  stm32f4xx_hal_tim.o [4]
TIM_OC2_SetConfig        0x800'4b13   0x62  Code  Gb  stm32f4xx_hal_tim.o [4]
TIM_OC3_SetConfig        0x800'4b77   0x60  Code  Lc  stm32f4xx_hal_tim.o [4]
TIM_OC4_SetConfig        0x800'4bd7   0x46  Code  Lc  stm32f4xx_hal_tim.o [4]
TIM_SlaveTimer_SetConfig
                         0x800'4c1f   0xbc  Code  Lc  stm32f4xx_hal_tim.o [4]
TIM_TI1_ConfigInputStage
                         0x800'4cf9   0x24  Code  Lc  stm32f4xx_hal_tim.o [4]
TIM_TI2_ConfigInputStage
                         0x800'4d1d   0x26  Code  Lc  stm32f4xx_hal_tim.o [4]
UART_DMAAbortOnError     0x800'552d   0x12  Code  Lc  stm32f4xx_hal_uart.o [4]
UART_DMAError            0x800'5381   0x58  Code  Lc  stm32f4xx_hal_uart.o [4]
UART_DMAReceiveCplt      0x800'52b1   0xaa  Code  Lc  stm32f4xx_hal_uart.o [4]
UART_DMARxHalfCplt       0x800'535b   0x26  Code  Lc  stm32f4xx_hal_uart.o [4]
UART_DMATransmitCplt     0x800'524f   0x54  Code  Lc  stm32f4xx_hal_uart.o [4]
UART_DMATxHalfCplt       0x800'52a3    0xe  Code  Lc  stm32f4xx_hal_uart.o [4]
UART_EndRxTransfer       0x800'54c5   0x66  Code  Lc  stm32f4xx_hal_uart.o [4]
UART_EndTransmit_IT      0x800'55a7   0x20  Code  Lc  stm32f4xx_hal_uart.o [4]
UART_EndTxTransfer       0x800'54a1   0x24  Code  Lc  stm32f4xx_hal_uart.o [4]
UART_Receive_IT          0x800'55c7   0xfa  Code  Lc  stm32f4xx_hal_uart.o [4]
UART_SetConfig           0x800'56c1  0x2ee  Code  Lc  stm32f4xx_hal_uart.o [4]
UART_Start_Receive_DMA   0x800'53d9   0xc8  Code  Gb  stm32f4xx_hal_uart.o [4]
UART_Transmit_IT         0x800'5541   0x66  Code  Lc  stm32f4xx_hal_uart.o [4]
USART1_IRQHandler        0x800'96b5         Code  Wk  startup_stm32f411xe.o [3]
USART2_IRQHandler        0x800'96b9         Code  Wk  startup_stm32f411xe.o [3]
USART6_IRQHandler        0x800'9377    0xa  Code  Gb  stm32f4xx_it.o [2]
UsageFault_Handler       0x800'9339    0x2  Code  Gb  stm32f4xx_it.o [2]
VectorFloat::VectorFloat()
                         0x800'7d7d    0xe  Code  Wk  data.o [7]
WWDG_IRQHandler          0x800'9639         Code  Wk  startup_stm32f411xe.o [3]
_LC                      0x800'0199    0x6  Code  Lc  xprintffull_nomb.o [8]
_LitobFullNoMb           0x800'0e85  0x114  Code  Lc  xprintffull_nomb.o [8]
_Locale_lconv           0x2000'00b8   0x38  Data  Lc  xlocale_c.o [8]
_PrintfFullNoMb          0x800'019f  0xcb8  Code  Gb  xprintffull_nomb.o [8]
_Prout                   0x800'95bb   0x16  Code  Gb  xprout.o [8]
_PutcharsFullNoMb        0x800'0ff1   0x2e  Code  Lc  xprintffull_nomb.o [8]
_SNProut                 0x800'10b7   0x1a  Code  Gb  xsnprout.o [8]
__NVIC_EnableIRQ         0x800'43c1   0x20  Code  Lc  stm32f4xx_hal_cortex.o [4]
__NVIC_GetPriorityGrouping
                         0x800'43b3    0xc  Code  Lc  stm32f4xx_hal_cortex.o [4]
__NVIC_SetPriority       0x800'43e1   0x2c  Code  Lc  stm32f4xx_hal_cortex.o [4]
__NVIC_SetPriorityGrouping
                         0x800'4391   0x22  Code  Lc  stm32f4xx_hal_cortex.o [4]
__aeabi_cdcmpeq          0x800'73c5         Code  Gb  DblCmpEq.o [9]
__aeabi_cdcmple          0x800'12b9         Code  Gb  DblCmpLe.o [9]
__aeabi_cdrcmple         0x800'12ed         Code  Gb  DblCmpGe.o [9]
__aeabi_d2f              0x800'81c5         Code  Gb  DblToFlt.o [9]
__aeabi_d2iz             0x800'145d         Code  Gb  DblToS32.o [9]
__aeabi_d2uiz            0x800'1961         Code  Gb  DblToU32.o [9]
__aeabi_dadd             0x800'14b9         Code  Gb  DblAddSub.o [9]
__aeabi_ddiv             0x800'1719         Code  Gb  DblDiv.o [9]
__aeabi_dmul             0x800'19a1         Code  Gb  DblMul.o [9]
__aeabi_dsub             0x800'1635         Code  Gb  DblAddSub.o [9]
__aeabi_f2d              0x800'817d         Code  Gb  FltToDbl.o [9]
__aeabi_i2d              0x800'1495         Code  Gb  S32ToDbl.o [9]
__aeabi_ldiv0            0x800'1d8d         Code  Gb  I64DivZer.o [10]
__aeabi_memcpy           0x800'11a1         Code  Gb  ABImemcpy.o [10]
__aeabi_memcpy4          0x800'11c1         Code  Gb  ABImemcpy.o [10]
__aeabi_memcpy8          0x800'11c1         Code  Gb  ABImemcpy.o [10]
__aeabi_memset           0x800'2d71         Code  Gb  ABImemset.o [10]
__aeabi_ui2d             0x800'1985         Code  Gb  U32ToDbl.o [9]
__aeabi_uldivmod         0x800'1b55         Code  Gb  I64DivMod.o [10]
__basic_free             0x800'8529   0x16  Code  Gb  heap0.o [8]
__basic_free_intern      0x800'853f   0x74  Code  Lc  heap0.o [8]
__basic_malloc           0x800'847d   0x18  Code  Gb  heap0.o [8]
__basic_malloc_intern    0x800'8495   0x94  Code  Lc  heap0.o [8]
__call_ctors             0x800'9585   0x18  Code  Gb  cppinit.o [8]
__cmain                  0x800'94e5         Code  Gb  cmain.o [10]
__data_GetMemChunk       0x800'870d   0x2c  Code  Gb  xgetmemchunk.o [8]
__data_GetMemChunk::start
                        0x2000'0d90    0x4  Data  Lc  xgetmemchunk.o [8]
__dwrite                 0x800'9401   0x1e  Code  Gb  dwrite.o [11]
__exit                   0x800'1d91   0x14  Code  Gb  exit.o [11]
__iar_Fail_s             0x800'10d1   0x1c  Code  Gb  xfail_s.o [8]
__iar_Memchr             0x800'1149         Code  Gb  memchr.o [10]
__iar_Memset             0x800'2d71         Code  Gb  ABImemset.o [10]
__iar_Memset_word        0x800'2d79         Code  Gb  ABImemset.o [10]
__iar_Sin32              0x800'8265  0x18c  Code  Lc  cos_sin32.o [9]
__iar_Stdout            0x2000'00f0   0x4c  Data  Gb  xfiles.o [8]
__iar_Strchr             0x800'10a1         Code  Gb  strchr.o [10]
__iar_atan2_32           0x800'80f1         Code  Gb  atan2f.o [9]
__iar_close_ttio         0x800'1da5   0x2c  Code  Gb  iarttio.o [11]
__iar_cos32              0x800'8431    0x4  Code  Gb  cos_sin32.o [9]
__iar_cos_medium32       0x800'8431    0x4  Code  Gb  cos_sin32.o [9]
__iar_cos_mediumf        0x800'8431    0x4  Code  Gb  cos_sin32.o [9]
__iar_cstart_call_ctors
                         0x800'9565   0x20  Code  Gb  cmain_call_ctors.o [10]
__iar_data_init3         0x800'9499   0x28  Code  Gb  data_init.o [10]
__iar_debug_exceptions   0x800'1246    0x1  Data  Gb  unwind_debug.o [11]
__iar_frexp              0x800'1255         Code  Gb  frexp.o [9]
__iar_frexpl             0x800'1255         Code  Gb  frexp.o [9]
__iar_get_ttio           0x800'1dd1   0x4c  Code  Gb  iarttio.o [11]
__iar_init_vfp           0x800'94c1         Code  Gb  fpinit_M.o [9]
__iar_ldexp64            0x800'1321         Code  Gb  ldexp.o [9]
__iar_lookup_ttioh       0x800'1e21    0x8  Code  Gb  XShttio.o [8]
__iar_packbits_init_single3
                         0x800'1067   0x3a  Code  Gb  packbits_init_single.o [10]
__iar_program_start      0x800'959d         Code  Gb  cstartup_M.o [10]
__iar_round32            0x800'823d         Code  Gb  roundf.o [9]
__iar_round64            0x800'6409         Code  Gb  round.o [9]
__iar_scalbln64          0x800'1321         Code  Gb  ldexp.o [9]
__iar_scalbn64           0x800'1321         Code  Gb  ldexp.o [9]
__iar_sh_stdout          0x800'941f   0x20  Code  Gb  iarwstd.o [11]
__iar_sh_write           0x800'943f   0x22  Code  Gb  iarwrite.o [11]
__iar_sin32              0x800'8435    0x4  Code  Gb  cos_sin32.o [9]
__iar_sin_medium32       0x800'8435    0x4  Code  Gb  cos_sin32.o [9]
__iar_sin_mediumf        0x800'8435    0x4  Code  Gb  cos_sin32.o [9]
__iar_softfp___iar_frexp64
                         0x800'1249         Code  Gb  frexp.o [9]
__iar_softfp_frexp       0x800'1249         Code  Gb  frexp.o [9]
__iar_softfp_frexpl      0x800'1249         Code  Gb  frexp.o [9]
__iar_sqrt32             0x800'815d         Code  Gb  sqrtf.o [9]
__iar_tls$$INIT_ARRAY$$Base
                         0x800'9638          --   Gb  - Linker created -
__iar_tls$$INIT_ARRAY$$Limit
                         0x800'9638          --   Gb  - Linker created -
__iar_ttio_handles      0x2000'013c    0x8  Data  Lc  XShttio.o [8]
__iar_vfp___iar_round32
                         0x800'822d         Code  Gb  roundf.o [9]
__iar_vfp___iar_round64
                         0x800'63f9         Code  Gb  round.o [9]
__iar_vfp_round          0x800'63f9         Code  Gb  round.o [9]
__iar_vfp_roundf         0x800'822d         Code  Gb  roundf.o [9]
__iar_vfp_roundl         0x800'63f9         Code  Gb  round.o [9]
__iar_xatanf             0x800'8669         Code  Gb  xatanf.o [9]
__iar_zero_init3         0x800'9461   0x38  Code  Gb  zero_init3.o [10]
__low_level_init         0x800'9507    0x4  Code  Gb  low_level_init.o [8]
__sti__routine           0x800'6635   0x1e  Code  Lc  data.o [7]
__sti__routine           0x800'3989   0xa8  Code  Lc  main_cpp.o [6]
__vector_table           0x800'0000         Data  Gb  startup_stm32f411xe.o [3]
__write                  0x800'93f1   0x10  Code  Gb  write.o [11]
_call_main               0x800'94f1         Code  Gb  cmain.o [10]
_exit                    0x800'9511         Code  Gb  cexit.o [10]
_exit_2                  0x800'9515         Code  Gb  cexit_2.o [10]
abort                    0x800'1d85    0x6  Code  Gb  abort.o [8]
atan2f                   0x800'80f1         Code  Gb  atan2f.o [9]
cosf                     0x800'8431    0x4  Code  Gb  cos_sin32.o [9]
debug_guiDuLieu()        0x800'72c1   0x94  Code  Gb  input_output.o [7]
debug_guiDuLieu()::doDaiGoiTin
                        0x2000'0d48    0x4  Data  Lc  input_output.o [7]
delta_sx                0x2000'0cf4    0x4  Data  Gb  data.o [7]
delta_sy                0x2000'0cf8    0x4  Data  Gb  data.o [7]
dma_rx_buffer           0x2000'0148  0x400  Data  Gb  main_cpp.o [6]
dmpMemory                0x800'8738  0xbf8  Data  Lc  data.o [7]
doubleToPWM(double)      0x800'3add   0x40  Code  Gb  main_cpp.o [6]
exit                     0x800'950b    0x4  Code  Gb  exit.o [8]
fifoBuffer              0x2000'0b04   0x40  Data  Gb  data.o [7]
free                     0x800'8621    0x4  Code  Gb  heaptramp0.o [8]
gravity                 0x2000'0c4c    0xc  Data  Gb  data.o [7]
hdma_usart6_rx          0x2000'0808   0x60  Data  Gb  usart.o [2]
hdma_usart6_tx          0x2000'07a8   0x60  Data  Gb  usart.o [2]
hi2c1                   0x2000'0868   0x54  Data  Gb  i2c.o [2]
htim1                   0x2000'090c   0x48  Data  Gb  tim.o [2]
htim10                  0x2000'0a74   0x48  Data  Gb  tim.o [2]
htim2                   0x2000'0954   0x48  Data  Gb  tim.o [2]
htim3                   0x2000'099c   0x48  Data  Gb  tim.o [2]
htim4                   0x2000'09e4   0x48  Data  Gb  tim.o [2]
htim5                   0x2000'0a2c   0x48  Data  Gb  tim.o [2]
huart6                  0x2000'0abc   0x48  Data  Gb  usart.o [2]
isDMPNewData            0x2000'0d95    0x1  Data  Gb  data.o [7]
isDMPReady              0x2000'0d94    0x1  Data  Gb  data.o [7]
isTuning                0x2000'0d96    0x1  Data  Gb  main_cpp.o [6]
khoiTaoEncoder()         0x800'3d6f   0x1c  Code  Gb  main_cpp.o [6]
khoiTaoMPU()             0x800'6a37   0x42  Code  Gb  data.o [7]
khoiTaoMotor()           0x800'3d95   0x50  Code  Gb  main_cpp.o [6]
khoiTaoSerial()          0x800'3de5   0x12  Code  Gb  main_cpp.o [6]
ldexp                    0x800'1321         Code  Gb  ldexp.o [9]
ldexpl                   0x800'1321         Code  Gb  ldexp.o [9]
line                    0x2000'0b44   0x40  Data  Gb  main_cpp.o [6]
localeconv               0x800'1b4d    0x4  Code  Gb  xlocale_c.o [8]
loopCount               0x2000'0d80    0x4  Data  Gb  main_cpp.o [6]
main                     0x800'2c89   0x38  Code  Gb  main.o [2]
main_cpp                 0x800'3df7   0xd0  Code  Gb  main_cpp.o [6]
main_cpp{1}{4}::time    0x2000'0d84    0x4  Data  Lc  main_cpp.o [6]
mapArduino(float, float, float, float, float)
                         0x800'8625   0x1a  Code  Gb  ArduinoWrapper.o [5]
max_pulse               0x2000'00a8    0x4  Data  Gb  input_output.o [7]
memchr                   0x800'1149         Code  Gb  memchr.o [10]
memcmp                   0x800'85b9         Code  Gb  memcmp.o [10]
mpu                     0x2000'0c24   0x18  Data  Gb  data.o [7]
mpu_theta_ypr_rad       0x2000'0c58    0xc  Data  Gb  data.o [7]
mpu_w_gyro_raw          0x2000'0c70    0x8  Data  Gb  data.o [7]
nhayLed()                0x800'6ef9   0x10  Code  Gb  led_main.o [6]
obuf                    0x2000'08bc   0x50  Data  Lc  xfiles.o [8]
odom_delta_xx           0x2000'0cfc    0x4  Data  Gb  data.o [7]
odom_delta_xy           0x2000'0d00    0x4  Data  Gb  data.o [7]
odom_delta_yx           0x2000'0d04    0x4  Data  Gb  data.o [7]
odom_delta_yy           0x2000'0d08    0x4  Data  Gb  data.o [7]
odom_theta_deg          0x2000'0ce4    0x4  Data  Gb  data.o [7]
odom_theta_rad          0x2000'0ce0    0x4  Data  Gb  data.o [7]
odom_vx                 0x2000'0ce8    0x4  Data  Gb  data.o [7]
odom_vy                 0x2000'0cec    0x4  Data  Gb  data.o [7]
odom_w_rad              0x2000'0cf0    0x4  Data  Gb  data.o [7]
odom_x                  0x2000'0cd8    0x4  Data  Gb  data.o [7]
odom_y                  0x2000'0cdc    0x4  Data  Gb  data.o [7]
printf                   0x800'8641   0x28  Code  Gb  printf.o [8]
putchar                  0x800'93ad   0x44  Code  Gb  putchar.o [8]
quaternion              0x2000'0c3c   0x10  Data  Gb  data.o [7]
robot                   0x2000'0000   0xa8  Data  Gb  MotorControl.o [7]
robot_theta             0x2000'0d44    0x4  Data  Gb  input_output.o [7]
robot_vx                0x2000'0d3c    0x4  Data  Gb  input_output.o [7]
robot_vy                0x2000'0d40    0x4  Data  Gb  input_output.o [7]
ros2_uart               0x2000'0c64    0xc  Data  Gb  main_cpp.o [6]
round                    0x800'6409         Code  Gb  round.o [9]
roundf                   0x800'823d         Code  Gb  roundf.o [9]
roundl                   0x800'6409         Code  Gb  round.o [9]
scalbln                  0x800'1321         Code  Gb  ldexp.o [9]
scalblnl                 0x800'1321         Code  Gb  ldexp.o [9]
scalbn                   0x800'1321         Code  Gb  ldexp.o [9]
scalbnl                  0x800'1321         Code  Gb  ldexp.o [9]
scale                    0x800'0f99   0x46  Code  Lc  xprintffull_nomb.o [8]
sec_hand                0x2000'0d8c    0x4  Data  Lc  xfail_s.o [8]
sinf                     0x800'8435    0x4  Code  Gb  cos_sin32.o [9]
snprintf                 0x800'8439   0x44  Code  Gb  snprintf.o [8]
sqrtf                    0x800'815d         Code  Gb  sqrtf.o [9]
strchr                   0x800'10a1         Code  Gb  strchr.o [10]
strlen                   0x800'1111         Code  Gb  strlen.o [10]
testTimer               0x2000'0d70    0x4  Data  Gb  main_cpp.o [6]
testTimerMain           0x2000'0d7c    0x4  Data  Gb  main_cpp.o [6]
tgGuiDuLieuPiCu         0x2000'0d28    0x4  Data  Gb  input_output.o [7]
tgNhanDuLieuCu          0x2000'0d24    0x4  Data  Gb  input_output.o [7]
tgTinhOdomCu            0x2000'0d0c    0x4  Data  Gb  data.o [7]
timeMain                0x2000'0d78    0x4  Data  Gb  main_cpp.o [6]
timeloop                0x2000'00ac    0x4  Data  Gb  main_cpp.o [6]
timerCount              0x2000'0d74    0x4  Data  Gb  main_cpp.o [6]
tinhOdom()               0x800'6e21   0x48  Code  Gb  data.o [7]
tinhThongSoGoc()         0x800'6ca9   0xa6  Code  Gb  data.o [7]
tinhThongSoGoc(){1}::odom_theta_deg_int
                        0x2000'0d20    0x4  Data  Lc  data.o [7]
tinhToaDo(float)         0x800'6d59   0xc6  Code  Gb  data.o [7]
tinhVanToc(float)        0x800'6a7d  0x226  Code  Gb  data.o [7]
tinhVanToc(float)::xungQK_FL
                        0x2000'0d1c    0x4  Data  Lc  data.o [7]
tinhVanToc(float)::xungQK_FR
                        0x2000'0d10    0x4  Data  Lc  data.o [7]
tinhVanToc(float)::xungQK_RL
                        0x2000'0d14    0x4  Data  Lc  data.o [7]
tinhVanToc(float)::xungQK_RR
                        0x2000'0d18    0x4  Data  Lc  data.o [7]
tuningPID()              0x800'3d4b   0x24  Code  Gb  main_cpp.o [6]
txBuffer                0x2000'0548   0x80  Data  Gb  input_output.o [7]
uwTick                  0x2000'0d88    0x4  Data  Gb  stm32f4xx_hal.o [4]
uwTickFreq              0x2000'0146    0x1  Data  Gb  stm32f4xx_hal.o [4]
uwTickPrio              0x2000'00b0    0x4  Data  Gb  stm32f4xx_hal.o [4]
v_fl                    0x2000'0d2c    0x4  Data  Gb  input_output.o [7]
v_fr                    0x2000'0d30    0x4  Data  Gb  input_output.o [7]
v_rl                    0x2000'0d34    0x4  Data  Gb  input_output.o [7]
v_rr                    0x2000'0d38    0x4  Data  Gb  input_output.o [7]


[1] = G:\internship\DO_AN\robot_omni\EWARM\ENCODER_1_KENH_1\Obj\CMSIS_6603591812247902717.dir
[2] = G:\internship\DO_AN\robot_omni\EWARM\ENCODER_1_KENH_1\Obj\Core_13247989168731456611.dir
[3] = G:\internship\DO_AN\robot_omni\EWARM\ENCODER_1_KENH_1\Obj\EWARM_18443280873093131863.dir
[4] = G:\internship\DO_AN\robot_omni\EWARM\ENCODER_1_KENH_1\Obj\STM32F4xx_HAL_Driver_1244631019742807970.dir
[5] = G:\internship\DO_AN\robot_omni\EWARM\ENCODER_1_KENH_1\Obj\Src_10572706617924158656.dir
[6] = G:\internship\DO_AN\robot_omni\EWARM\ENCODER_1_KENH_1\Obj\Src_4229662168563015991.dir
[7] = G:\internship\DO_AN\robot_omni\EWARM\ENCODER_1_KENH_1\Obj\Src_8308038492197328671.dir
[8] = dl7M_tlf.a
[9] = m7M_tls.a
[10] = rt7M_tl.a
[11] = shb_l.a

  35'454 bytes of readonly  code memory
   3'330 bytes of readonly  data memory
   5'014 bytes of readwrite data memory

Errors: none
Warnings: none
